jax 0.11.0, backend gpu, device NVIDIA A100-SXM4-80GB
L=32 (16,16), U=4.0
MPO site   0 / 32 .. D = 6
MPO site   1 / 32 .. D = 6
MPO site   2 / 32 .. D = 6
MPO site   3 / 32 .. D = 6
MPO site   4 / 32 .. D = 6
MPO site   5 / 32 .. D = 6
MPO site   6 / 32 .. D = 6
MPO site   7 / 32 .. D = 6
MPO site   8 / 32 .. D = 6
MPO site   9 / 32 .. D = 6
MPO site  10 / 32 .. D = 6
MPO site  11 / 32 .. D = 6
MPO site  12 / 32 .. D = 6
MPO site  13 / 32 .. D = 6
MPO site  14 / 32 .. D = 6
MPO site  15 / 32 .. D = 6
MPO site  16 / 32 .. D = 6
MPO site  17 / 32 .. D = 6
MPO site  18 / 32 .. D = 6
MPO site  19 / 32 .. D = 6
MPO site  20 / 32 .. D = 6
MPO site  21 / 32 .. D = 6
MPO site  22 / 32 .. D = 6
MPO site  23 / 32 .. D = 6
MPO site  24 / 32 .. D = 6
MPO site  25 / 32 .. D = 6
MPO site  26 / 32 .. D = 6
MPO site  27 / 32 .. D = 6
MPO site  28 / 32 .. D = 6
MPO site  29 / 32 .. D = 6
MPO site  30 / 32 .. D = 6
MPO site  31 / 32 .. D = 1
DMRG Davidson energy=-17.852400823832; dense-MPS expectation=-17.847729809103
trial bonds: [1, 4, 8, 8, 8, 8, 8, 8, 8, 8, 8, 8, 8, 8, 8, 8, 8, 8, 8, 8, 8, 8, 8, 8, 8, 8, 8, 8, 8, 8, 8, 4, 1]
H|trial> compressed bonds: [1, 4, 16, 38, 38, 38, 38, 38, 38, 38, 35, 35, 35, 35, 35, 35, 35, 35, 35, 35, 35, 35, 35, 38, 38, 38, 38, 38, 38, 38, 16, 4, 1]
trial natural orbitals: alpha gap n_N - n_N+1 = 0.503
plan reference: natural determinant; gates 135, 135
walkers start from the natural determinant, E=-9.707584378209; orbital-plan infidelity 7.2e-10, 7.2e-10
walker truncation reference discarded weights: 2.671e-04, 2.671e-04
walker bonds: [1, 4, 16, 16, 16, 16, 16, 16, 16, 16, 16, 16, 16, 16, 16, 16, 16, 16, 16, 16, 16, 16, 16, 16, 16, 16, 16, 16, 16, 16, 16, 4, 1]
overlap environment entries: {'dense': 3746, 'exact_blocks': 532, 'padded_blocks': 1570, 'transitions': 552} dense/padded=2.39x
[eql   20/260]  E_chunk -17.9523681066  W 1.995638e+02  nodes          0  t    280.8 s
[eql   40/260]  E_chunk -17.9530791501  W 2.002704e+02  nodes          0  t    304.4 s
[eql   60/260]  E_chunk -17.9628010190  W 2.005430e+02  nodes          0  t    327.9 s
[blk   80/260]  E_chunk -17.9578682433  W 2.004074e+02  nodes          0  t    351.5 s
[blk  100/260]  E_chunk -17.9571469597  W 2.001627e+02  nodes          0  t    375.0 s
[blk  120/260]  E_chunk -17.9477350189  W 2.002804e+02  nodes          0  t    398.5 s
[blk  140/260]  E_chunk -17.9546827775  W 2.003743e+02  nodes          0  t    422.1 s
[blk  160/260]  E_chunk -17.9585063098  W 2.002938e+02  nodes          0  t    445.6 s
[blk  180/260]  E_chunk -17.9533418259  W 2.002838e+02  nodes          0  t    469.1 s
[blk  200/260]  E_chunk -17.9835929126  W 2.007420e+02  nodes          0  t    492.7 s
[blk  220/260]  E_chunk -17.9936020953  W 2.007404e+02  nodes          2  t    516.2 s
[blk  240/260]  E_chunk -17.9801722245  W 2.002078e+02  nodes          2  t    539.8 s
[blk  260/260]  E_chunk -17.9576833745  W 2.002602e+02  nodes          2  t    563.3 s

Rejected 0 outlier blocks.

Final blocking analysis:
mu: -17.9644432788795  SE*: 0.00352618376075379  95% CI: (-17.97135459905058, -17.957531958708426)

Blocking SE curve (ratio LOO):
      B      G             SE   SE/SE(B=1)
      1    200   1.276953e-03        1.000
      2    100   1.758683e-03        1.377
      3     66   2.136452e-03        1.673
      4     50   2.423007e-03        1.897
      5     40   2.677109e-03        2.096
      6     33   2.875583e-03        2.252
      7     28   3.127299e-03        2.449
      8     25   3.190108e-03        2.498
*     9     22   3.526184e-03        2.761
     10     20   3.545184e-03        2.776

CPMC energy = -17.964443278879504 +/- 0.00352618376075379; elapsed=615.9 s
first chunk (compile + run) 280.8 s; steady throughput 3399.0 walker-steps/s
