L=32 (16,16), U=8.0
MPO site   0 / 32 .. D = 6
MPO site   1 / 32 .. D = 6
MPO site   2 / 32 .. D = 6
MPO site   3 / 32 .. D = 6
MPO site   4 / 32 .. D = 6
MPO site   5 / 32 .. D = 6
MPO site   6 / 32 .. D = 6
MPO site   7 / 32 .. D = 6
MPO site   8 / 32 .. D = 6
MPO site   9 / 32 .. D = 6
MPO site  10 / 32 .. D = 6
MPO site  11 / 32 .. D = 6
MPO site  12 / 32 .. D = 6
MPO site  13 / 32 .. D = 6
MPO site  14 / 32 .. D = 6
MPO site  15 / 32 .. D = 6
MPO site  16 / 32 .. D = 6
MPO site  17 / 32 .. D = 6
MPO site  18 / 32 .. D = 6
MPO site  19 / 32 .. D = 6
MPO site  20 / 32 .. D = 6
MPO site  21 / 32 .. D = 6
MPO site  22 / 32 .. D = 6
MPO site  23 / 32 .. D = 6
MPO site  24 / 32 .. D = 6
MPO site  25 / 32 .. D = 6
MPO site  26 / 32 .. D = 6
MPO site  27 / 32 .. D = 6
MPO site  28 / 32 .. D = 6
MPO site  29 / 32 .. D = 6
MPO site  30 / 32 .. D = 6
MPO site  31 / 32 .. D = 1
DMRG Davidson energy=-10.209746251373; dense-MPS expectation=-10.206466813435
trial bonds: [1, 4, 8, 8, 8, 8, 8, 8, 8, 8, 8, 8, 8, 8, 8, 8, 8, 8, 8, 8, 8, 8, 8, 8, 8, 8, 8, 8, 8, 8, 8, 4, 1]
H|trial> compressed bonds: [1, 4, 16, 38, 37, 38, 37, 38, 37, 38, 37, 38, 37, 38, 37, 38, 37, 38, 37, 38, 37, 38, 37, 38, 37, 38, 37, 38, 37, 38, 16, 4, 1]
trial natural orbitals: alpha gap n_N - n_N+1 = 0.211
plan reference: natural determinant; gates 155, 152
walkers start from the natural determinant, E=21.898577289467; orbital-plan infidelity 4.1e-10, 4.4e-10
walker truncation reference discarded weights: 2.451e-01, 2.492e-01
walker bonds: [1, 4, 4, 4, 4, 4, 4, 4, 4, 4, 4, 4, 4, 4, 4, 4, 4, 4, 4, 4, 4, 4, 4, 4, 4, 4, 4, 4, 4, 4, 4, 4, 1]
overlap environment entries: {'dense': 962, 'exact_blocks': 169, 'padded_blocks': 242, 'transitions': 278} dense/padded=3.98x
[eql   20/260]  E_chunk -10.2344462890  W 1.904496e+02  nodes       2143  t    381.0 s
[eql   40/260]  E_chunk -10.2143797498  W 1.748591e+02  nodes       5018  t    484.9 s
[eql   60/260]  E_chunk -10.2359646328  W 1.808413e+02  nodes       7592  t    589.4 s
[blk   80/260]  E_chunk -10.2855962101  W 1.849195e+02  nodes       9424  t    693.8 s
[blk  100/260]  E_chunk -10.2573353222  W 1.805950e+02  nodes      12080  t    798.0 s
[blk  120/260]  E_chunk -10.2327565132  W 1.807777e+02  nodes      14672  t    902.6 s
[blk  140/260]  E_chunk -10.2230952756  W 1.742033e+02  nodes      17092  t   1007.8 s
[blk  160/260]  E_chunk -10.2101654606  W 1.783411e+02  nodes      20303  t   1114.4 s
[blk  180/260]  E_chunk -10.2427041746  W 1.772961e+02  nodes      23236  t   1220.6 s
[blk  200/260]  E_chunk -10.2589100021  W 1.795719e+02  nodes      26046  t   1327.1 s
[blk  220/260]  E_chunk -10.2698457864  W 1.879078e+02  nodes      28449  t   1432.5 s
[blk  240/260]  E_chunk -10.2048347738  W 1.773534e+02  nodes      31626  t   1537.9 s
[blk  260/260]  E_chunk -10.2527209047  W 1.739691e+02  nodes      34099  t   1643.0 s

Rejected 0 outlier blocks.

Final blocking analysis:
mu: -10.24414891526342  SE*: 0.006384141469450639  95% CI: (-10.256661832543545, -10.231635997983298)

Blocking SE curve (ratio LOO):
      B      G             SE   SE/SE(B=1)
      1    200   3.062828e-03        1.000
      2    100   3.713419e-03        1.212
      3     66   4.382493e-03        1.431
      4     50   4.711736e-03        1.538
      5     40   5.235613e-03        1.709
      6     33   5.459721e-03        1.783
      7     28   5.499195e-03        1.795
      8     25   5.766850e-03        1.883
*     9     22   6.384141e-03        2.084
     10     20   6.587107e-03        2.151

CPMC energy = -10.244148915263422 +/- 0.006384141469450639; elapsed=1668.4 s
