L=32 (16,16), U=12.0
MPO site   0 / 32 .. D = 6
MPO site   1 / 32 .. D = 6
MPO site   2 / 32 .. D = 6
MPO site   3 / 32 .. D = 6
MPO site   4 / 32 .. D = 6
MPO site   5 / 32 .. D = 6
MPO site   6 / 32 .. D = 6
MPO site   7 / 32 .. D = 6
MPO site   8 / 32 .. D = 6
MPO site   9 / 32 .. D = 6
MPO site  10 / 32 .. D = 6
MPO site  11 / 32 .. D = 6
MPO site  12 / 32 .. D = 6
MPO site  13 / 32 .. D = 6
MPO site  14 / 32 .. D = 6
MPO site  15 / 32 .. D = 6
MPO site  16 / 32 .. D = 6
MPO site  17 / 32 .. D = 6
MPO site  18 / 32 .. D = 6
MPO site  19 / 32 .. D = 6
MPO site  20 / 32 .. D = 6
MPO site  21 / 32 .. D = 6
MPO site  22 / 32 .. D = 6
MPO site  23 / 32 .. D = 6
MPO site  24 / 32 .. D = 6
MPO site  25 / 32 .. D = 6
MPO site  26 / 32 .. D = 6
MPO site  27 / 32 .. D = 6
MPO site  28 / 32 .. D = 6
MPO site  29 / 32 .. D = 6
MPO site  30 / 32 .. D = 6
MPO site  31 / 32 .. D = 1
DMRG Davidson energy=-7.013635787505; dense-MPS expectation=-7.011205631182
trial bonds: [1, 4, 8, 8, 8, 8, 8, 8, 8, 8, 8, 8, 8, 8, 8, 8, 8, 8, 8, 8, 8, 8, 8, 8, 8, 8, 8, 8, 8, 8, 8, 4, 1]
H|trial> compressed bonds: [1, 4, 16, 36, 31, 38, 31, 37, 31, 37, 31, 37, 31, 37, 31, 37, 31, 37, 31, 37, 31, 37, 31, 37, 31, 37, 31, 38, 31, 36, 16, 4, 1]
trial natural orbitals: alpha gap n_N - n_N+1 = 0.116
plan reference: natural determinant; gates 162, 162
walkers start from the natural determinant, E=57.158356260234; orbital-plan infidelity 2.6e-10, 2.6e-10
walker truncation reference discarded weights: 6.427e-03, 6.427e-03
walker bonds: [1, 4, 16, 16, 16, 16, 16, 16, 16, 16, 16, 16, 16, 16, 16, 16, 16, 16, 16, 16, 16, 16, 16, 16, 16, 16, 16, 16, 16, 16, 16, 4, 1]
overlap environment entries: {'dense': 3746, 'exact_blocks': 546, 'padded_blocks': 1690, 'transitions': 456} dense/padded=2.22x
[eql   20/260]  E_chunk  -7.0270248846  W 1.994414e+02  nodes         87  t    701.1 s
[eql   40/260]  E_chunk  -7.0214158937  W 2.020437e+02  nodes        213  t   1011.0 s
[eql   60/260]  E_chunk  -7.0342752430  W 1.990664e+02  nodes        451  t   1323.0 s
[blk   80/260]  E_chunk  -6.9826791872  W 2.260912e+02  nodes        850  t   1632.6 s
[blk  100/260]  E_chunk  -7.0173014091  W 2.131919e+02  nodes       1520  t   1942.0 s
[blk  120/260]  E_chunk  -7.0777395667  W 1.982255e+02  nodes       2046  t   2252.4 s
[blk  140/260]  E_chunk  -7.0622331112  W 1.978182e+02  nodes       2354  t   2561.9 s
[blk  160/260]  E_chunk  -7.0285344615  W 1.895071e+02  nodes       2864  t   2870.7 s
[blk  180/260]  E_chunk  -7.0188102739  W 2.021119e+02  nodes       3395  t   3178.5 s
[blk  200/260]  E_chunk  -7.0457761510  W 2.039034e+02  nodes       4285  t   3486.1 s
[blk  220/260]  E_chunk  -7.0736000558  W 1.899642e+02  nodes       5058  t   3793.6 s
[blk  240/260]  E_chunk  -7.0459190851  W 1.896313e+02  nodes       5505  t   4101.5 s
[blk  260/260]  E_chunk  -7.0318077688  W 1.998886e+02  nodes       5743  t   4408.9 s

Rejected 0 outlier blocks.

Final blocking analysis:
mu: -7.03734878149683  SE*: 0.006782845879304731  95% CI: (-7.050643159420267, -7.024054403573392)

Blocking SE curve (ratio LOO):
      B      G             SE   SE/SE(B=1)
      1    200   2.513577e-03        1.000
      2    100   3.351637e-03        1.333
      3     66   4.014517e-03        1.597
      4     50   4.530384e-03        1.802
      5     40   4.993839e-03        1.987
      6     33   5.429659e-03        2.160
      7     28   5.769618e-03        2.295
      8     25   6.020939e-03        2.395
      9     22   6.371606e-03        2.535
*    10     20   6.782846e-03        2.698

CPMC energy = -7.03734878149683 +/- 0.006782845879304731; elapsed=4441.4 s
