L=32 (16,16), U=12.0
MPO site   0 / 32 .. D = 6
MPO site   1 / 32 .. D = 6
MPO site   2 / 32 .. D = 6
MPO site   3 / 32 .. D = 6
MPO site   4 / 32 .. D = 6
MPO site   5 / 32 .. D = 6
MPO site   6 / 32 .. D = 6
MPO site   7 / 32 .. D = 6
MPO site   8 / 32 .. D = 6
MPO site   9 / 32 .. D = 6
MPO site  10 / 32 .. D = 6
MPO site  11 / 32 .. D = 6
MPO site  12 / 32 .. D = 6
MPO site  13 / 32 .. D = 6
MPO site  14 / 32 .. D = 6
MPO site  15 / 32 .. D = 6
MPO site  16 / 32 .. D = 6
MPO site  17 / 32 .. D = 6
MPO site  18 / 32 .. D = 6
MPO site  19 / 32 .. D = 6
MPO site  20 / 32 .. D = 6
MPO site  21 / 32 .. D = 6
MPO site  22 / 32 .. D = 6
MPO site  23 / 32 .. D = 6
MPO site  24 / 32 .. D = 6
MPO site  25 / 32 .. D = 6
MPO site  26 / 32 .. D = 6
MPO site  27 / 32 .. D = 6
MPO site  28 / 32 .. D = 6
MPO site  29 / 32 .. D = 6
MPO site  30 / 32 .. D = 6
MPO site  31 / 32 .. D = 1
DMRG Davidson energy=-7.013635787505; dense-MPS expectation=-7.011205631182
trial bonds: [1, 4, 8, 8, 8, 8, 8, 8, 8, 8, 8, 8, 8, 8, 8, 8, 8, 8, 8, 8, 8, 8, 8, 8, 8, 8, 8, 8, 8, 8, 8, 4, 1]
H|trial> compressed bonds: [1, 4, 16, 36, 31, 38, 31, 37, 31, 37, 31, 37, 31, 37, 31, 37, 31, 37, 31, 37, 31, 37, 31, 37, 31, 37, 31, 38, 31, 36, 16, 4, 1]
trial natural orbitals: alpha gap n_N - n_N+1 = 0.116
plan reference: natural determinant; gates 162, 162
walkers start from the natural determinant, E=57.158356260234; orbital-plan infidelity 2.6e-10, 2.6e-10
walker truncation reference discarded weights: 3.206e-01, 3.206e-01
walker bonds: [1, 4, 4, 4, 4, 4, 4, 4, 4, 4, 4, 4, 4, 4, 4, 4, 4, 4, 4, 4, 4, 4, 4, 4, 4, 4, 4, 4, 4, 4, 4, 4, 1]
overlap environment entries: {'dense': 962, 'exact_blocks': 183, 'padded_blocks': 298, 'transitions': 278} dense/padded=3.23x
[eql   20/260]  E_chunk  -7.0014033574  W 1.061272e+02  nodes      15675  t    379.6 s
[eql   40/260]  E_chunk  -7.0008690498  W 8.659901e+01  nodes      34222  t    474.5 s
[eql   60/260]  E_chunk  -7.0457063905  W 9.533081e+01  nodes      52247  t    569.7 s
[blk   80/260]  E_chunk  -7.0155794252  W 1.008798e+02  nodes      69490  t    664.8 s
[blk  100/260]  E_chunk  -7.1442377316  W 1.077315e+02  nodes      85600  t    759.6 s
[blk  120/260]  E_chunk  -6.8165426034  W 8.318407e+01  nodes     104179  t    854.6 s
[blk  140/260]  E_chunk  -6.9769152998  W 9.472853e+01  nodes     121951  t    950.0 s
[blk  160/260]  E_chunk  -7.1133588586  W 9.554536e+01  nodes     139934  t   1045.6 s
[blk  180/260]  E_chunk  -6.9695086939  W 1.074160e+02  nodes     156680  t   1141.5 s
[blk  200/260]  E_chunk  -7.0106781207  W 8.362577e+01  nodes     177042  t   1237.9 s
[blk  220/260]  E_chunk  -6.9900795404  W 8.928925e+01  nodes     194258  t   1334.1 s
[blk  240/260]  E_chunk  -7.0469286838  W 8.250759e+01  nodes     214449  t   1429.7 s
[blk  260/260]  E_chunk  -7.0225994964  W 9.893707e+01  nodes     233322  t   1525.4 s

Rejected 7 outlier blocks.

Final blocking analysis:
mu: -7.022001268402843  SE*: 0.008247126581381162  95% CI: (-7.038165636502351, -7.005836900303336)

Blocking SE curve (ratio LOO):
      B      G             SE   SE/SE(B=1)
      1    193   5.412592e-03        1.000
      2     96   5.547219e-03        1.025
      3     64   6.075364e-03        1.122
      4     48   6.411583e-03        1.185
      5     38   6.312417e-03        1.166
      6     32   7.457816e-03        1.378
      7     27   7.190026e-03        1.328
      8     24   7.186926e-03        1.328
*     9     21   8.247127e-03        1.524

CPMC energy = -7.022001268402843 +/- 0.008247126581381162; elapsed=1550.5 s
