L=32 (16,16), U=4.0
MPO site   0 / 32 .. D = 6
MPO site   1 / 32 .. D = 6
MPO site   2 / 32 .. D = 6
MPO site   3 / 32 .. D = 6
MPO site   4 / 32 .. D = 6
MPO site   5 / 32 .. D = 6
MPO site   6 / 32 .. D = 6
MPO site   7 / 32 .. D = 6
MPO site   8 / 32 .. D = 6
MPO site   9 / 32 .. D = 6
MPO site  10 / 32 .. D = 6
MPO site  11 / 32 .. D = 6
MPO site  12 / 32 .. D = 6
MPO site  13 / 32 .. D = 6
MPO site  14 / 32 .. D = 6
MPO site  15 / 32 .. D = 6
MPO site  16 / 32 .. D = 6
MPO site  17 / 32 .. D = 6
MPO site  18 / 32 .. D = 6
MPO site  19 / 32 .. D = 6
MPO site  20 / 32 .. D = 6
MPO site  21 / 32 .. D = 6
MPO site  22 / 32 .. D = 6
MPO site  23 / 32 .. D = 6
MPO site  24 / 32 .. D = 6
MPO site  25 / 32 .. D = 6
MPO site  26 / 32 .. D = 6
MPO site  27 / 32 .. D = 6
MPO site  28 / 32 .. D = 6
MPO site  29 / 32 .. D = 6
MPO site  30 / 32 .. D = 6
MPO site  31 / 32 .. D = 1
DMRG Davidson energy=-17.852400823832; dense-MPS expectation=-17.847729809103
trial bonds: [1, 4, 8, 8, 8, 8, 8, 8, 8, 8, 8, 8, 8, 8, 8, 8, 8, 8, 8, 8, 8, 8, 8, 8, 8, 8, 8, 8, 8, 8, 8, 4, 1]
H|trial> compressed bonds: [1, 4, 16, 38, 38, 38, 38, 38, 38, 38, 35, 35, 35, 35, 35, 35, 35, 35, 35, 35, 35, 35, 35, 38, 38, 38, 38, 38, 38, 38, 16, 4, 1]
trial natural orbitals: alpha gap n_N - n_N+1 = 0.503
plan reference: natural determinant; gates 135, 135
walkers start from the natural determinant, E=-9.707584378209; orbital-plan infidelity 7.2e-10, 7.2e-10
walker truncation reference discarded weights: 2.060e-01, 2.060e-01
walker bonds: [1, 4, 4, 4, 4, 4, 4, 4, 4, 4, 4, 4, 4, 4, 4, 4, 4, 4, 4, 4, 4, 4, 4, 4, 4, 4, 4, 4, 4, 4, 4, 4, 1]
overlap environment entries: {'dense': 962, 'exact_blocks': 163, 'padded_blocks': 242, 'transitions': 278} dense/padded=3.98x
[eql   20/260]  E_chunk -17.9062874855  W 1.987439e+02  nodes          0  t    343.1 s
[eql   40/260]  E_chunk -17.9069679478  W 1.985923e+02  nodes          1  t    455.4 s
[eql   60/260]  E_chunk -17.9004593187  W 1.996236e+02  nodes          1  t    568.2 s
[blk   80/260]  E_chunk -17.8980592221  W 1.972836e+02  nodes          1  t    680.6 s
[blk  100/260]  E_chunk -17.9075723204  W 1.974493e+02  nodes          1  t    792.7 s
[blk  120/260]  E_chunk -17.9088043349  W 1.984931e+02  nodes          1  t    905.4 s
[blk  140/260]  E_chunk -17.9060468902  W 2.008447e+02  nodes          5  t   1018.1 s
[blk  160/260]  E_chunk -17.9035925044  W 2.034157e+02  nodes          8  t   1130.5 s
[blk  180/260]  E_chunk -17.8961436538  W 1.999716e+02  nodes          8  t   1242.6 s
[blk  200/260]  E_chunk -17.9044609478  W 1.995261e+02  nodes          8  t   1355.0 s
[blk  220/260]  E_chunk -17.8994964413  W 1.993647e+02  nodes          8  t   1467.4 s
[blk  240/260]  E_chunk -17.9023895594  W 1.979996e+02  nodes          8  t   1579.5 s
[blk  260/260]  E_chunk -17.9096055236  W 2.013291e+02  nodes          8  t   1691.8 s

Rejected 0 outlier blocks.

Final blocking analysis:
mu: -17.90362315541773  SE*: 0.001098026409430521  95% CI: (-17.90577528718021, -17.901471023655244)

Blocking SE curve (ratio LOO):
      B      G             SE   SE/SE(B=1)
      1    200   5.486199e-04        1.000
      2    100   6.935345e-04        1.264
      3     66   8.023987e-04        1.463
      4     50   8.773813e-04        1.599
      5     40   9.661835e-04        1.761
      6     33   1.003335e-03        1.829
      7     28   9.457029e-04        1.724
*     8     25   1.098026e-03        2.001
      9     22   1.080361e-03        1.969
     10     20   1.129895e-03        2.060

CPMC energy = -17.903623155417726 +/- 0.0010980264094305212; elapsed=1714.7 s
