L=32 (16,16), U=4.0
MPO site   0 / 32 .. D = 6
MPO site   1 / 32 .. D = 6
MPO site   2 / 32 .. D = 6
MPO site   3 / 32 .. D = 6
MPO site   4 / 32 .. D = 6
MPO site   5 / 32 .. D = 6
MPO site   6 / 32 .. D = 6
MPO site   7 / 32 .. D = 6
MPO site   8 / 32 .. D = 6
MPO site   9 / 32 .. D = 6
MPO site  10 / 32 .. D = 6
MPO site  11 / 32 .. D = 6
MPO site  12 / 32 .. D = 6
MPO site  13 / 32 .. D = 6
MPO site  14 / 32 .. D = 6
MPO site  15 / 32 .. D = 6
MPO site  16 / 32 .. D = 6
MPO site  17 / 32 .. D = 6
MPO site  18 / 32 .. D = 6
MPO site  19 / 32 .. D = 6
MPO site  20 / 32 .. D = 6
MPO site  21 / 32 .. D = 6
MPO site  22 / 32 .. D = 6
MPO site  23 / 32 .. D = 6
MPO site  24 / 32 .. D = 6
MPO site  25 / 32 .. D = 6
MPO site  26 / 32 .. D = 6
MPO site  27 / 32 .. D = 6
MPO site  28 / 32 .. D = 6
MPO site  29 / 32 .. D = 6
MPO site  30 / 32 .. D = 6
MPO site  31 / 32 .. D = 1
DMRG Davidson energy=-17.852400823832; dense-MPS expectation=-17.847729809103
trial bonds: [1, 4, 8, 8, 8, 8, 8, 8, 8, 8, 8, 8, 8, 8, 8, 8, 8, 8, 8, 8, 8, 8, 8, 8, 8, 8, 8, 8, 8, 8, 8, 4, 1]
H|trial> compressed bonds: [1, 4, 16, 38, 38, 38, 38, 38, 38, 38, 35, 35, 35, 35, 35, 35, 35, 35, 35, 35, 35, 35, 35, 38, 38, 38, 38, 38, 38, 38, 16, 4, 1]
trial natural orbitals: alpha gap n_N - n_N+1 = 0.503
plan reference: natural determinant; gates 135, 135
walkers start from the natural determinant, E=-9.707584378209; orbital-plan infidelity 7.2e-10, 7.2e-10
walker truncation reference discarded weights: 1.315e-05, 1.315e-05
walker bonds: [1, 4, 16, 36, 36, 36, 36, 36, 36, 36, 36, 36, 36, 36, 36, 36, 36, 36, 36, 36, 36, 36, 36, 36, 36, 36, 36, 36, 36, 36, 16, 4, 1]
overlap environment entries: {'dense': 8066, 'exact_blocks': 836, 'padded_blocks': 1570, 'transitions': 552} dense/padded=5.14x
[eql   20/260]  E_chunk -17.9544187381  W 1.993921e+02  nodes          0  t    899.9 s
[eql   40/260]  E_chunk -17.9640726936  W 2.001453e+02  nodes          0  t   1347.4 s
[eql   60/260]  E_chunk -17.9722778154  W 2.000756e+02  nodes          0  t   1790.4 s
[blk   80/260]  E_chunk -17.9637549739  W 1.999984e+02  nodes          0  t   2237.4 s
[blk  100/260]  E_chunk -17.9579706082  W 1.999608e+02  nodes          0  t   2679.8 s
[blk  120/260]  E_chunk -17.9863752504  W 2.003445e+02  nodes          0  t   3111.9 s
[blk  140/260]  E_chunk -17.9844755146  W 2.000685e+02  nodes          0  t   3541.2 s
[blk  160/260]  E_chunk -17.9766355607  W 1.999252e+02  nodes          0  t   3980.0 s
[blk  180/260]  E_chunk -17.9752328706  W 1.999941e+02  nodes          0  t   4424.5 s
[blk  200/260]  E_chunk -17.9862226890  W 2.001800e+02  nodes          0  t   4852.6 s
[blk  220/260]  E_chunk -17.9891280091  W 2.000477e+02  nodes          0  t   5287.5 s
[blk  240/260]  E_chunk -17.9761626596  W 1.999723e+02  nodes          0  t   5719.4 s
[blk  260/260]  E_chunk -17.9835095696  W 2.000531e+02  nodes          0  t   6161.9 s

Rejected 0 outlier blocks.

Final blocking analysis:
mu: -17.97795008899069  SE*: 0.002533071321966302  95% CI: (-17.982914908781748, -17.972985269199636)

Blocking SE curve (ratio LOO):
      B      G             SE   SE/SE(B=1)
      1    200   9.750460e-04        1.000
      2    100   1.308237e-03        1.342
      3     66   1.547871e-03        1.587
      4     50   1.747611e-03        1.792
      5     40   1.941246e-03        1.991
      6     33   2.083116e-03        2.136
      7     28   2.270481e-03        2.329
      8     25   2.356105e-03        2.416
*     9     22   2.533071e-03        2.598
     10     20   2.610537e-03        2.677

CPMC energy = -17.977950088990692 +/- 0.0025330713219663017; elapsed=6202.4 s
