L=48 (24,24), U=8.0
MPO site   0 / 48 .. D = 6
MPO site   1 / 48 .. D = 6
MPO site   2 / 48 .. D = 6
MPO site   3 / 48 .. D = 6
MPO site   4 / 48 .. D = 6
MPO site   5 / 48 .. D = 6
MPO site   6 / 48 .. D = 6
MPO site   7 / 48 .. D = 6
MPO site   8 / 48 .. D = 6
MPO site   9 / 48 .. D = 6
MPO site  10 / 48 .. D = 6
MPO site  11 / 48 .. D = 6
MPO site  12 / 48 .. D = 6
MPO site  13 / 48 .. D = 6
MPO site  14 / 48 .. D = 6
MPO site  15 / 48 .. D = 6
MPO site  16 / 48 .. D = 6
MPO site  17 / 48 .. D = 6
MPO site  18 / 48 .. D = 6
MPO site  19 / 48 .. D = 6
MPO site  20 / 48 .. D = 6
MPO site  21 / 48 .. D = 6
MPO site  22 / 48 .. D = 6
MPO site  23 / 48 .. D = 6
MPO site  24 / 48 .. D = 6
MPO site  25 / 48 .. D = 6
MPO site  26 / 48 .. D = 6
MPO site  27 / 48 .. D = 6
MPO site  28 / 48 .. D = 6
MPO site  29 / 48 .. D = 6
MPO site  30 / 48 .. D = 6
MPO site  31 / 48 .. D = 6
MPO site  32 / 48 .. D = 6
MPO site  33 / 48 .. D = 6
MPO site  34 / 48 .. D = 6
MPO site  35 / 48 .. D = 6
MPO site  36 / 48 .. D = 6
MPO site  37 / 48 .. D = 6
MPO site  38 / 48 .. D = 6
MPO site  39 / 48 .. D = 6
MPO site  40 / 48 .. D = 6
MPO site  41 / 48 .. D = 6
MPO site  42 / 48 .. D = 6
MPO site  43 / 48 .. D = 6
MPO site  44 / 48 .. D = 6
MPO site  45 / 48 .. D = 6
MPO site  46 / 48 .. D = 6
MPO site  47 / 48 .. D = 1
DMRG Davidson energy=-15.403837077532; dense-MPS expectation=-15.399717908221
trial bonds: [1, 4, 8, 8, 8, 8, 8, 8, 8, 8, 8, 8, 8, 8, 8, 8, 8, 8, 8, 8, 8, 8, 8, 8, 8, 8, 8, 8, 8, 8, 8, 8, 8, 8, 8, 8, 8, 8, 8, 8, 8, 8, 8, 8, 8, 8, 8, 4, 1]
H|trial> compressed bonds: [1, 4, 16, 37, 37, 38, 37, 38, 33, 35, 35, 35, 35, 35, 35, 33, 38, 37, 38, 37, 38, 37, 38, 37, 38, 37, 38, 37, 38, 37, 38, 33, 35, 35, 35, 35, 35, 35, 35, 35, 35, 35, 33, 38, 37, 37, 16, 4, 1]
trial natural orbitals: alpha gap n_N - n_N+1 = 0.355
plan reference: natural determinant; gates 189, 189
walkers start from the natural determinant, E=11.336453349031; orbital-plan infidelity 8.9e-10, 9.8e-10
walker truncation reference discarded weights: 1.182e-04, 1.242e-04
walker bonds: [1, 4, 16, 16, 16, 16, 16, 16, 16, 16, 16, 16, 16, 16, 16, 16, 16, 16, 16, 16, 16, 16, 16, 16, 16, 16, 16, 16, 16, 16, 16, 16, 16, 16, 16, 16, 16, 16, 16, 16, 16, 16, 16, 16, 16, 16, 16, 4, 1]
overlap environment entries: {'dense': 5794, 'exact_blocks': 807, 'padded_blocks': 2426, 'transitions': 820} dense/padded=2.39x
E0925 00:29:14.680140  601775 slow_operation_alarm.cc:73] 
********************************
[Compiling module jit_run_blocks for CPU] Very slow compile? If you want to file a bug, run with envvar XLA_FLAGS=--xla_dump_to=/tmp/foo and attach the results.
********************************
E0925 00:29:23.805660  601439 slow_operation_alarm.cc:140] The operation took 2m9.125596621s

********************************
[Compiling module jit_run_blocks for CPU] Very slow compile? If you want to file a bug, run with envvar XLA_FLAGS=--xla_dump_to=/tmp/foo and attach the results.
********************************
[eql   20/260]  E_chunk -15.4496229648  W 1.993809e+02  nodes          0  t    900.4 s
[eql   40/260]  E_chunk -15.4559630805  W 2.001884e+02  nodes          0  t   1295.0 s
[eql   60/260]  E_chunk -15.4790218800  W 2.004959e+02  nodes          0  t   1695.9 s
[blk   80/260]  E_chunk -15.4793832876  W 2.003067e+02  nodes          0  t   2102.6 s
[blk  100/260]  E_chunk -15.4717569735  W 2.001001e+02  nodes          0  t   2494.4 s
[blk  120/260]  E_chunk -15.4789059810  W 2.004197e+02  nodes          0  t   2898.0 s
[blk  140/260]  E_chunk -15.4808381091  W 2.003010e+02  nodes          0  t   3305.7 s
[blk  160/260]  E_chunk -15.5005174912  W 2.004378e+02  nodes          0  t   3731.2 s
[blk  180/260]  E_chunk -15.4953700724  W 2.002588e+02  nodes          0  t   4123.3 s
[blk  200/260]  E_chunk -15.4948258611  W 2.002066e+02  nodes          0  t   4514.2 s
[blk  220/260]  E_chunk -15.5046777823  W 2.003245e+02  nodes          0  t   4911.9 s
[blk  240/260]  E_chunk -15.4737005187  W 2.000981e+02  nodes          0  t   5316.9 s
[blk  260/260]  E_chunk -15.4640724563  W 2.000420e+02  nodes          0  t   5710.7 s

Rejected 0 outlier blocks.

Final blocking analysis:
mu: -15.48441011219179  SE*: 0.003193615618269035  95% CI: (-15.4906695988036, -15.478150625579985)

Blocking SE curve (ratio LOO):
      B      G             SE   SE/SE(B=1)
      1    200   1.246409e-03        1.000
      2    100   1.687258e-03        1.354
      3     66   2.020972e-03        1.621
      4     50   2.277636e-03        1.827
      5     40   2.475271e-03        1.986
      6     33   2.643629e-03        2.121
      7     28   2.789669e-03        2.238
      8     25   2.967544e-03        2.381
      9     22   2.979323e-03        2.390
*    10     20   3.193616e-03        2.562

CPMC energy = -15.484410112191792 +/- 0.003193615618269035; elapsed=5746.8 s
