L=48 (24,24), U=8.0
MPO site   0 / 48 .. D = 6
MPO site   1 / 48 .. D = 6
MPO site   2 / 48 .. D = 6
MPO site   3 / 48 .. D = 6
MPO site   4 / 48 .. D = 6
MPO site   5 / 48 .. D = 6
MPO site   6 / 48 .. D = 6
MPO site   7 / 48 .. D = 6
MPO site   8 / 48 .. D = 6
MPO site   9 / 48 .. D = 6
MPO site  10 / 48 .. D = 6
MPO site  11 / 48 .. D = 6
MPO site  12 / 48 .. D = 6
MPO site  13 / 48 .. D = 6
MPO site  14 / 48 .. D = 6
MPO site  15 / 48 .. D = 6
MPO site  16 / 48 .. D = 6
MPO site  17 / 48 .. D = 6
MPO site  18 / 48 .. D = 6
MPO site  19 / 48 .. D = 6
MPO site  20 / 48 .. D = 6
MPO site  21 / 48 .. D = 6
MPO site  22 / 48 .. D = 6
MPO site  23 / 48 .. D = 6
MPO site  24 / 48 .. D = 6
MPO site  25 / 48 .. D = 6
MPO site  26 / 48 .. D = 6
MPO site  27 / 48 .. D = 6
MPO site  28 / 48 .. D = 6
MPO site  29 / 48 .. D = 6
MPO site  30 / 48 .. D = 6
MPO site  31 / 48 .. D = 6
MPO site  32 / 48 .. D = 6
MPO site  33 / 48 .. D = 6
MPO site  34 / 48 .. D = 6
MPO site  35 / 48 .. D = 6
MPO site  36 / 48 .. D = 6
MPO site  37 / 48 .. D = 6
MPO site  38 / 48 .. D = 6
MPO site  39 / 48 .. D = 6
MPO site  40 / 48 .. D = 6
MPO site  41 / 48 .. D = 6
MPO site  42 / 48 .. D = 6
MPO site  43 / 48 .. D = 6
MPO site  44 / 48 .. D = 6
MPO site  45 / 48 .. D = 6
MPO site  46 / 48 .. D = 6
MPO site  47 / 48 .. D = 1
DMRG Davidson energy=-15.403837077532; dense-MPS expectation=-15.399717908221
trial bonds: [1, 4, 8, 8, 8, 8, 8, 8, 8, 8, 8, 8, 8, 8, 8, 8, 8, 8, 8, 8, 8, 8, 8, 8, 8, 8, 8, 8, 8, 8, 8, 8, 8, 8, 8, 8, 8, 8, 8, 8, 8, 8, 8, 8, 8, 8, 8, 4, 1]
H|trial> compressed bonds: [1, 4, 16, 37, 37, 38, 37, 38, 33, 35, 35, 35, 35, 35, 35, 33, 38, 37, 38, 37, 38, 37, 38, 37, 38, 37, 38, 37, 38, 37, 38, 33, 35, 35, 35, 35, 35, 35, 35, 35, 35, 35, 33, 38, 37, 37, 16, 4, 1]
trial natural orbitals: alpha gap n_N - n_N+1 = 0.355
plan reference: natural determinant; gates 189, 189
walkers start from the natural determinant, E=11.336453349031; orbital-plan infidelity 8.9e-10, 9.8e-10
walker truncation reference discarded weights: 6.148e-02, 6.265e-02
walker bonds: [1, 4, 4, 4, 4, 4, 4, 4, 4, 4, 4, 4, 4, 4, 4, 4, 4, 4, 4, 4, 4, 4, 4, 4, 4, 4, 4, 4, 4, 4, 4, 4, 4, 4, 4, 4, 4, 4, 4, 4, 4, 4, 4, 4, 4, 4, 4, 4, 1]
overlap environment entries: {'dense': 1474, 'exact_blocks': 248, 'padded_blocks': 370, 'transitions': 422} dense/padded=3.98x
[eql   20/260]  E_chunk -15.4330347122  W 1.929027e+02  nodes        135  t    505.2 s
[eql   40/260]  E_chunk -15.4076099138  W 1.964326e+02  nodes        297  t    650.3 s
[eql   60/260]  E_chunk -15.4349885431  W 2.039556e+02  nodes        563  t    795.3 s
[blk   80/260]  E_chunk -15.4753384936  W 2.024995e+02  nodes        791  t    939.8 s
[blk  100/260]  E_chunk -15.5134800166  W 2.000607e+02  nodes       1006  t   1083.4 s
[blk  120/260]  E_chunk -15.5382033770  W 2.060281e+02  nodes       1360  t   1226.8 s
[blk  140/260]  E_chunk -15.4637923435  W 1.973552e+02  nodes       1625  t   1370.4 s
[blk  160/260]  E_chunk -15.4297857876  W 2.038479e+02  nodes       1819  t   1514.5 s
[blk  180/260]  E_chunk -15.4508889624  W 1.980987e+02  nodes       2168  t   1658.8 s
[blk  200/260]  E_chunk -15.4116537812  W 2.016669e+02  nodes       2333  t   1803.0 s
[blk  220/260]  E_chunk -15.4245886994  W 1.996947e+02  nodes       2514  t   1947.3 s
[blk  240/260]  E_chunk -15.4170846885  W 2.010717e+02  nodes       2674  t   2091.3 s
[blk  260/260]  E_chunk -15.4077433959  W 1.916856e+02  nodes       2911  t   2235.8 s

Rejected 0 outlier blocks.

Final blocking analysis:
mu: -15.45362373186911  SE*: 0.01038936045069074  95% CI: (-15.473986878352466, -15.43326058538576)

Blocking SE curve (ratio LOO):
      B      G             SE   SE/SE(B=1)
      1    200   3.546810e-03        1.000
      2    100   4.897784e-03        1.381
      3     66   5.973067e-03        1.684
      4     50   6.801369e-03        1.918
      5     40   7.567822e-03        2.134
      6     33   8.287190e-03        2.337
      7     28   8.959148e-03        2.526
      8     25   9.540591e-03        2.690
      9     22   9.811494e-03        2.766
*    10     20   1.038936e-02        2.929

CPMC energy = -15.453623731869113 +/- 0.010389360450690737; elapsed=2263.5 s
