L=48 (24,24), U=12.0
MPO site   0 / 48 .. D = 6
MPO site   1 / 48 .. D = 6
MPO site   2 / 48 .. D = 6
MPO site   3 / 48 .. D = 6
MPO site   4 / 48 .. D = 6
MPO site   5 / 48 .. D = 6
MPO site   6 / 48 .. D = 6
MPO site   7 / 48 .. D = 6
MPO site   8 / 48 .. D = 6
MPO site   9 / 48 .. D = 6
MPO site  10 / 48 .. D = 6
MPO site  11 / 48 .. D = 6
MPO site  12 / 48 .. D = 6
MPO site  13 / 48 .. D = 6
MPO site  14 / 48 .. D = 6
MPO site  15 / 48 .. D = 6
MPO site  16 / 48 .. D = 6
MPO site  17 / 48 .. D = 6
MPO site  18 / 48 .. D = 6
MPO site  19 / 48 .. D = 6
MPO site  20 / 48 .. D = 6
MPO site  21 / 48 .. D = 6
MPO site  22 / 48 .. D = 6
MPO site  23 / 48 .. D = 6
MPO site  24 / 48 .. D = 6
MPO site  25 / 48 .. D = 6
MPO site  26 / 48 .. D = 6
MPO site  27 / 48 .. D = 6
MPO site  28 / 48 .. D = 6
MPO site  29 / 48 .. D = 6
MPO site  30 / 48 .. D = 6
MPO site  31 / 48 .. D = 6
MPO site  32 / 48 .. D = 6
MPO site  33 / 48 .. D = 6
MPO site  34 / 48 .. D = 6
MPO site  35 / 48 .. D = 6
MPO site  36 / 48 .. D = 6
MPO site  37 / 48 .. D = 6
MPO site  38 / 48 .. D = 6
MPO site  39 / 48 .. D = 6
MPO site  40 / 48 .. D = 6
MPO site  41 / 48 .. D = 6
MPO site  42 / 48 .. D = 6
MPO site  43 / 48 .. D = 6
MPO site  44 / 48 .. D = 6
MPO site  45 / 48 .. D = 6
MPO site  46 / 48 .. D = 6
MPO site  47 / 48 .. D = 1
DMRG Davidson energy=-10.546379635744; dense-MPS expectation=-10.544127939640
trial bonds: [1, 4, 8, 8, 8, 8, 8, 8, 8, 8, 8, 8, 8, 8, 8, 8, 8, 8, 8, 8, 8, 8, 8, 8, 8, 8, 8, 8, 8, 8, 8, 8, 8, 8, 8, 8, 8, 8, 8, 8, 8, 8, 8, 8, 8, 8, 8, 4, 1]
H|trial> compressed bonds: [1, 4, 16, 37, 33, 35, 35, 33, 38, 37, 38, 34, 38, 33, 38, 31, 38, 32, 38, 35, 38, 37, 38, 37, 38, 37, 38, 37, 38, 35, 38, 34, 38, 31, 38, 33, 38, 36, 38, 37, 38, 33, 35, 35, 33, 37, 16, 4, 1]
trial natural orbitals: alpha gap n_N - n_N+1 = 0.146
plan reference: natural determinant; gates 210, 209
walkers start from the natural determinant, E=44.234642155386; orbital-plan infidelity 5.4e-10, 5.3e-10
walker truncation reference discarded weights: 6.740e-06, 6.381e-06
walker bonds: [1, 4, 16, 36, 36, 36, 36, 36, 36, 36, 36, 36, 36, 36, 36, 36, 36, 36, 36, 36, 36, 36, 36, 36, 36, 36, 36, 36, 36, 36, 36, 36, 36, 36, 36, 36, 36, 36, 36, 36, 36, 36, 36, 36, 36, 36, 16, 4, 1]
overlap environment entries: {'dense': 12674, 'exact_blocks': 1276, 'padded_blocks': 2474, 'transitions': 764} dense/padded=5.12x
E0925 00:32:47.503620 2913756 slow_operation_alarm.cc:73] 
********************************
[Compiling module jit_run_blocks for CPU] Very slow compile? If you want to file a bug, run with envvar XLA_FLAGS=--xla_dump_to=/tmp/foo and attach the results.
********************************
E0925 00:35:54.424815 2913488 slow_operation_alarm.cc:140] The operation took 5m6.921361897s

********************************
[Compiling module jit_run_blocks for CPU] Very slow compile? If you want to file a bug, run with envvar XLA_FLAGS=--xla_dump_to=/tmp/foo and attach the results.
********************************
[eql   20/260]  E_chunk -10.5655548291  W 1.998459e+02  nodes          0  t   1438.0 s
[eql   40/260]  E_chunk -10.5854017299  W 2.003150e+02  nodes          0  t   1996.9 s
[eql   60/260]  E_chunk -10.5953094552  W 2.004131e+02  nodes          0  t   2552.0 s
[blk   80/260]  E_chunk -10.5872945232  W 2.001748e+02  nodes          0  t   3110.5 s
[blk  100/260]  E_chunk -10.5962435331  W 2.003503e+02  nodes          0  t   3668.1 s
[blk  120/260]  E_chunk -10.5927124994  W 2.002571e+02  nodes          0  t   4223.9 s
[blk  140/260]  E_chunk -10.6063713488  W 2.006895e+02  nodes          0  t   4779.1 s
[blk  160/260]  E_chunk -10.7551345032  W 2.069238e+02  nodes          2  t   5336.5 s
[blk  180/260]  E_chunk -10.6249712483  W 1.999079e+02  nodes          5  t   5891.8 s
[blk  200/260]  E_chunk -10.6332836474  W 2.010723e+02  nodes          5  t   6441.0 s
[blk  220/260]  E_chunk -10.6237228439  W 2.008482e+02  nodes          6  t   6989.1 s
[blk  240/260]  E_chunk -10.6069738520  W 2.007832e+02  nodes          8  t   7536.4 s
[blk  260/260]  E_chunk -10.6140852540  W 2.005700e+02  nodes          9  t   8082.6 s

Rejected 4 outlier blocks.

Final blocking analysis:
mu: -10.61565045542716  SE*: 0.006197256258252694  95% CI: (-10.627797077693339, -10.603503833160987)

Blocking SE curve (ratio LOO):
      B      G             SE   SE/SE(B=1)
      1    196   2.376014e-03        1.000
      2     98   3.145297e-03        1.324
      3     65   3.808721e-03        1.603
      4     49   4.369785e-03        1.839
      5     39   5.065250e-03        2.132
      6     32   5.390517e-03        2.269
      7     28   5.696873e-03        2.398
      8     24   5.644813e-03        2.376
*     9     21   6.197256e-03        2.608

CPMC energy = -10.615650455427163 +/- 0.006197256258252694; elapsed=8131.8 s
