L=48 (24,24), U=4.0
MPO site   0 / 48 .. D = 6
MPO site   1 / 48 .. D = 6
MPO site   2 / 48 .. D = 6
MPO site   3 / 48 .. D = 6
MPO site   4 / 48 .. D = 6
MPO site   5 / 48 .. D = 6
MPO site   6 / 48 .. D = 6
MPO site   7 / 48 .. D = 6
MPO site   8 / 48 .. D = 6
MPO site   9 / 48 .. D = 6
MPO site  10 / 48 .. D = 6
MPO site  11 / 48 .. D = 6
MPO site  12 / 48 .. D = 6
MPO site  13 / 48 .. D = 6
MPO site  14 / 48 .. D = 6
MPO site  15 / 48 .. D = 6
MPO site  16 / 48 .. D = 6
MPO site  17 / 48 .. D = 6
MPO site  18 / 48 .. D = 6
MPO site  19 / 48 .. D = 6
MPO site  20 / 48 .. D = 6
MPO site  21 / 48 .. D = 6
MPO site  22 / 48 .. D = 6
MPO site  23 / 48 .. D = 6
MPO site  24 / 48 .. D = 6
MPO site  25 / 48 .. D = 6
MPO site  26 / 48 .. D = 6
MPO site  27 / 48 .. D = 6
MPO site  28 / 48 .. D = 6
MPO site  29 / 48 .. D = 6
MPO site  30 / 48 .. D = 6
MPO site  31 / 48 .. D = 6
MPO site  32 / 48 .. D = 6
MPO site  33 / 48 .. D = 6
MPO site  34 / 48 .. D = 6
MPO site  35 / 48 .. D = 6
MPO site  36 / 48 .. D = 6
MPO site  37 / 48 .. D = 6
MPO site  38 / 48 .. D = 6
MPO site  39 / 48 .. D = 6
MPO site  40 / 48 .. D = 6
MPO site  41 / 48 .. D = 6
MPO site  42 / 48 .. D = 6
MPO site  43 / 48 .. D = 6
MPO site  44 / 48 .. D = 6
MPO site  45 / 48 .. D = 6
MPO site  46 / 48 .. D = 6
MPO site  47 / 48 .. D = 1
DMRG Davidson energy=-26.960298967328; dense-MPS expectation=-26.955698012440
trial bonds: [1, 4, 8, 8, 8, 8, 8, 8, 8, 8, 8, 8, 8, 8, 8, 8, 8, 8, 8, 8, 8, 8, 8, 8, 8, 8, 8, 8, 8, 8, 8, 8, 8, 8, 8, 8, 8, 8, 8, 8, 8, 8, 8, 8, 8, 8, 8, 4, 1]
H|trial> compressed bonds: [1, 4, 16, 38, 38, 38, 38, 38, 35, 35, 35, 35, 35, 35, 35, 35, 35, 35, 35, 35, 35, 35, 35, 35, 35, 35, 35, 35, 35, 35, 35, 35, 35, 35, 35, 35, 35, 35, 35, 35, 35, 38, 38, 38, 38, 38, 16, 4, 1]
trial natural orbitals: alpha gap n_N - n_N+1 = 0.519
plan reference: natural determinant; gates 215, 215
walkers start from the natural determinant, E=-15.926810065021; orbital-plan infidelity 5.4e-10, 5.4e-10
walker truncation reference discarded weights: 2.330e-01, 2.330e-01
walker bonds: [1, 4, 4, 4, 4, 4, 4, 4, 4, 4, 4, 4, 4, 4, 4, 4, 4, 4, 4, 4, 4, 4, 4, 4, 4, 4, 4, 4, 4, 4, 4, 4, 4, 4, 4, 4, 4, 4, 4, 4, 4, 4, 4, 4, 4, 4, 4, 4, 1]
overlap environment entries: {'dense': 1474, 'exact_blocks': 241, 'padded_blocks': 370, 'transitions': 422} dense/padded=3.98x
[eql   20/260]  E_chunk -27.0438871948  W 1.989985e+02  nodes          0  t    624.7 s
[eql   40/260]  E_chunk -27.0394300610  W 2.006215e+02  nodes          2  t    804.6 s
[eql   60/260]  E_chunk -27.0419078520  W 1.992916e+02  nodes          3  t    984.4 s
[blk   80/260]  E_chunk -27.0410210451  W 1.966620e+02  nodes          5  t   1164.1 s
[blk  100/260]  E_chunk -27.0389689588  W 1.983478e+02  nodes          7  t   1343.9 s
[blk  120/260]  E_chunk -27.0353070672  W 2.000102e+02  nodes         12  t   1523.8 s
[blk  140/260]  E_chunk -27.0422777614  W 1.987336e+02  nodes         12  t   1703.5 s
[blk  160/260]  E_chunk -27.0405755668  W 1.998806e+02  nodes         12  t   1883.2 s
[blk  180/260]  E_chunk -27.0391620233  W 2.042745e+02  nodes         25  t   2063.3 s
[blk  200/260]  E_chunk -27.0423781968  W 1.952161e+02  nodes         32  t   2243.6 s
[blk  220/260]  E_chunk -27.0294961826  W 1.982364e+02  nodes         32  t   2423.9 s
[blk  240/260]  E_chunk -27.0282988955  W 1.992976e+02  nodes         35  t   2604.0 s
[blk  260/260]  E_chunk -27.0410908791  W 1.962919e+02  nodes         35  t   2784.2 s

Rejected 0 outlier blocks.

Final blocking analysis:
mu: -27.03784511458902  SE*: 0.001174245964085997  95% CI: (-27.040146636678628, -27.03554359249941)

Blocking SE curve (ratio LOO):
      B      G             SE   SE/SE(B=1)
      1    200   6.229360e-04        1.000
      2    100   7.842015e-04        1.259
      3     66   8.961367e-04        1.439
      4     50   9.517551e-04        1.528
      5     40   1.005083e-03        1.613
      6     33   1.065962e-03        1.711
      7     28   1.127225e-03        1.810
*     8     25   1.174246e-03        1.885
      9     22   1.177649e-03        1.890
     10     20   1.229027e-03        1.973

CPMC energy = -27.037845114589018 +/- 0.0011742459640859972; elapsed=2814.2 s
