L=48 (24,24), U=8.0
MPO site   0 / 48 .. D = 6
MPO site   1 / 48 .. D = 6
MPO site   2 / 48 .. D = 6
MPO site   3 / 48 .. D = 6
MPO site   4 / 48 .. D = 6
MPO site   5 / 48 .. D = 6
MPO site   6 / 48 .. D = 6
MPO site   7 / 48 .. D = 6
MPO site   8 / 48 .. D = 6
MPO site   9 / 48 .. D = 6
MPO site  10 / 48 .. D = 6
MPO site  11 / 48 .. D = 6
MPO site  12 / 48 .. D = 6
MPO site  13 / 48 .. D = 6
MPO site  14 / 48 .. D = 6
MPO site  15 / 48 .. D = 6
MPO site  16 / 48 .. D = 6
MPO site  17 / 48 .. D = 6
MPO site  18 / 48 .. D = 6
MPO site  19 / 48 .. D = 6
MPO site  20 / 48 .. D = 6
MPO site  21 / 48 .. D = 6
MPO site  22 / 48 .. D = 6
MPO site  23 / 48 .. D = 6
MPO site  24 / 48 .. D = 6
MPO site  25 / 48 .. D = 6
MPO site  26 / 48 .. D = 6
MPO site  27 / 48 .. D = 6
MPO site  28 / 48 .. D = 6
MPO site  29 / 48 .. D = 6
MPO site  30 / 48 .. D = 6
MPO site  31 / 48 .. D = 6
MPO site  32 / 48 .. D = 6
MPO site  33 / 48 .. D = 6
MPO site  34 / 48 .. D = 6
MPO site  35 / 48 .. D = 6
MPO site  36 / 48 .. D = 6
MPO site  37 / 48 .. D = 6
MPO site  38 / 48 .. D = 6
MPO site  39 / 48 .. D = 6
MPO site  40 / 48 .. D = 6
MPO site  41 / 48 .. D = 6
MPO site  42 / 48 .. D = 6
MPO site  43 / 48 .. D = 6
MPO site  44 / 48 .. D = 6
MPO site  45 / 48 .. D = 6
MPO site  46 / 48 .. D = 6
MPO site  47 / 48 .. D = 1
DMRG Davidson energy=-15.403837077532; dense-MPS expectation=-15.399717908221
trial bonds: [1, 4, 8, 8, 8, 8, 8, 8, 8, 8, 8, 8, 8, 8, 8, 8, 8, 8, 8, 8, 8, 8, 8, 8, 8, 8, 8, 8, 8, 8, 8, 8, 8, 8, 8, 8, 8, 8, 8, 8, 8, 8, 8, 8, 8, 8, 8, 4, 1]
H|trial> compressed bonds: [1, 4, 16, 37, 37, 38, 37, 38, 33, 35, 35, 35, 35, 35, 35, 33, 38, 37, 38, 37, 38, 37, 38, 37, 38, 37, 38, 37, 38, 37, 38, 33, 35, 35, 35, 35, 35, 35, 35, 35, 35, 35, 33, 38, 37, 37, 16, 4, 1]
trial natural orbitals: alpha gap n_N - n_N+1 = 0.355
plan reference: natural determinant; gates 189, 189
walkers start from the natural determinant, E=11.336453349031; orbital-plan infidelity 8.9e-10, 9.8e-10
walker truncation reference discarded weights: 1.984e-06, 2.293e-06
walker bonds: [1, 4, 16, 36, 36, 36, 36, 36, 36, 36, 36, 36, 36, 36, 36, 36, 36, 36, 36, 36, 36, 36, 36, 36, 36, 36, 36, 36, 36, 36, 36, 36, 36, 36, 36, 36, 36, 36, 36, 36, 36, 36, 36, 36, 36, 36, 16, 4, 1]
overlap environment entries: {'dense': 12674, 'exact_blocks': 1168, 'padded_blocks': 2426, 'transitions': 820} dense/padded=5.22x
E0925 00:30:58.735762 1896257 slow_operation_alarm.cc:73] 
********************************
[Compiling module jit_run_blocks for CPU] Very slow compile? If you want to file a bug, run with envvar XLA_FLAGS=--xla_dump_to=/tmp/foo and attach the results.
********************************
E0925 00:32:03.061696 1895855 slow_operation_alarm.cc:140] The operation took 3m4.326081564s

********************************
[Compiling module jit_run_blocks for CPU] Very slow compile? If you want to file a bug, run with envvar XLA_FLAGS=--xla_dump_to=/tmp/foo and attach the results.
********************************
[eql   20/260]  E_chunk -15.4526487411  W 1.993643e+02  nodes          0  t   1177.0 s
[eql   40/260]  E_chunk -15.4762515033  W 2.002901e+02  nodes          0  t   1698.2 s
[eql   60/260]  E_chunk -15.4840236938  W 2.002001e+02  nodes          0  t   2219.0 s
[blk   80/260]  E_chunk -15.4657949324  W 1.999969e+02  nodes          0  t   2742.7 s
[blk  100/260]  E_chunk -15.4816917247  W 2.003074e+02  nodes          0  t   3267.4 s
[blk  120/260]  E_chunk -15.4707484620  W 2.000217e+02  nodes          0  t   3792.9 s
[blk  140/260]  E_chunk -15.4913259489  W 2.003327e+02  nodes          0  t   4317.4 s
[blk  160/260]  E_chunk -15.4938532441  W 2.001789e+02  nodes          0  t   4839.0 s
[blk  180/260]  E_chunk -15.4840085483  W 2.000707e+02  nodes          0  t   5361.3 s
[blk  200/260]  E_chunk -15.4649154221  W 2.000057e+02  nodes          0  t   5883.8 s
[blk  220/260]  E_chunk -15.4680037181  W 2.001970e+02  nodes          0  t   6413.5 s
[blk  240/260]  E_chunk -15.4905797953  W 2.004034e+02  nodes          0  t   6940.3 s
[blk  260/260]  E_chunk -15.4860076160  W 2.000222e+02  nodes          0  t   7464.5 s

Rejected 0 outlier blocks.

Final blocking analysis:
mu: -15.4796975962246  SE*: 0.003073025442884394  95% CI: (-15.485720726092653, -15.473674466356547)

Blocking SE curve (ratio LOO):
      B      G             SE   SE/SE(B=1)
      1    200   1.147400e-03        1.000
      2    100   1.560150e-03        1.360
      3     66   1.871513e-03        1.631
      4     50   2.107057e-03        1.836
      5     40   2.325325e-03        2.027
      6     33   2.491261e-03        2.171
      7     28   2.648443e-03        2.308
      8     25   2.885511e-03        2.515
      9     22   2.881725e-03        2.512
*    10     20   3.073025e-03        2.678

CPMC energy = -15.4796975962246 +/- 0.0030730254428843937; elapsed=7508.7 s
