L=48 (24,24), U=4.0
MPO site   0 / 48 .. D = 6
MPO site   1 / 48 .. D = 6
MPO site   2 / 48 .. D = 6
MPO site   3 / 48 .. D = 6
MPO site   4 / 48 .. D = 6
MPO site   5 / 48 .. D = 6
MPO site   6 / 48 .. D = 6
MPO site   7 / 48 .. D = 6
MPO site   8 / 48 .. D = 6
MPO site   9 / 48 .. D = 6
MPO site  10 / 48 .. D = 6
MPO site  11 / 48 .. D = 6
MPO site  12 / 48 .. D = 6
MPO site  13 / 48 .. D = 6
MPO site  14 / 48 .. D = 6
MPO site  15 / 48 .. D = 6
MPO site  16 / 48 .. D = 6
MPO site  17 / 48 .. D = 6
MPO site  18 / 48 .. D = 6
MPO site  19 / 48 .. D = 6
MPO site  20 / 48 .. D = 6
MPO site  21 / 48 .. D = 6
MPO site  22 / 48 .. D = 6
MPO site  23 / 48 .. D = 6
MPO site  24 / 48 .. D = 6
MPO site  25 / 48 .. D = 6
MPO site  26 / 48 .. D = 6
MPO site  27 / 48 .. D = 6
MPO site  28 / 48 .. D = 6
MPO site  29 / 48 .. D = 6
MPO site  30 / 48 .. D = 6
MPO site  31 / 48 .. D = 6
MPO site  32 / 48 .. D = 6
MPO site  33 / 48 .. D = 6
MPO site  34 / 48 .. D = 6
MPO site  35 / 48 .. D = 6
MPO site  36 / 48 .. D = 6
MPO site  37 / 48 .. D = 6
MPO site  38 / 48 .. D = 6
MPO site  39 / 48 .. D = 6
MPO site  40 / 48 .. D = 6
MPO site  41 / 48 .. D = 6
MPO site  42 / 48 .. D = 6
MPO site  43 / 48 .. D = 6
MPO site  44 / 48 .. D = 6
MPO site  45 / 48 .. D = 6
MPO site  46 / 48 .. D = 6
MPO site  47 / 48 .. D = 1
DMRG Davidson energy=-26.960298967328; dense-MPS expectation=-26.955698012440
trial bonds: [1, 4, 8, 8, 8, 8, 8, 8, 8, 8, 8, 8, 8, 8, 8, 8, 8, 8, 8, 8, 8, 8, 8, 8, 8, 8, 8, 8, 8, 8, 8, 8, 8, 8, 8, 8, 8, 8, 8, 8, 8, 8, 8, 8, 8, 8, 8, 4, 1]
H|trial> compressed bonds: [1, 4, 16, 38, 38, 38, 38, 38, 35, 35, 35, 35, 35, 35, 35, 35, 35, 35, 35, 35, 35, 35, 35, 35, 35, 35, 35, 35, 35, 35, 35, 35, 35, 35, 35, 35, 35, 35, 35, 35, 35, 38, 38, 38, 38, 38, 16, 4, 1]
trial natural orbitals: alpha gap n_N - n_N+1 = 0.519
plan reference: natural determinant; gates 215, 215
walkers start from the natural determinant, E=-15.926810065021; orbital-plan infidelity 5.4e-10, 5.4e-10
walker truncation reference discarded weights: 1.589e-05, 1.589e-05
walker bonds: [1, 4, 16, 36, 36, 36, 36, 36, 36, 36, 36, 36, 36, 36, 36, 36, 36, 36, 36, 36, 36, 36, 36, 36, 36, 36, 36, 36, 36, 36, 36, 36, 36, 36, 36, 36, 36, 36, 36, 36, 36, 36, 36, 36, 36, 36, 16, 4, 1]
overlap environment entries: {'dense': 12674, 'exact_blocks': 1286, 'padded_blocks': 2482, 'transitions': 860} dense/padded=5.11x
E0925 00:33:03.790620  601750 slow_operation_alarm.cc:73] 
********************************
[Compiling module jit_run_blocks for CPU] Very slow compile? If you want to file a bug, run with envvar XLA_FLAGS=--xla_dump_to=/tmp/foo and attach the results.
********************************
E0925 00:36:34.833891  601440 slow_operation_alarm.cc:140] The operation took 5m31.043375949s

********************************
[Compiling module jit_run_blocks for CPU] Very slow compile? If you want to file a bug, run with envvar XLA_FLAGS=--xla_dump_to=/tmp/foo and attach the results.
********************************
[eql   20/260]  E_chunk -27.1299729030  W 1.993945e+02  nodes          0  t   1584.6 s
[eql   40/260]  E_chunk -27.1299237757  W 2.000464e+02  nodes          0  t   2246.6 s
[eql   60/260]  E_chunk -27.1515893801  W 2.002033e+02  nodes          0  t   2910.5 s
[blk   80/260]  E_chunk -27.1415723728  W 2.000227e+02  nodes          0  t   3575.9 s
[blk  100/260]  E_chunk -27.1503568627  W 2.001689e+02  nodes          0  t   4239.9 s
[blk  120/260]  E_chunk -27.1428710796  W 2.000505e+02  nodes          0  t   4902.8 s
[blk  140/260]  E_chunk -27.1471109840  W 2.001047e+02  nodes          0  t   5567.8 s
[blk  160/260]  E_chunk -27.1472673424  W 2.000934e+02  nodes          0  t   6231.8 s
[blk  180/260]  E_chunk -27.1489013965  W 2.000748e+02  nodes          0  t   6893.1 s
[blk  200/260]  E_chunk -27.1550359209  W 2.002375e+02  nodes          0  t   7555.0 s
[blk  220/260]  E_chunk -27.1612296873  W 2.000406e+02  nodes          0  t   8216.9 s
[blk  240/260]  E_chunk -27.1437799973  W 1.999827e+02  nodes          0  t   8878.8 s
[blk  260/260]  E_chunk -27.1271589589  W 1.999117e+02  nodes          0  t   9539.2 s

Rejected 0 outlier blocks.

Final blocking analysis:
mu: -27.14653097557734  SE*: 0.002566355850492609  95% CI: (-27.151561033044306, -27.141500918110378)

Blocking SE curve (ratio LOO):
      B      G             SE   SE/SE(B=1)
      1    200   1.089689e-03        1.000
      2    100   1.450947e-03        1.332
      3     66   1.732502e-03        1.590
      4     50   1.890994e-03        1.735
      5     40   2.055311e-03        1.886
      6     33   2.201419e-03        2.020
      7     28   2.406824e-03        2.209
      8     25   2.399191e-03        2.202
*     9     22   2.566356e-03        2.355
     10     20   2.291775e-03        2.103

CPMC energy = -27.146530975577342 +/- 0.002566355850492609; elapsed=9586.2 s
