
Currently Loaded Modules:
  1) modules/2.5-beta2 (S)   2) python/3.12.13   3) cuda/13.3.0

  Where:
   S:  Module is Sticky, requires --force to unload or purge

 

job:    7107867 on workergpu045
python: /mnt/home/fnappi/.trot312/bin/python bench_mps_cpmc_gpu.py
args:   --L 32 --baseline
start:  Fri Sep 25 16:55:09 EDT 2026
NVIDIA A100-SXM4-80GB, 580.178.04, 81920 MiB
MPO site   0 / 4 .. D = 6
MPO site   1 / 4 .. D = 6
MPO site   2 / 4 .. D = 6
MPO site   3 / 4 .. D = 1
env: 3.12.13 jax 0.11.0 device NVIDIA A100-SXM4-80GB memory 76764151808 L=4 DMRG -1.9531453087
jax 0.11.0, backend gpu, device NVIDIA A100-SXM4-80GB, default float float64, FP64 peak 19.5 TFLOP/s

=== L=32 U=4.0 trial chi=8 walker chi=4 ===
jax 0.11.0, backend gpu, device NVIDIA A100-SXM4-80GB; linalg=batched, walker_qr=cholesky, energy=blocked
L=32 (16,16), U=4.0
trial loaded from /mnt/home/fnappi/trot_mps/trot/gmps/trial_cache/L32_n16-16_t1_U4_chi8_sw10_seed0.npz
DMRG Davidson energy=-17.852424620193; dense-MPS expectation=-17.847744259779
trial bonds: [1, 4, 8, 8, 8, 8, 8, 8, 8, 8, 8, 8, 8, 8, 8, 8, 8, 8, 8, 8, 8, 8, 8, 8, 8, 8, 8, 8, 8, 8, 8, 4, 1]
H|trial> compressed bonds (charge-labelled): [1, 4, 16, 38, 38, 38, 38, 38, 38, 38, 35, 35, 35, 35, 35, 35, 35, 35, 35, 35, 35, 35, 35, 38, 38, 38, 38, 38, 38, 38, 16, 4, 1]
trial natural orbitals: alpha gap n_N - n_N+1 = 0.503
plan reference: natural determinant; gates 135, 135
walkers start from the natural determinant, E=-9.714483158285; orbital-plan infidelity 7.1e-10, 7.1e-10
walker truncation reference discarded weights: 2.653e-04, 2.653e-04
walker channel bonds: [1, 2, 4, 4, 4, 4, 4, 4, 4, 4, 4, 4, 4, 4, 4, 4, 4, 4, 4, 4, 4, 4, 4, 4, 4, 4, 4, 4, 4, 4, 4, 2, 1]
conversion circuit: {'spins': 2, 'ops': 295, 'gates': 135, 'moves': 160, 'closed_form_batches': 395, 'qr_calls': 129, 'eigh_calls': 75, 'max_qr': 3, 'max_eigh': 3, 'eigh_over_32': 0, 'max_bond': 4}; spin-batched=True
overlap plan: {'exact_entries': 532, 'padded_entries': 1570, 'transitions': 552, 'env_entries': 1570, 'contraction_fma': 25184, 'max_pads': (2, 2, 2)}
energy plan:  {'exact_entries': 1956, 'padded_entries': 7102, 'transitions': 740, 'env_entries': 7102, 'contraction_fma': 209728, 'max_pads': (2, 2, 7)}
memory model: {'step_bytes_per_walker': 164224, 'energy_bytes_per_walker': 257312, 'data_bytes': 292336}; device limit 76764151808; n_chunks 1 (energy 1)
 walkers chunks compile s   ms/step  walker-steps/s   GFLOP/s  %peak  temp GB model GB energy ms
     128      1      27.1     25.11          5097.6       0.7   0.00     0.01     0.02     14.80
         custom calls in the step: {'__cublas$triangularSolve': 4, 'cusolver_geqrf_ffi': 131, 'cusolver_getrf_ffi': 2, 'cusolver_orgqr_ffi': 131, 'cusolver_potrf_ffi': 4, 'cusolver_syevd_ffi': 106}; while loops 1, conditionals 3
         baseline (mps_cpmc_new on this GPU):     54.28 ms/step, compile 101.5 s -> speedup 2.2x
     256      1      29.1     27.65          9259.0       1.2   0.01     0.01     0.04     15.80
         baseline (mps_cpmc_new on this GPU):     56.46 ms/step, compile 110.5 s -> speedup 2.0x
     512      1      29.2     33.26         15393.3       2.0   0.01     0.03     0.08     19.54
         baseline (mps_cpmc_new on this GPU):     59.95 ms/step, compile 111.9 s -> speedup 1.8x
    1024      1      29.8     44.88         22815.5       2.9   0.02     0.06     0.17     26.68
         baseline (mps_cpmc_new on this GPU):     67.12 ms/step, compile 118.8 s -> speedup 1.5x
    2048      1      30.0     68.70         29811.6       3.8   0.02     0.11     0.34     37.60
[2026-09-25T17:09:35.509] error: *** JOB 7107867 ON workergpu045 CANCELLED AT 2026-09-25T17:09:35 DUE to SIGNAL Terminated ***
srun: Job step aborted: Waiting up to 62 seconds for job step to finish.
[2026-09-25T17:09:35.516] error: *** STEP 7107867.0 ON workergpu045 CANCELLED AT 2026-09-25T17:09:35 DUE to SIGNAL Terminated ***
