
Currently Loaded Modules:
  1) modules/2.5-beta2 (S)   2) python/3.12.13   3) cuda/13.3.0

  Where:
   S:  Module is Sticky, requires --force to unload or purge

 

job:    7107165 on workergpu067
python: /mnt/home/fnappi/.trot312/bin/python bench_mps_cpmc_gpu.py
args:   --L 32 --baseline
start:  Fri Sep 25 13:18:05 EDT 2026
NVIDIA A100-SXM4-80GB, 580.178.04, 81920 MiB
MPO site   0 / 4 .. D = 6
MPO site   1 / 4 .. D = 6
MPO site   2 / 4 .. D = 6
MPO site   3 / 4 .. D = 1
env: 3.12.13 jax 0.11.0 device NVIDIA A100-SXM4-80GB MIG 2g.20gb memory 18845007872 L=4 DMRG -1.9531453087
jax 0.11.0, backend gpu, device NVIDIA A100-SXM4-80GB MIG 2g.20gb, default float float64, FP64 peak 19.5 TFLOP/s

=== L=32 U=4.0 trial chi=8 walker chi=4 ===
jax 0.11.0, backend gpu, device NVIDIA A100-SXM4-80GB MIG 2g.20gb; linalg=eigh, walker_qr=cholesky, energy=blocked
L=32 (16,16), U=4.0
MPO site   0 / 32 .. D = 6
MPO site   1 / 32 .. D = 6
MPO site   2 / 32 .. D = 6
MPO site   3 / 32 .. D = 6
MPO site   4 / 32 .. D = 6
MPO site   5 / 32 .. D = 6
MPO site   6 / 32 .. D = 6
MPO site   7 / 32 .. D = 6
MPO site   8 / 32 .. D = 6
MPO site   9 / 32 .. D = 6
MPO site  10 / 32 .. D = 6
MPO site  11 / 32 .. D = 6
MPO site  12 / 32 .. D = 6
MPO site  13 / 32 .. D = 6
MPO site  14 / 32 .. D = 6
MPO site  15 / 32 .. D = 6
MPO site  16 / 32 .. D = 6
MPO site  17 / 32 .. D = 6
MPO site  18 / 32 .. D = 6
MPO site  19 / 32 .. D = 6
MPO site  20 / 32 .. D = 6
MPO site  21 / 32 .. D = 6
MPO site  22 / 32 .. D = 6
MPO site  23 / 32 .. D = 6
MPO site  24 / 32 .. D = 6
MPO site  25 / 32 .. D = 6
MPO site  26 / 32 .. D = 6
MPO site  27 / 32 .. D = 6
MPO site  28 / 32 .. D = 6
MPO site  29 / 32 .. D = 6
MPO site  30 / 32 .. D = 6
MPO site  31 / 32 .. D = 1
trial saved to /mnt/home/fnappi/trot_mps/trot/gmps/trial_cache/L32_n16-16_t1_U4_chi8_sw10_seed0.npz
DMRG Davidson energy=-17.852424620193; dense-MPS expectation=-17.847744259779
trial bonds: [1, 4, 8, 8, 8, 8, 8, 8, 8, 8, 8, 8, 8, 8, 8, 8, 8, 8, 8, 8, 8, 8, 8, 8, 8, 8, 8, 8, 8, 8, 8, 4, 1]
H|trial> compressed bonds (charge-labelled): [1, 4, 16, 38, 38, 38, 38, 38, 38, 38, 35, 35, 35, 35, 35, 35, 35, 35, 35, 35, 35, 35, 35, 38, 38, 38, 38, 38, 38, 38, 16, 4, 1]
trial natural orbitals: alpha gap n_N - n_N+1 = 0.503
plan reference: natural determinant; gates 135, 135
walkers start from the natural determinant, E=-9.714483158285; orbital-plan infidelity 7.1e-10, 7.1e-10
walker truncation reference discarded weights: 2.653e-04, 2.653e-04
walker channel bonds: [1, 2, 4, 4, 4, 4, 4, 4, 4, 4, 4, 4, 4, 4, 4, 4, 4, 4, 4, 4, 4, 4, 4, 4, 4, 4, 4, 4, 4, 4, 4, 2, 1]
conversion circuit: {'ops': 295, 'gates': 135, 'moves': 160, 'max_eigh': 3, 'eigh_over_32': 0, 'max_sectors': 3, 'max_bond': 4}; spin-batched=False
overlap plan: {'exact_entries': 532, 'padded_entries': 1570, 'transitions': 552, 'env_entries': 1570, 'contraction_fma': 25184, 'max_pads': (2, 2, 2)}
energy plan:  {'exact_entries': 1956, 'padded_entries': 7102, 'transitions': 740, 'env_entries': 7102, 'contraction_fma': 209728, 'max_pads': (2, 2, 7)}
memory model: {'step_bytes_per_walker': 165056, 'energy_bytes_per_walker': 258144, 'data_bytes': 292336}; device limit 18845007872; n_chunks 1 (energy 1)
 walkers chunks compile s   ms/step  walker-steps/s   GFLOP/s  %peak  temp GB model GB energy ms
     128      1      48.7     67.05          1909.1       0.3   0.00     0.01     0.02     35.84
         custom calls in the step: {'__cublas$triangularSolve': 4, 'cusolver_geqrf_ffi': 2, 'cusolver_getrf_ffi': 2, 'cusolver_orgqr_ffi': 2, 'cusolver_potrf_ffi': 4, 'cusolver_syevd_ffi': 652}; while loops 1, conditionals 3
         baseline (mps_cpmc_new on this GPU):     54.83 ms/step, compile 113.2 s -> speedup 0.8x
     256      1      53.3     89.88          2848.2       0.4   0.00     0.01     0.04     47.43
         baseline (mps_cpmc_new on this GPU):     60.86 ms/step, compile 132.9 s -> speedup 0.7x
     512      1      59.8    135.79          3770.6       0.6   0.00     0.03     0.08     72.01
         baseline (mps_cpmc_new on this GPU):     83.87 ms/step, compile 130.5 s -> speedup 0.6x
    1024      1      59.5    225.72          4536.7       0.7   0.00     0.06     0.17    120.25
         baseline (mps_cpmc_new on this GPU):    121.63 ms/step, compile 134.2 s -> speedup 0.5x
    2048      1      58.9    405.59          5049.5       0.7   0.00     0.12     0.34    216.88
    4096      1      58.8    772.34          5303.4       0.8   0.00     0.24     0.68    413.93
throughput scaling 128 -> 4096 walkers: 2.8x (POOR: the step is not batching walkers efficiently)

=== L=32 U=4.0 trial chi=8 walker chi=8 ===
jax 0.11.0, backend gpu, device NVIDIA A100-SXM4-80GB MIG 2g.20gb; linalg=eigh, walker_qr=cholesky, energy=blocked
L=32 (16,16), U=4.0
trial loaded from /mnt/home/fnappi/trot_mps/trot/gmps/trial_cache/L32_n16-16_t1_U4_chi8_sw10_seed0.npz
DMRG Davidson energy=-17.852424620193; dense-MPS expectation=-17.847744259779
trial bonds: [1, 4, 8, 8, 8, 8, 8, 8, 8, 8, 8, 8, 8, 8, 8, 8, 8, 8, 8, 8, 8, 8, 8, 8, 8, 8, 8, 8, 8, 8, 8, 4, 1]
H|trial> compressed bonds (charge-labelled): [1, 4, 16, 38, 38, 38, 38, 38, 38, 38, 35, 35, 35, 35, 35, 35, 35, 35, 35, 35, 35, 35, 35, 38, 38, 38, 38, 38, 38, 38, 16, 4, 1]
trial natural orbitals: alpha gap n_N - n_N+1 = 0.503
plan reference: natural determinant; gates 135, 135
walkers start from the natural determinant, E=-9.714483158285; orbital-plan infidelity 7.1e-10, 7.1e-10
walker truncation reference discarded weights: 1.248e-06, 1.248e-06
walker channel bonds: [1, 2, 4, 8, 8, 8, 8, 8, 8, 8, 8, 8, 8, 8, 8, 8, 8, 8, 8, 8, 8, 8, 8, 8, 8, 8, 8, 8, 8, 8, 4, 2, 1]
conversion circuit: {'ops': 295, 'gates': 135, 'moves': 160, 'max_eigh': 6, 'eigh_over_32': 0, 'max_sectors': 4, 'max_bond': 8}; spin-batched=False
overlap plan: {'exact_entries': 1416, 'padded_entries': 3380, 'transitions': 552, 'env_entries': 3380, 'contraction_fma': 72272, 'max_pads': (3, 3, 2)}
energy plan:  {'exact_entries': 5751, 'padded_entries': 22411, 'transitions': 1172, 'env_entries': 22411, 'contraction_fma': 895034, 'max_pads': (3, 3, 7)}
memory model: {'step_bytes_per_walker': 463456, 'energy_bytes_per_walker': 838928, 'data_bytes': 458992}; device limit 18845007872; n_chunks 1 (energy 1)
 walkers chunks compile s   ms/step  walker-steps/s   GFLOP/s  %peak  temp GB model GB energy ms
     128      1      58.1     85.20          1502.4       0.6   0.00     0.01     0.06     46.58
         custom calls in the step: {'__cublas$triangularSolve': 4, 'cusolver_geqrf_ffi': 2, 'cusolver_getrf_ffi': 2, 'cusolver_orgqr_ffi': 2, 'cusolver_potrf_ffi': 4, 'cusolver_syevd_ffi': 652}; while loops 1, conditionals 3
         baseline (mps_cpmc_new on this GPU):     81.77 ms/step, compile 153.6 s -> speedup 1.0x
     256      1      60.2    120.07          2132.1       0.9   0.00     0.03     0.12     67.40
         baseline (mps_cpmc_new on this GPU):     92.21 ms/step, compile 161.0 s -> speedup 0.8x
     512      1      57.7    191.52          2673.3       1.1   0.01     0.06     0.24    108.82
         baseline (mps_cpmc_new on this GPU):    124.85 ms/step, compile 166.0 s -> speedup 0.7x
    1024      1      61.8    336.42          3043.8       1.2   0.01     0.11     0.47    191.01
         baseline (mps_cpmc_new on this GPU):    181.33 ms/step, compile 157.8 s -> speedup 0.5x
    2048      1      61.3    624.34          3280.2       1.3   0.01     0.24     0.95    356.39
    4096      1      60.2   1206.03          3396.3       1.4   0.01     0.47     1.90    688.95
throughput scaling 128 -> 4096 walkers: 2.3x (POOR: the step is not batching walkers efficiently)

=== L=32 U=4.0 trial chi=8 walker chi=16 ===
jax 0.11.0, backend gpu, device NVIDIA A100-SXM4-80GB MIG 2g.20gb; linalg=eigh, walker_qr=cholesky, energy=blocked
L=32 (16,16), U=4.0
trial loaded from /mnt/home/fnappi/trot_mps/trot/gmps/trial_cache/L32_n16-16_t1_U4_chi8_sw10_seed0.npz
DMRG Davidson energy=-17.852424620193; dense-MPS expectation=-17.847744259779
trial bonds: [1, 4, 8, 8, 8, 8, 8, 8, 8, 8, 8, 8, 8, 8, 8, 8, 8, 8, 8, 8, 8, 8, 8, 8, 8, 8, 8, 8, 8, 8, 8, 4, 1]
H|trial> compressed bonds (charge-labelled): [1, 4, 16, 38, 38, 38, 38, 38, 38, 38, 35, 35, 35, 35, 35, 35, 35, 35, 35, 35, 35, 35, 35, 38, 38, 38, 38, 38, 38, 38, 16, 4, 1]
trial natural orbitals: alpha gap n_N - n_N+1 = 0.503
plan reference: natural determinant; gates 135, 135
walkers start from the natural determinant, E=-9.714483158285; orbital-plan infidelity 7.1e-10, 7.1e-10
walker truncation reference discarded weights: 9.951e-11, 9.951e-11
walker channel bonds: [1, 2, 4, 8, 16, 16, 16, 16, 16, 16, 16, 16, 16, 16, 16, 16, 16, 16, 16, 16, 16, 16, 16, 16, 16, 16, 16, 16, 16, 8, 4, 2, 1]
conversion circuit: {'ops': 295, 'gates': 135, 'moves': 160, 'max_eigh': 10, 'eigh_over_32': 0, 'max_sectors': 5, 'max_bond': 16}; spin-batched=False
overlap plan: {'exact_entries': 4771, 'padded_entries': 12506, 'transitions': 552, 'env_entries': 12506, 'contraction_fma': 463664, 'max_pads': (6, 6, 2)}
energy plan:  {'exact_entries': 19850, 'padded_entries': 83836, 'transitions': 1172, 'env_entries': 83836, 'contraction_fma': 4862522, 'max_pads': (6, 6, 7)}
memory model: {'step_bytes_per_walker': 1717664, 'energy_bytes_per_walker': 3143616, 'data_bytes': 458992}; device limit 18845007872; n_chunks 1 (energy 1)
 walkers chunks compile s   ms/step  walker-steps/s   GFLOP/s  %peak  temp GB model GB energy ms
     128      1      59.2    123.53          1036.2       1.8   0.01     0.05     0.22     70.89
         custom calls in the step: {'__cublas$triangularSolve': 4, 'cusolver_geqrf_ffi': 2, 'cusolver_getrf_ffi': 2, 'cusolver_orgqr_ffi': 2, 'cusolver_potrf_ffi': 4, 'cusolver_syevd_ffi': 652}; while loops 1, conditionals 3
         baseline (mps_cpmc_new on this GPU):    113.59 ms/step, compile 172.1 s -> speedup 0.9x
     256      1      60.4    191.48          1336.9       2.3   0.01     0.10     0.44    112.54
         baseline (mps_cpmc_new on this GPU):    140.36 ms/step, compile 169.9 s -> speedup 0.7x
     512      1      65.3    325.42          1573.4       2.7   0.01     0.21     0.88    195.32
         baseline (mps_cpmc_new on this GPU):    201.20 ms/step, compile 171.3 s -> speedup 0.6x
    1024      1      63.5    595.58          1719.3       3.0   0.02     0.41     1.76    361.69
         baseline (mps_cpmc_new on this GPU):    330.23 ms/step, compile 190.1 s -> speedup 0.6x
    2048      1      64.9   1148.72          1782.9       3.1   0.02     0.83     3.52    698.42
    4096      1      62.4   2327.88          1759.5       3.1   0.02     1.66     7.04   1397.42
throughput scaling 128 -> 4096 walkers: 1.7x (POOR: the step is not batching walkers efficiently)

=== L=32 U=4.0 trial chi=32 walker chi=4 ===
jax 0.11.0, backend gpu, device NVIDIA A100-SXM4-80GB MIG 2g.20gb; linalg=eigh, walker_qr=cholesky, energy=blocked
L=32 (16,16), U=4.0
MPO site   0 / 32 .. D = 6
MPO site   1 / 32 .. D = 6
MPO site   2 / 32 .. D = 6
MPO site   3 / 32 .. D = 6
MPO site   4 / 32 .. D = 6
MPO site   5 / 32 .. D = 6
MPO site   6 / 32 .. D = 6
MPO site   7 / 32 .. D = 6
MPO site   8 / 32 .. D = 6
MPO site   9 / 32 .. D = 6
MPO site  10 / 32 .. D = 6
MPO site  11 / 32 .. D = 6
MPO site  12 / 32 .. D = 6
MPO site  13 / 32 .. D = 6
MPO site  14 / 32 .. D = 6
MPO site  15 / 32 .. D = 6
MPO site  16 / 32 .. D = 6
MPO site  17 / 32 .. D = 6
MPO site  18 / 32 .. D = 6
MPO site  19 / 32 .. D = 6
MPO site  20 / 32 .. D = 6
MPO site  21 / 32 .. D = 6
MPO site  22 / 32 .. D = 6
MPO site  23 / 32 .. D = 6
MPO site  24 / 32 .. D = 6
MPO site  25 / 32 .. D = 6
MPO site  26 / 32 .. D = 6
MPO site  27 / 32 .. D = 6
MPO site  28 / 32 .. D = 6
MPO site  29 / 32 .. D = 6
MPO site  30 / 32 .. D = 6
MPO site  31 / 32 .. D = 1
trial saved to /mnt/home/fnappi/trot_mps/trot/gmps/trial_cache/L32_n16-16_t1_U4_chi32_sw10_seed0.npz
DMRG Davidson energy=-17.992334416016; dense-MPS expectation=-17.992172390232
trial bonds: [1, 4, 16, 32, 32, 32, 32, 32, 32, 32, 32, 32, 32, 32, 32, 32, 32, 32, 32, 32, 32, 32, 32, 32, 32, 32, 32, 32, 32, 32, 16, 4, 1]
H|trial> compressed bonds (charge-labelled): [1, 4, 16, 64, 160, 156, 160, 158, 160, 156, 160, 156, 160, 158, 160, 158, 160, 158, 160, 158, 160, 156, 160, 158, 160, 156, 160, 156, 160, 64, 16, 4, 1]
trial natural orbitals: alpha gap n_N - n_N+1 = 0.268
plan reference: natural determinant; gates 178, 178
walkers start from the natural determinant, E=-7.830483057426; orbital-plan infidelity 3.0e-10, 3.0e-10
walker truncation reference discarded weights: 3.029e-02, 3.029e-02
walker channel bonds: [1, 2, 4, 4, 4, 4, 4, 4, 4, 4, 4, 4, 4, 4, 4, 4, 4, 4, 4, 4, 4, 4, 4, 4, 4, 4, 4, 4, 4, 4, 4, 2, 1]
conversion circuit: {'ops': 379, 'gates': 178, 'moves': 201, 'max_eigh': 3, 'eigh_over_32': 0, 'max_sectors': 3, 'max_bond': 4}; spin-batched=False
overlap plan: {'exact_entries': 1601, 'padded_entries': 5446, 'transitions': 740, 'env_entries': 5446, 'contraction_fma': 132928, 'max_pads': (2, 2, 6)}
energy plan:  {'exact_entries': 6397, 'padded_entries': 20638, 'transitions': 740, 'env_entries': 20638, 'contraction_fma': 1385528, 'max_pads': (2, 2, 24)}
memory model: {'step_bytes_per_walker': 272384, 'energy_bytes_per_walker': 363552, 'data_bytes': 2529200}; device limit 18845007872; n_chunks 1 (energy 1)
 walkers chunks compile s   ms/step  walker-steps/s   GFLOP/s  %peak  temp GB model GB energy ms
     128      1      79.1     92.14          1389.3       0.4   0.00     0.01     0.03     48.76
         custom calls in the step: {'__cublas$triangularSolve': 4, 'cusolver_geqrf_ffi': 2, 'cusolver_getrf_ffi': 2, 'cusolver_orgqr_ffi': 2, 'cusolver_potrf_ffi': 4, 'cusolver_syevd_ffi': 820}; while loops 1, conditionals 3
         baseline (mps_cpmc_new on this GPU):     76.32 ms/step, compile 184.4 s -> speedup 0.8x
     256      1      81.2    126.10          2030.2       0.6   0.00     0.03     0.07     66.37
         baseline (mps_cpmc_new on this GPU):     86.50 ms/step, compile 196.0 s -> speedup 0.7x
     512      1      78.6    193.04          2652.3       0.8   0.00     0.05     0.14    103.74
         baseline (mps_cpmc_new on this GPU):    120.02 ms/step, compile 191.7 s -> speedup 0.6x
    1024      1      77.0    325.39          3147.0       0.9   0.00     0.11     0.28    175.95
         baseline (mps_cpmc_new on this GPU):    177.60 ms/step, compile 192.8 s -> speedup 0.5x
    2048      1      72.1    592.19          3458.3       1.0   0.01     0.22     0.56    321.58
    4096      1      70.8   1132.86          3615.6       1.0   0.01     0.44     1.12    618.02
throughput scaling 128 -> 4096 walkers: 2.6x (POOR: the step is not batching walkers efficiently)

=== L=32 U=4.0 trial chi=32 walker chi=8 ===
jax 0.11.0, backend gpu, device NVIDIA A100-SXM4-80GB MIG 2g.20gb; linalg=eigh, walker_qr=cholesky, energy=blocked
L=32 (16,16), U=4.0
trial loaded from /mnt/home/fnappi/trot_mps/trot/gmps/trial_cache/L32_n16-16_t1_U4_chi32_sw10_seed0.npz
DMRG Davidson energy=-17.992334416016; dense-MPS expectation=-17.992172390232
trial bonds: [1, 4, 16, 32, 32, 32, 32, 32, 32, 32, 32, 32, 32, 32, 32, 32, 32, 32, 32, 32, 32, 32, 32, 32, 32, 32, 32, 32, 32, 32, 16, 4, 1]
H|trial> compressed bonds (charge-labelled): [1, 4, 16, 64, 160, 156, 160, 158, 160, 156, 160, 156, 160, 158, 160, 158, 160, 158, 160, 158, 160, 156, 160, 158, 160, 156, 160, 156, 160, 64, 16, 4, 1]
trial natural orbitals: alpha gap n_N - n_N+1 = 0.268
plan reference: natural determinant; gates 178, 178
walkers start from the natural determinant, E=-7.830483057426; orbital-plan infidelity 3.0e-10, 3.0e-10
walker truncation reference discarded weights: 2.322e-04, 2.322e-04
walker channel bonds: [1, 2, 4, 8, 8, 8, 8, 8, 8, 8, 8, 8, 8, 8, 8, 8, 8, 8, 8, 8, 8, 8, 8, 8, 8, 8, 8, 8, 8, 8, 4, 2, 1]
conversion circuit: {'ops': 379, 'gates': 178, 'moves': 201, 'max_eigh': 6, 'eigh_over_32': 0, 'max_sectors': 5, 'max_bond': 8}; spin-batched=False
overlap plan: {'exact_entries': 4066, 'padded_entries': 11446, 'transitions': 1192, 'env_entries': 11446, 'contraction_fma': 291768, 'max_pads': (3, 3, 6)}
energy plan:  {'exact_entries': 17375, 'padded_entries': 58942, 'transitions': 1698, 'env_entries': 58942, 'contraction_fma': 3854834, 'max_pads': (3, 3, 24)}
memory model: {'step_bytes_per_walker': 734752, 'energy_bytes_per_walker': 1279168, 'data_bytes': 6041984}; device limit 18845007872; n_chunks 1 (energy 1)
 walkers chunks compile s   ms/step  walker-steps/s   GFLOP/s  %peak  temp GB model GB energy ms
     128      1      80.0    126.24          1013.9       0.8   0.00     0.03     0.09     70.56
         custom calls in the step: {'__cublas$triangularSolve': 4, 'cusolver_geqrf_ffi': 2, 'cusolver_getrf_ffi': 2, 'cusolver_orgqr_ffi': 2, 'cusolver_potrf_ffi': 4, 'cusolver_syevd_ffi': 820}; while loops 1, conditionals 3
         baseline (mps_cpmc_new on this GPU):    127.48 ms/step, compile 240.6 s -> speedup 1.0x
     256      1      77.9    182.47          1403.0       1.1   0.01     0.06     0.19    104.97
         baseline (mps_cpmc_new on this GPU):    145.76 ms/step, compile 237.6 s -> speedup 0.8x
     512      1      77.8    299.28          1710.8       1.4   0.01     0.13     0.38    175.28
         baseline (mps_cpmc_new on this GPU):    207.26 ms/step, compile 242.6 s -> speedup 0.7x
    1024      1      78.6    537.04          1906.8       1.5   0.01     0.25     0.75    317.45
         baseline (mps_cpmc_new on this GPU):    310.02 ms/step, compile 239.3 s -> speedup 0.6x
    2048      1      78.6   1008.70          2030.3       1.6   0.01     0.50     1.50    599.36
[2026-09-25T15:39:21.107] error: *** JOB 7107165 ON workergpu067 CANCELLED AT 2026-09-25T15:39:21 DUE to SIGNAL Terminated ***
