job:    7107132 on workergpu067
python: /mnt/home/fnappi/.trot312/bin/python pytest
args:   -x -q /mnt/home/fnappi/trot_mps/tests/test_gmps_mps_cpmc_gpu.py
start:  Fri Sep 25 12:52:58 EDT 2026
NVIDIA A100-SXM4-80GB, 580.178.04, 81920 MiB
Jax plugin configuration error: Exception when calling jax_plugins.xla_cuda13.initialize()
Traceback (most recent call last):
  File "/mnt/sw/nix/store/ycrdfihiy2mn42qmbp2cdj4k54j0s4mn-python-3.12.13-view/lib/python3.12/site-packages/jax_plugins/xla_cuda13/__init__.py", line 201, in _version_check
    version = get_version()
              ^^^^^^^^^^^^^
RuntimeError: jaxlib/cuda/versions_helpers.cc:52: operation cuptiGetVersion(&version) failed: Unknown CUPTI error 999. This probably means that JAX was unable to load cupti.

The above exception was the direct cause of the following exception:

Traceback (most recent call last):
  File "/mnt/sw/nix/store/ycrdfihiy2mn42qmbp2cdj4k54j0s4mn-python-3.12.13-view/lib/python3.12/site-packages/jax/_src/xla_bridge.py", line 495, in discover_pjrt_plugins
    plugin_module.initialize()
  File "/mnt/sw/nix/store/ycrdfihiy2mn42qmbp2cdj4k54j0s4mn-python-3.12.13-view/lib/python3.12/site-packages/jax_plugins/xla_cuda13/__init__.py", line 370, in initialize
    _check_cuda_versions(raise_on_first_error = True)
  File "/mnt/sw/nix/store/ycrdfihiy2mn42qmbp2cdj4k54j0s4mn-python-3.12.13-view/lib/python3.12/site-packages/jax_plugins/xla_cuda13/__init__.py", line 258, in _check_cuda_versions
    _version_check("cuPTI", cuda_versions.cupti_get_version,
  File "/mnt/sw/nix/store/ycrdfihiy2mn42qmbp2cdj4k54j0s4mn-python-3.12.13-view/lib/python3.12/site-packages/jax_plugins/xla_cuda13/__init__.py", line 205, in _version_check
    raise RuntimeError(err_msg) from e
RuntimeError: Unable to load cuPTI. Is it installed?
Traceback (most recent call last):
  File "/mnt/sw/nix/store/ycrdfihiy2mn42qmbp2cdj4k54j0s4mn-python-3.12.13-view/lib/python3.12/site-packages/jax/_src/xla_bridge.py", line 826, in backends
    backend = _init_backend(platform)
              ^^^^^^^^^^^^^^^^^^^^^^^
  File "/mnt/sw/nix/store/ycrdfihiy2mn42qmbp2cdj4k54j0s4mn-python-3.12.13-view/lib/python3.12/site-packages/jax/_src/xla_bridge.py", line 902, in _init_backend
    raise RuntimeError(
RuntimeError: Backend 'cuda' is not in the list of known backends: ['cpu', 'tpu'].

During handling of the above exception, another exception occurred:

Traceback (most recent call last):
  File "<string>", line 16, in <module>
  File "/mnt/sw/nix/store/ycrdfihiy2mn42qmbp2cdj4k54j0s4mn-python-3.12.13-view/lib/python3.12/site-packages/jax/_src/xla_bridge.py", line 1024, in devices
    return get_backend(backend).devices()
           ^^^^^^^^^^^^^^^^^^^^
  File "/mnt/sw/nix/store/ycrdfihiy2mn42qmbp2cdj4k54j0s4mn-python-3.12.13-view/lib/python3.12/site-packages/jax/_src/xla_bridge.py", line 958, in get_backend
    return _get_backend_uncached(platform)
           ^^^^^^^^^^^^^^^^^^^^^^^^^^^^^^^
  File "/mnt/sw/nix/store/ycrdfihiy2mn42qmbp2cdj4k54j0s4mn-python-3.12.13-view/lib/python3.12/site-packages/jax/_src/xla_bridge.py", line 937, in _get_backend_uncached
    bs = backends()
         ^^^^^^^^^^
  File "/mnt/sw/nix/store/ycrdfihiy2mn42qmbp2cdj4k54j0s4mn-python-3.12.13-view/lib/python3.12/site-packages/jax/_src/xla_bridge.py", line 842, in backends
    raise RuntimeError(err_msg)
RuntimeError: Unable to initialize backend 'cuda': Backend 'cuda' is not in the list of known backends: ['cpu', 'tpu']. (set JAX_PLATFORMS='' to automatically choose an available backend)
