
Currently Loaded Modules:
  1) modules/2.5-beta2 (S)   2) python/3.12.13   3) cuda/13.3.0

  Where:
   S:  Module is Sticky, requires --force to unload or purge

 

job:    7126084 on workergpu051
python: /mnt/home/fnappi/.trot312/bin/python allocation_study.py
args:   --L 8 12 --U 4 --gpu
start:  Mon Sep 28 13:05:46 EDT 2026
NVIDIA A100-SXM4-80GB, 580.178.04, 81920 MiB
MPO site   0 / 4 .. D = 6
MPO site   1 / 4 .. D = 6
MPO site   2 / 4 .. D = 6
MPO site   3 / 4 .. D = 1
env: 3.12.13 jax 0.11.0 device NVIDIA A100-SXM4-80GB memory 76764151808 L=4 DMRG -1.9531453087
self-test (L=8, U=4):
MPO site   0 / 8 .. D = 6
MPO site   1 / 8 .. D = 6
MPO site   2 / 8 .. D = 6
MPO site   3 / 8 .. D = 6
MPO site   4 / 8 .. D = 6
MPO site   5 / 8 .. D = 6
MPO site   6 / 8 .. D = 6
MPO site   7 / 8 .. D = 1
  max |frozen_vs_production| = 1.1e-11
  max |own_discarded_vs_plan_bonds| = 1.1e-16
  max |reference_vs_dense| = 1.9e-15
  max |gpu_frozen_vs_numpy| = 3.2e-12
  max |gpu_union_vs_numpy| = 7.5e-15
  max |gpu_padded_vs_numpy| = 6.7e-15
  errors below the optimum: 0
  self-test passed

== L=8 U=4 trial=dmrg
MPO site   0 / 8 .. D = 6
MPO site   1 / 8 .. D = 6
MPO site   2 / 8 .. D = 6
MPO site   3 / 8 .. D = 6
MPO site   4 / 8 .. D = 6
MPO site   5 / 8 .. D = 6
MPO site   6 / 8 .. D = 6
MPO site   7 / 8 .. D = 1
  CPMC L=8 U=4 dmrg seed 1234: trot CPMC, DMRG trial exact in the determinant basis, 9 s
MPO site   0 / 8 .. D = 6
MPO site   1 / 8 .. D = 6
MPO site   2 / 8 .. D = 6
MPO site   3 / 8 .. D = 6
MPO site   4 / 8 .. D = 6
MPO site   5 / 8 .. D = 6
MPO site   6 / 8 .. D = 6
MPO site   7 / 8 .. D = 1
  CPMC L=8 U=4 dmrg seed 2234: trot CPMC, DMRG trial exact in the determinant basis, 3 s
    errors of 200 test walkers at 10 frozen bonds and 7 nominal chis (60 s)
MPO site   0 / 8 .. D = 6
MPO site   1 / 8 .. D = 6
MPO site   2 / 8 .. D = 6
MPO site   3 / 8 .. D = 6
MPO site   4 / 8 .. D = 6
MPO site   5 / 8 .. D = 6
MPO site   6 / 8 .. D = 6
MPO site   7 / 8 .. D = 1
trial saved to /mnt/home/fnappi/trot_mps/trot/gmps/allocation_study_data/trial_cache/L8_n4-4_t1_U4_chi8_sw14_seed0.npz
    gpu frozen   2:     3.691 us/walker-step, compile   4.8 s, vs NumPy 4.4e-16
    gpu frozen   3:     4.249 us/walker-step, compile   4.6 s, vs NumPy 3.3e-16
    gpu frozen   4:     5.188 us/walker-step, compile   4.4 s, vs NumPy 0.0e+00
    gpu frozen   6:     5.499 us/walker-step, compile   4.2 s, vs NumPy 6.7e-16
    gpu frozen   8:     5.234 us/walker-step, compile   4.4 s, vs NumPy 1.1e-16
    gpu frozen   9:     5.252 us/walker-step, compile   4.2 s, vs NumPy 1.1e-16
    gpu frozen  11:     5.270 us/walker-step, compile   4.5 s, vs NumPy 3.3e-16
    gpu frozen  12:     5.264 us/walker-step, compile   4.4 s, vs NumPy 4.4e-16
    gpu frozen  13:     5.328 us/walker-step, compile   4.6 s, vs NumPy 4.4e-16
    gpu frozen  16:     5.098 us/walker-step, compile   4.3 s, vs NumPy 4.4e-16
    gpu  union   2:     4.325 us/walker-step, compile   4.5 s, vs NumPy 4.4e-16
    gpu  union   3:     5.488 us/walker-step, compile   0.9 s, vs NumPy 6.7e-16
    gpu  union   4:     5.455 us/walker-step, compile   0.9 s, vs NumPy 6.7e-16
    gpu  union   6:     5.488 us/walker-step, compile   4.4 s, vs NumPy 3.3e-16
    gpu  union   8:     5.224 us/walker-step, compile   4.3 s, vs NumPy 1.1e-16
    gpu  union  12:     5.302 us/walker-step, compile   0.9 s, vs NumPy 4.4e-16
    gpu  union  16:     5.060 us/walker-step, compile   0.9 s, vs NumPy 4.4e-16
    gpu padded   2:     4.840 us/walker-step, compile   5.1 s, vs NumPy 7.8e-16
    gpu padded   3:     6.047 us/walker-step, compile   4.7 s, vs NumPy 5.6e-16
    gpu padded   4:     6.253 us/walker-step, compile   5.2 s, vs NumPy 2.2e-16
    gpu padded   6:     6.481 us/walker-step, compile   5.3 s, vs NumPy 6.7e-16
    gpu padded   8:     6.554 us/walker-step, compile   4.9 s, vs NumPy 3.3e-16
    gpu padded  12:     6.633 us/walker-step, compile   4.9 s, vs NumPy 4.4e-16
    gpu padded  16:     6.659 us/walker-step, compile   5.1 s, vs NumPy 4.4e-16

  L=8 U=4 dmrg: trot CPMC, DMRG trial exact in the determinant basis; 200 training and 200 test walkers; circuit 16 gates (max B 5); reference floor max 0.0e+00
  median 1-F per spin channel at each nominal chi (padded and union cost D):
   chi    D   optimum       own |    padded     union    opt(D) | overflow violations
     2    4   1.2e-03   2.0e-03 |   2.0e-03   1.8e-04   4.6e-07 |       2%          0
     3    6   3.7e-05   7.0e-05 |   7.0e-05   2.2e-09   2.0e-10 |       0%          0
     4    6   4.6e-07   6.4e-07 |   6.4e-07   2.2e-09   2.0e-10 |       1%          0
     6    9   2.0e-10   2.7e-10 |   2.7e-10   6.3e-12   2.0e-13 |       2%          0
     8   11   1.4e-12   1.4e-12 |   1.4e-12   2.3e-13   7.8e-16 |       0%          0
    12   13   1.1e-16   2.2e-16 |   2.2e-16   0.0e+00   1.1e-16 |       1%          0
    16   16   1.1e-16   0.0e+00 |   0.0e+00   0.0e+00   1.1e-16 |       0%          0
  frozen (production): b=2: 4.5e-02  b=3: 2.0e-04  b=4: 1.7e-05  b=6: 2.2e-09  b=8: 4.2e-11  b=9: 9.5e-13  b=11: 1.8e-14  b=12: 2.2e-16  b=13: 0.0e+00  b=16: 0.0e+00

  cheapest way to reach median 1-F <= target; cost = largest bond
    target       frozen       padded        union   best
     1e-02         2.24          <=4          <=4   frozen (1.79x cheaper than the next)
     1e-03        2.663        4.137          <=4   frozen (1.50x cheaper than the next)
     1e-04        3.257        4.648        4.082   frozen (1.25x cheaper than the next)
     1e-05        4.094        5.221        4.434   frozen (1.08x cheaper than the next)
     1e-06        4.545        5.865        4.817   frozen (1.06x cheaper than the next)
     1e-07        5.046        6.609        5.232   frozen (1.04x cheaper than the next)
     1e-08        5.602        7.454        5.683   frozen (1.01x cheaper than the next)

  cheapest way to reach median 1-F <= target; cost = sum over gates of bond^3
    target       frozen       padded        union   best
     1e-02        162.3        <=336        <=336   frozen (2.07x cheaper than the next)
     1e-03          233        374.6        <=336   frozen (1.44x cheaper than the next)
     1e-04        370.4        544.8        358.8   union (1.03x cheaper than the next)
     1e-05        656.9        792.3        468.3   union (1.40x cheaper than the next)
     1e-06        781.6         1152        611.2   union (1.28x cheaper than the next)
     1e-07        929.8         1437        797.6   union (1.17x cheaper than the next)
     1e-08         1106         1727         1041   union (1.06x cheaper than the next)

  cheapest way to reach median 1-F <= target; cost = GPU us per walker-step (NVIDIA A100-SXM4-80GB)
    target       frozen       padded        union   best
     1e-02        3.839       <=4.84      <=4.325   frozen (1.13x cheaper than the next)
     1e-03        4.077        5.061      <=4.325   frozen (1.06x cheaper than the next)
     1e-04        4.267        5.902        4.337   frozen (1.02x cheaper than the next)
     1e-05        4.326        6.131        4.389   frozen (1.01x cheaper than the next)
     1e-06        4.386        6.232        4.441   frozen (1.01x cheaper than the next)
     1e-07        4.446        6.306        4.494   frozen (1.01x cheaper than the next)
     1e-08        4.507        6.374        4.548   frozen (1.01x cheaper than the next)

  GPU conversions vs NumPy gmps: largest infidelity 7.8e-16

== L=12 U=4 trial=dmrg
MPO site   0 / 12 .. D = 6
MPO site   1 / 12 .. D = 6
MPO site   2 / 12 .. D = 6
MPO site   3 / 12 .. D = 6
MPO site   4 / 12 .. D = 6
MPO site   5 / 12 .. D = 6
MPO site   6 / 12 .. D = 6
MPO site   7 / 12 .. D = 6
MPO site   8 / 12 .. D = 6
MPO site   9 / 12 .. D = 6
MPO site  10 / 12 .. D = 6
MPO site  11 / 12 .. D = 1
  CPMC L=12 U=4 dmrg seed 1234: trot CPMC, DMRG trial exact in the determinant basis, 14 s
MPO site   0 / 12 .. D = 6
MPO site   1 / 12 .. D = 6
MPO site   2 / 12 .. D = 6
MPO site   3 / 12 .. D = 6
MPO site   4 / 12 .. D = 6
MPO site   5 / 12 .. D = 6
MPO site   6 / 12 .. D = 6
MPO site   7 / 12 .. D = 6
MPO site   8 / 12 .. D = 6
MPO site   9 / 12 .. D = 6
MPO site  10 / 12 .. D = 6
MPO site  11 / 12 .. D = 1
  CPMC L=12 U=4 dmrg seed 2234: trot CPMC, DMRG trial exact in the determinant basis, 9 s
    errors of 200 test walkers at 11 frozen bonds and 7 nominal chis (147 s)
MPO site   0 / 12 .. D = 6
MPO site   1 / 12 .. D = 6
MPO site   2 / 12 .. D = 6
MPO site   3 / 12 .. D = 6
MPO site   4 / 12 .. D = 6
MPO site   5 / 12 .. D = 6
MPO site   6 / 12 .. D = 6
MPO site   7 / 12 .. D = 6
MPO site   8 / 12 .. D = 6
MPO site   9 / 12 .. D = 6
MPO site  10 / 12 .. D = 6
MPO site  11 / 12 .. D = 1
trial saved to /mnt/home/fnappi/trot_mps/trot/gmps/allocation_study_data/trial_cache/L12_n6-6_t1_U4_chi8_sw14_seed0.npz
    gpu frozen   2:     7.940 us/walker-step, compile   7.7 s, vs NumPy 2.8e-01   <-- GPU conversion differs from NumPy
    gpu frozen   3:     8.881 us/walker-step, compile   8.2 s, vs NumPy 4.4e-06   <-- GPU conversion differs from NumPy
    gpu frozen   4:    11.824 us/walker-step, compile   7.9 s, vs NumPy 2.3e-06   <-- GPU conversion differs from NumPy
    gpu frozen   6:    13.225 us/walker-step, compile   7.8 s, vs NumPy 6.2e-11
    gpu frozen   7:    14.053 us/walker-step, compile   8.1 s, vs NumPy 4.0e-14
    gpu frozen   8:    13.606 us/walker-step, compile   8.0 s, vs NumPy 2.7e-14
    gpu frozen  10:    13.757 us/walker-step, compile   8.4 s, vs NumPy 1.0e-15
    gpu frozen  12:    14.666 us/walker-step, compile   8.0 s, vs NumPy 1.0e-15
    gpu frozen  16:    14.965 us/walker-step, compile   8.5 s, vs NumPy 6.7e-16
    gpu frozen  18:    16.543 us/walker-step, compile   8.2 s, vs NumPy 7.8e-16
    gpu frozen  20:    15.603 us/walker-step, compile   8.1 s, vs NumPy 6.7e-16
    gpu  union   2:     9.024 us/walker-step, compile   7.8 s, vs NumPy 2.5e-05   <-- GPU conversion differs from NumPy
    gpu  union   3:    13.280 us/walker-step, compile   8.1 s, vs NumPy 6.2e-11
    gpu  union   4:    13.384 us/walker-step, compile   7.9 s, vs NumPy 7.3e-13
    gpu  union   6:    14.033 us/walker-step, compile   7.9 s, vs NumPy 2.6e-14
    gpu  union   8:    14.012 us/walker-step, compile   8.3 s, vs NumPy 2.8e-14
    gpu  union  12:    16.283 us/walker-step, compile   8.7 s, vs NumPy 8.9e-16
    gpu  union  16:    15.149 us/walker-step, compile   8.1 s, vs NumPy 6.7e-16
    gpu padded   2:    10.244 us/walker-step, compile   9.5 s, vs NumPy 9.2e-06   <-- GPU conversion differs from NumPy
    gpu padded   3:    13.957 us/walker-step, compile   9.8 s, vs NumPy 1.1e-04   <-- GPU conversion differs from NumPy
    gpu padded   4:    14.712 us/walker-step, compile  10.0 s, vs NumPy 8.5e-10
    gpu padded   6:    14.734 us/walker-step, compile  10.1 s, vs NumPy 4.6e-12
    gpu padded   8:    15.280 us/walker-step, compile  10.6 s, vs NumPy 2.7e-14
    gpu padded  12:    19.431 us/walker-step, compile  10.7 s, vs NumPy 1.0e-15
    gpu padded  16:    20.578 us/walker-step, compile  10.4 s, vs NumPy 8.9e-16

  L=12 U=4 dmrg: trot CPMC, DMRG trial exact in the determinant basis; 200 training and 200 test walkers; circuit 35 gates (max B 6); reference floor max 0.0e+00
  median 1-F per spin channel at each nominal chi (padded and union cost D):
   chi    D   optimum       own |    padded     union    opt(D) | overflow violations
     2    4   3.9e-03   7.9e-03 |   7.9e-03   6.1e-04   3.7e-06 |       0%          0
     3    7   1.5e-04   3.8e-04 |   3.8e-04   7.9e-08   1.2e-09 |       1%          0
     4    8   3.7e-06   6.6e-06 |   6.6e-06   3.1e-08   7.2e-11 |       1%          0
     6   10   9.1e-09   1.7e-08 |   1.7e-08   1.4e-10   1.8e-12 |       1%          0
     8   12   7.2e-11   1.4e-10 |   1.4e-10   5.1e-11   3.9e-14 |       3%          0
    12   18   3.9e-14   1.0e-13 |   1.0e-13   8.7e-15   2.2e-16 |       1%          0
    16   20   2.2e-16   6.7e-15 |   6.7e-15   5.7e-15   2.2e-16 |       4%          0
  frozen (production): b=2: 7.8e-02  b=3: 9.3e-04  b=4: 1.2e-04  b=6: 9.6e-08  b=7: 5.3e-08  b=8: 9.2e-09  b=10: 1.4e-10  b=12: 4.2e-13  b=16: 1.7e-14  b=18: 1.1e-14  b=20: 5.3e-15

  cheapest way to reach median 1-F <= target; cost = largest bond
    target       frozen       padded        union   best
     1e-02        2.413          <=4          <=4   frozen (1.66x cheaper than the next)
     1e-03        2.979        5.849          <=4   frozen (1.34x cheaper than the next)
     1e-04        4.044        7.314        4.478   frozen (1.11x cheaper than the next)
     1e-05        4.608        7.892        5.171   frozen (1.12x cheaper than the next)
     1e-06        5.252        8.587        5.971   frozen (1.14x cheaper than the next)
     1e-07        5.985        9.361        6.895   frozen (1.15x cheaper than the next)
     1e-08        7.951        10.21        8.384   frozen (1.05x cheaper than the next)

  cheapest way to reach median 1-F <= target; cost = sum over gates of bond^3
    target       frozen       padded        union   best
     1e-02        438.1       <=1032       <=1032   frozen (2.36x cheaper than the next)
     1e-03          724         2563       <=1032   frozen (1.43x cheaper than the next)
     1e-04         1663         4226         1352   union (1.23x cheaper than the next)
     1e-05         2206         4772         1908   union (1.16x cheaper than the next)
     1e-06         2927         6106         2693   union (1.09x cheaper than the next)
     1e-07         3883         8028         3801   union (1.02x cheaper than the next)
     1e-08         8205    1.032e+04         5658   union (1.45x cheaper than the next)

  cheapest way to reach median 1-F <= target; cost = GPU us per walker-step (NVIDIA A100-SXM4-80GB)
    target       frozen       padded        union   best
     1e-02        8.363      <=10.24      <=9.024   frozen (1.08x cheaper than the next)
     1e-03        8.864        12.64      <=9.024   frozen (1.02x cheaper than the next)
     1e-04        11.86         14.2        9.755   union (1.22x cheaper than the next)
     1e-05         12.3        14.63        10.77   union (1.14x cheaper than the next)
     1e-06        12.75        14.72         11.9   union (1.07x cheaper than the next)
     1e-07        13.22        14.73        13.14   union (1.01x cheaper than the next)
     1e-08        13.59        14.79        13.49   union (1.01x cheaper than the next)

  GPU conversions vs NumPy gmps: largest infidelity 2.8e-01   <-- above 1e-9, check before trusting the GPU costs
Traceback (most recent call last):
  File "/mnt/home/fnappi/trot_mps/trot/gmps/allocation_study.py", line 814, in <module>
    parser.add_argument("--trial", nargs="+", default=["dmrg"], choices=["dmrg", "uhf"])
    ^^^^^^
  File "/mnt/home/fnappi/trot_mps/trot/gmps/allocation_study.py", line 810, in main
    def build_parser():
        ^^^^^^^^^^^^^^^^
  File "/mnt/home/fnappi/trot_mps/trot/gmps/allocation_study.py", line 690, in plot
    worst, gap = record.get("gpu_vs_numpy_max", 0.0), record.get("error_gap_max")
    ^^^^^^^^^^^^^^^^^^^^^^^^^^^^^^^^^^^^^^^^^^^^^^^
  File "/mnt/sw/nix/store/ycrdfihiy2mn42qmbp2cdj4k54j0s4mn-python-3.12.13-view/lib/python3.12/site-packages/matplotlib/figure.py", line 3515, in savefig
    self.canvas.print_figure(fname, **kwargs)
  File "/mnt/sw/nix/store/ycrdfihiy2mn42qmbp2cdj4k54j0s4mn-python-3.12.13-view/lib/python3.12/site-packages/matplotlib/backend_bases.py", line 2281, in print_figure
    result = print_method(
             ^^^^^^^^^^^^^
  File "/mnt/sw/nix/store/ycrdfihiy2mn42qmbp2cdj4k54j0s4mn-python-3.12.13-view/lib/python3.12/site-packages/matplotlib/backend_bases.py", line 2138, in <lambda>
    print_method = functools.wraps(meth)(lambda *args, **kwargs: meth(
                                                                 ^^^^^
  File "/mnt/sw/nix/store/ycrdfihiy2mn42qmbp2cdj4k54j0s4mn-python-3.12.13-view/lib/python3.12/site-packages/matplotlib/backends/backend_agg.py", line 537, in print_png
    self._print_pil(filename_or_obj, "png", pil_kwargs, metadata)
  File "/mnt/sw/nix/store/ycrdfihiy2mn42qmbp2cdj4k54j0s4mn-python-3.12.13-view/lib/python3.12/site-packages/matplotlib/backends/backend_agg.py", line 485, in _print_pil
    FigureCanvasAgg.draw(self)
  File "/mnt/sw/nix/store/ycrdfihiy2mn42qmbp2cdj4k54j0s4mn-python-3.12.13-view/lib/python3.12/site-packages/matplotlib/backends/backend_agg.py", line 438, in draw
    self.figure.draw(self.renderer)
  File "/mnt/sw/nix/store/ycrdfihiy2mn42qmbp2cdj4k54j0s4mn-python-3.12.13-view/lib/python3.12/site-packages/matplotlib/artist.py", line 94, in draw_wrapper
    result = draw(artist, renderer, *args, **kwargs)
             ^^^^^^^^^^^^^^^^^^^^^^^^^^^^^^^^^^^^^^^
  File "/mnt/sw/nix/store/ycrdfihiy2mn42qmbp2cdj4k54j0s4mn-python-3.12.13-view/lib/python3.12/site-packages/matplotlib/artist.py", line 71, in draw_wrapper
    return draw(artist, renderer)
           ^^^^^^^^^^^^^^^^^^^^^^
  File "/mnt/sw/nix/store/ycrdfihiy2mn42qmbp2cdj4k54j0s4mn-python-3.12.13-view/lib/python3.12/site-packages/matplotlib/figure.py", line 3282, in draw
    mimage._draw_list_compositing_images(
  File "/mnt/sw/nix/store/ycrdfihiy2mn42qmbp2cdj4k54j0s4mn-python-3.12.13-view/lib/python3.12/site-packages/matplotlib/image.py", line 133, in _draw_list_compositing_images
    a.draw(renderer)
  File "/mnt/sw/nix/store/ycrdfihiy2mn42qmbp2cdj4k54j0s4mn-python-3.12.13-view/lib/python3.12/site-packages/matplotlib/artist.py", line 71, in draw_wrapper
    return draw(artist, renderer)
           ^^^^^^^^^^^^^^^^^^^^^^
  File "/mnt/sw/nix/store/ycrdfihiy2mn42qmbp2cdj4k54j0s4mn-python-3.12.13-view/lib/python3.12/site-packages/matplotlib/axes/_base.py", line 3350, in draw
    mimage._draw_list_compositing_images(
  File "/mnt/sw/nix/store/ycrdfihiy2mn42qmbp2cdj4k54j0s4mn-python-3.12.13-view/lib/python3.12/site-packages/matplotlib/image.py", line 133, in _draw_list_compositing_images
    a.draw(renderer)
  File "/mnt/sw/nix/store/ycrdfihiy2mn42qmbp2cdj4k54j0s4mn-python-3.12.13-view/lib/python3.12/site-packages/matplotlib/artist.py", line 71, in draw_wrapper
    return draw(artist, renderer)
           ^^^^^^^^^^^^^^^^^^^^^^
  File "/mnt/sw/nix/store/ycrdfihiy2mn42qmbp2cdj4k54j0s4mn-python-3.12.13-view/lib/python3.12/site-packages/matplotlib/axis.py", line 1481, in draw
    tick.draw(renderer)
  File "/mnt/sw/nix/store/ycrdfihiy2mn42qmbp2cdj4k54j0s4mn-python-3.12.13-view/lib/python3.12/site-packages/matplotlib/artist.py", line 71, in draw_wrapper
    return draw(artist, renderer)
           ^^^^^^^^^^^^^^^^^^^^^^
  File "/mnt/sw/nix/store/ycrdfihiy2mn42qmbp2cdj4k54j0s4mn-python-3.12.13-view/lib/python3.12/site-packages/matplotlib/axis.py", line 294, in draw
    artist.draw(renderer)
  File "/mnt/sw/nix/store/ycrdfihiy2mn42qmbp2cdj4k54j0s4mn-python-3.12.13-view/lib/python3.12/site-packages/matplotlib/artist.py", line 71, in draw_wrapper
    return draw(artist, renderer)
           ^^^^^^^^^^^^^^^^^^^^^^
  File "/mnt/sw/nix/store/ycrdfihiy2mn42qmbp2cdj4k54j0s4mn-python-3.12.13-view/lib/python3.12/site-packages/matplotlib/text.py", line 909, in draw
    textrenderer.draw_text(gc, x, y, clean_line,
  File "/mnt/sw/nix/store/ycrdfihiy2mn42qmbp2cdj4k54j0s4mn-python-3.12.13-view/lib/python3.12/site-packages/matplotlib/backends/backend_agg.py", line 238, in draw_text
    return self.draw_mathtext(gc, x, y, s, prop, angle)
           ^^^^^^^^^^^^^^^^^^^^^^^^^^^^^^^^^^^^^^^^^^^^
  File "/mnt/sw/nix/store/ycrdfihiy2mn42qmbp2cdj4k54j0s4mn-python-3.12.13-view/lib/python3.12/site-packages/matplotlib/backends/backend_agg.py", line 229, in draw_mathtext
    self._draw_text_glyphs_and_boxes(
  File "/mnt/sw/nix/store/ycrdfihiy2mn42qmbp2cdj4k54j0s4mn-python-3.12.13-view/lib/python3.12/site-packages/matplotlib/backends/backend_agg.py", line 189, in _draw_text_glyphs_and_boxes
    bitmap = font._render_glyph(
             ^^^^^^^^^^^^^^^^^^^
RuntimeError: FT_Render_Glyph (ft2font_wrapper.cpp line 1934) failed with error 0x62: raster overflow
srun: error: workergpu051: task 0: Exited with exit code 1
finish: Mon Sep 28 13:29:46 EDT 2026  rc=1
