
Currently Loaded Modules:
  1) modules/2.5-beta2 (S)   2) python/3.12.13   3) cuda/13.3.0

  Where:
   S:  Module is Sticky, requires --force to unload or purge

 

job:    7126487 on workergpu051
python: /mnt/home/fnappi/.trot312/bin/python allocation_study.py
args:   --L 8 12 16 24 32 64 --U 4 8 --gpu
start:  Mon Sep 28 14:22:43 EDT 2026
NVIDIA A100-SXM4-80GB, 580.178.04, 81920 MiB
MPO site   0 / 4 .. D = 6
MPO site   1 / 4 .. D = 6
MPO site   2 / 4 .. D = 6
MPO site   3 / 4 .. D = 1
env: 3.12.13 jax 0.11.0 device NVIDIA A100-SXM4-80GB memory 76764151808 L=4 DMRG -1.9531453087
self-test (L=8, U=4):
MPO site   0 / 8 .. D = 6
MPO site   1 / 8 .. D = 6
MPO site   2 / 8 .. D = 6
MPO site   3 / 8 .. D = 6
MPO site   4 / 8 .. D = 6
MPO site   5 / 8 .. D = 6
MPO site   6 / 8 .. D = 6
MPO site   7 / 8 .. D = 1
  max |frozen_vs_production| = 1.1e-11
  max |own_discarded_vs_plan_bonds| = 1.1e-16
  max |reference_vs_dense| = 1.9e-15
  max |gpu_frozen_vs_numpy| = 3.2e-12
  max |gpu_union_vs_numpy| = 7.5e-15
  max |gpu_padded_vs_numpy| = 6.7e-15
  errors below the optimum: 0
  self-test passed

== L=8 U=4 trial=dmrg
  reusing the saved result (same settings; --recompute to redo it)

  cheapest configuration reaching median 1-F <= target; cost = largest bond
    target           frozen           padded            union   best
     1e-02           3 (b3)       <=4 (chi2)       <=4 (chi2)   frozen (1.33x cheaper than the next)
     1e-03           3 (b3)         6 (chi3)       <=4 (chi2)   frozen (1.33x cheaper than the next)
     1e-04           4 (b4)         6 (chi3)         6 (chi3)   frozen (1.50x cheaper than the next)
     1e-05           6 (b6)         6 (chi4)         6 (chi3)   tie: frozen, padded, union (within 5%)
     1e-06           6 (b6)         6 (chi4)         6 (chi3)   tie: frozen, padded, union (within 5%)
     1e-07           6 (b6)         9 (chi6)         6 (chi3)   tie: frozen, union (within 5%)
     1e-08           6 (b6)         9 (chi6)         6 (chi3)   tie: frozen, union (within 5%)

  cheapest configuration reaching median 1-F <= target; cost = sum over gates of bond^3
    target           frozen           padded            union   best
     1e-02         299 (b3)     <=336 (chi2)     <=336 (chi2)   frozen (1.12x cheaper than the next)
     1e-03         299 (b3)      1240 (chi3)     <=336 (chi2)   frozen (1.12x cheaper than the next)
     1e-04         632 (b4)      1240 (chi3)      1240 (chi3)   frozen (1.96x cheaper than the next)
     1e-05        1240 (b6)      1240 (chi4)      1240 (chi3)   tie: frozen, padded, union (within 5%)
     1e-06        1240 (b6)      1240 (chi4)      1240 (chi3)   tie: frozen, padded, union (within 5%)
     1e-07        1240 (b6)      2303 (chi6)      1240 (chi3)   tie: frozen, union (within 5%)
     1e-08        1240 (b6)      2303 (chi6)      1240 (chi3)   tie: frozen, union (within 5%)

  cheapest configuration reaching median 1-F <= target; cost = GPU us per walker-step (NVIDIA A100-SXM4-80GB)
    target           frozen           padded            union   best
     1e-02       4.249 (b3)    <=4.84 (chi2)   <=4.325 (chi2)   tie: frozen, union (within 5%)
     1e-03       4.249 (b3)     6.047 (chi3)   <=4.325 (chi2)   tie: frozen, union (within 5%)
     1e-04      5.098 (b16)     6.047 (chi3)     5.06 (chi16)   tie: union, frozen (within 5%)
     1e-05      5.098 (b16)     6.253 (chi4)     5.06 (chi16)   tie: union, frozen (within 5%)
     1e-06      5.098 (b16)     6.253 (chi4)     5.06 (chi16)   tie: union, frozen (within 5%)
     1e-07      5.098 (b16)     6.481 (chi6)     5.06 (chi16)   tie: union, frozen (within 5%)
     1e-08      5.098 (b16)     6.481 (chi6)     5.06 (chi16)   tie: union, frozen (within 5%)

  GPU conversions vs NumPy gmps: largest state infidelity 7.8e-16

== L=12 U=4 trial=dmrg
  reusing the saved result (same settings; --recompute to redo it)

  cheapest configuration reaching median 1-F <= target; cost = largest bond
    target           frozen           padded            union   best
     1e-02           3 (b3)       <=4 (chi2)       <=4 (chi2)   frozen (1.33x cheaper than the next)
     1e-03           3 (b3)         7 (chi3)       <=4 (chi2)   frozen (1.33x cheaper than the next)
     1e-04           6 (b6)         8 (chi4)         7 (chi3)   frozen (1.17x cheaper than the next)
     1e-05           6 (b6)         8 (chi4)         7 (chi3)   frozen (1.17x cheaper than the next)
     1e-06           6 (b6)        10 (chi6)         7 (chi3)   frozen (1.17x cheaper than the next)
     1e-07           6 (b6)        10 (chi6)         7 (chi3)   frozen (1.17x cheaper than the next)
     1e-08           8 (b8)        12 (chi8)        10 (chi6)   frozen (1.25x cheaper than the next)

  cheapest configuration reaching median 1-F <= target; cost = sum over gates of bond^3
    target           frozen           padded            union   best
     1e-02         736 (b3)    <=1032 (chi2)    <=1032 (chi2)   frozen (1.40x cheaper than the next)
     1e-03         736 (b3)      3940 (chi3)    <=1032 (chi2)   frozen (1.40x cheaper than the next)
     1e-04        3904 (b6)      4877 (chi4)      3940 (chi3)   tie: frozen, union (within 5%)
     1e-05        3904 (b6)      4877 (chi4)      3940 (chi3)   tie: frozen, union (within 5%)
     1e-06        3904 (b6)      9898 (chi6)      3940 (chi3)   tie: frozen, union (within 5%)
     1e-07        3904 (b6)      9898 (chi6)      3940 (chi3)   tie: frozen, union (within 5%)
     1e-08        8344 (b8)  1.43e+04 (chi8)      9898 (chi6)   frozen (1.19x cheaper than the next)

  cheapest configuration reaching median 1-F <= target; cost = GPU us per walker-step (NVIDIA A100-SXM4-80GB)
    target           frozen           padded            union   best
     1e-02       8.881 (b3)   <=10.24 (chi2)   <=9.024 (chi2)   tie: frozen, union (within 5%)
     1e-03       8.881 (b3)     13.96 (chi3)   <=9.024 (chi2)   tie: frozen, union (within 5%)
     1e-04       13.23 (b6)     14.71 (chi4)     13.28 (chi3)   tie: frozen, union (within 5%)
     1e-05       13.23 (b6)     14.71 (chi4)     13.28 (chi3)   tie: frozen, union (within 5%)
     1e-06       13.23 (b6)     14.73 (chi6)     13.28 (chi3)   tie: frozen, union (within 5%)
     1e-07       13.23 (b6)     14.73 (chi6)     13.28 (chi3)   tie: frozen, union (within 5%)
     1e-08       13.61 (b8)     15.28 (chi8)     14.01 (chi8)   tie: frozen, union (within 5%)

  GPU conversions vs NumPy gmps: largest state infidelity 2.8e-01   <-- check before trusting the GPU costs (allocation_gpu_check.py)

== L=16 U=4 trial=dmrg
MPO site   0 / 16 .. D = 6
MPO site   1 / 16 .. D = 6
MPO site   2 / 16 .. D = 6
MPO site   3 / 16 .. D = 6
MPO site   4 / 16 .. D = 6
MPO site   5 / 16 .. D = 6
MPO site   6 / 16 .. D = 6
MPO site   7 / 16 .. D = 6
MPO site   8 / 16 .. D = 6
MPO site   9 / 16 .. D = 6
MPO site  10 / 16 .. D = 6
MPO site  11 / 16 .. D = 6
MPO site  12 / 16 .. D = 6
MPO site  13 / 16 .. D = 6
MPO site  14 / 16 .. D = 6
MPO site  15 / 16 .. D = 1
  CPMC L=16 U=4 dmrg seed 1234: production MPS-CPMC, walker bond 8, 226 s
MPO site   0 / 16 .. D = 6
MPO site   1 / 16 .. D = 6
MPO site   2 / 16 .. D = 6
MPO site   3 / 16 .. D = 6
MPO site   4 / 16 .. D = 6
MPO site   5 / 16 .. D = 6
MPO site   6 / 16 .. D = 6
MPO site   7 / 16 .. D = 6
MPO site   8 / 16 .. D = 6
MPO site   9 / 16 .. D = 6
MPO site  10 / 16 .. D = 6
MPO site  11 / 16 .. D = 6
MPO site  12 / 16 .. D = 6
MPO site  13 / 16 .. D = 6
MPO site  14 / 16 .. D = 6
MPO site  15 / 16 .. D = 1
  CPMC L=16 U=4 dmrg seed 2234: production MPS-CPMC, walker bond 8, 81 s
    errors of 200 test walkers at 13 frozen bonds and 7 nominal chis (281 s)
MPO site   0 / 16 .. D = 6
MPO site   1 / 16 .. D = 6
MPO site   2 / 16 .. D = 6
MPO site   3 / 16 .. D = 6
MPO site   4 / 16 .. D = 6
MPO site   5 / 16 .. D = 6
MPO site   6 / 16 .. D = 6
MPO site   7 / 16 .. D = 6
MPO site   8 / 16 .. D = 6
MPO site   9 / 16 .. D = 6
MPO site  10 / 16 .. D = 6
MPO site  11 / 16 .. D = 6
MPO site  12 / 16 .. D = 6
MPO site  13 / 16 .. D = 6
MPO site  14 / 16 .. D = 6
MPO site  15 / 16 .. D = 1
trial saved to /mnt/home/fnappi/trot_mps/trot/gmps/allocation_study_data/trial_cache/L16_n8-8_t1_U4_chi8_sw14_seed0.npz
    gpu frozen   2:    10.327 us/walker-step, compile  12.6 s, vs NumPy 2.9e-02, error gap 1.3e-01   <-- GPU error differs from NumPy's; run allocation_gpu_check.py
    gpu frozen   3:    14.034 us/walker-step, compile  14.1 s, vs NumPy 4.3e-06, error gap 8.3e-03   (states differ, errors agree: a nearly tied cut resolved differently)
    gpu frozen   4:    17.608 us/walker-step, compile  12.8 s, vs NumPy 4.4e-06, error gap 6.3e-03   (states differ, errors agree: a nearly tied cut resolved differently)
    gpu frozen   6:    20.877 us/walker-step, compile  12.3 s, vs NumPy 6.0e-10, error gap 3.7e-04
    gpu frozen   7:    22.512 us/walker-step, compile  12.9 s, vs NumPy 1.2e-10, error gap 2.9e-04
    gpu frozen   8:    22.533 us/walker-step, compile  13.2 s, vs NumPy 1.9e-11, error gap 6.1e-03
    gpu frozen   9:    23.930 us/walker-step, compile  13.5 s, vs NumPy 1.7e-11, error gap 3.4e-04
    gpu frozen  11:    25.070 us/walker-step, compile  13.7 s, vs NumPy 1.9e-15, error gap 6.2e-03
    gpu frozen  12:    25.756 us/walker-step, compile  14.2 s, vs NumPy 5.6e-16, error gap 4.5e-03
    gpu frozen  13:    26.919 us/walker-step, compile  14.5 s, vs NumPy 1.2e-15, error gap 2.9e-03
    gpu frozen  16:    30.790 us/walker-step, compile  14.4 s, vs NumPy 7.8e-16, error gap 9.8e-03
    gpu frozen  18:    32.553 us/walker-step, compile  14.2 s, vs NumPy 1.7e-15, error gap 8.9e-03
    gpu frozen  25:    38.565 us/walker-step, compile  13.6 s, vs NumPy 6.7e-16, error gap 6.0e-03
    gpu  union   2:    14.620 us/walker-step, compile  15.5 s, vs NumPy 5.7e-06, error gap 1.2e-01   <-- GPU error differs from NumPy's; run allocation_gpu_check.py
    gpu  union   3:    21.165 us/walker-step, compile  15.0 s, vs NumPy 6.4e-10, error gap 5.8e-03
    gpu  union   4:    21.954 us/walker-step, compile  14.4 s, vs NumPy 4.6e-11, error gap 1.3e-03
    gpu  union   6:    23.845 us/walker-step, compile  14.1 s, vs NumPy 5.4e-12, error gap 2.9e-01
    gpu  union   8:    24.026 us/walker-step, compile  15.1 s, vs NumPy 4.4e-12, error gap 7.2e-01
    gpu  union  12:    31.128 us/walker-step, compile  15.1 s, vs NumPy 1.0e-15, error gap 9.1e-03
    gpu  union  16:    33.416 us/walker-step, compile  14.8 s, vs NumPy 2.0e-15, error gap 6.0e-03
    gpu padded   2:    16.225 us/walker-step, compile  18.7 s, vs NumPy 5.4e-05, error gap 4.0e-02   <-- GPU error differs from NumPy's; run allocation_gpu_check.py
    gpu padded   3:    22.647 us/walker-step, compile  19.2 s, vs NumPy 2.6e-06, error gap 3.8e-02   <-- GPU error differs from NumPy's; run allocation_gpu_check.py
    gpu padded   4:    24.492 us/walker-step, compile  17.9 s, vs NumPy 1.9e-07, error gap 3.1e-02   <-- GPU error differs from NumPy's; run allocation_gpu_check.py
    gpu padded   6:    26.019 us/walker-step, compile  16.2 s, vs NumPy 3.8e-10, error gap 1.1e-01
    gpu padded   8:    27.769 us/walker-step, compile  16.2 s, vs NumPy 2.2e-12, error gap 1.1e-01
    gpu padded  12:    35.082 us/walker-step, compile  16.2 s, vs NumPy 1.0e-15, error gap 3.9e-03
    gpu padded  16:    39.796 us/walker-step, compile  16.8 s, vs NumPy 2.3e-15, error gap 9.4e-03

  L=16 U=4 dmrg: production MPS-CPMC, walker bond 8; 200 training and 200 test walkers; circuit 58 gates (max B 7); reference floor max 0.0e+00
  median 1-F per spin channel at each nominal chi (padded and union cost D):
   chi    D   optimum       own |    padded     union    opt(D) | overflow violations
     2    4   6.7e-03   1.8e-02 |   1.8e-02   1.7e-03   7.9e-06 |       0%          0
     3    7   3.1e-04   1.2e-03 |   1.2e-03   3.2e-07   4.7e-09 |       1%          0
     4    9   7.9e-06   2.0e-05 |   2.0e-05   1.5e-07   1.1e-10 |       3%          0
     6   11   3.0e-08   6.9e-08 |   6.9e-08   7.9e-10   5.4e-12 |       0%          0
     8   13   3.8e-10   9.1e-10 |   9.1e-10   3.0e-10   1.7e-13 |       3%          0
    12   18   6.4e-13   1.4e-12 |   1.4e-12   4.0e-14   4.4e-16 |       2%          0
    16   25   2.4e-15   2.5e-14 |   2.5e-14   8.2e-15   2.2e-16 |       3%          0
  frozen (production): b=2: 2.2e-01  b=3: 2.8e-03  b=4: 6.3e-04  b=6: 4.7e-07  b=7: 1.4e-07  b=8: 3.2e-08  b=9: 2.5e-08  b=11: 5.2e-10  b=12: 1.1e-11  b=13: 4.9e-12  b=16: 3.0e-13  b=18: 1.4e-13  b=25: 7.4e-15

  cheapest configuration reaching median 1-F <= target; cost = largest bond
    target           frozen           padded            union   best
     1e-02           3 (b3)         7 (chi3)       <=4 (chi2)   frozen (1.33x cheaper than the next)
     1e-03           4 (b4)         9 (chi4)         7 (chi3)   frozen (1.75x cheaper than the next)
     1e-04           6 (b6)         9 (chi4)         7 (chi3)   frozen (1.17x cheaper than the next)
     1e-05           6 (b6)        11 (chi6)         7 (chi3)   frozen (1.17x cheaper than the next)
     1e-06           6 (b6)        11 (chi6)         7 (chi3)   frozen (1.17x cheaper than the next)
     1e-07           8 (b8)        11 (chi6)        11 (chi6)   frozen (1.38x cheaper than the next)
     1e-08         11 (b11)        13 (chi8)        11 (chi6)   tie: frozen, union (within 5%)

  cheapest configuration reaching median 1-F <= target; cost = sum over gates of bond^3
    target           frozen           padded            union   best
     1e-02        1281 (b3)      8702 (chi3)    <=1762 (chi2)   frozen (1.38x cheaper than the next)
     1e-03        2872 (b4) 1.201e+04 (chi4)      8702 (chi3)   frozen (3.03x cheaper than the next)
     1e-04        7432 (b6) 1.201e+04 (chi4)      8702 (chi3)   frozen (1.17x cheaper than the next)
     1e-05        7432 (b6) 2.264e+04 (chi6)      8702 (chi3)   frozen (1.17x cheaper than the next)
     1e-06        7432 (b6) 2.264e+04 (chi6)      8702 (chi3)   frozen (1.17x cheaper than the next)
     1e-07   1.631e+04 (b8) 2.264e+04 (chi6) 2.264e+04 (chi6)   frozen (1.39x cheaper than the next)
     1e-08  3.187e+04 (b11) 3.713e+04 (chi8) 2.264e+04 (chi6)   union (1.41x cheaper than the next)

  cheapest configuration reaching median 1-F <= target; cost = GPU us per walker-step (NVIDIA A100-SXM4-80GB)
    target           frozen           padded            union   best
     1e-02       14.03 (b3)     22.65 (chi3)   <=14.62 (chi2)   tie: frozen, union (within 5%)
     1e-03       17.61 (b4)     24.49 (chi4)     21.16 (chi3)   frozen (1.20x cheaper than the next)
     1e-04       20.88 (b6)     24.49 (chi4)     21.16 (chi3)   tie: frozen, union (within 5%)
     1e-05       20.88 (b6)     26.02 (chi6)     21.16 (chi3)   tie: frozen, union (within 5%)
     1e-06       20.88 (b6)     26.02 (chi6)     21.16 (chi3)   tie: frozen, union (within 5%)
     1e-07       22.53 (b8)     26.02 (chi6)     23.84 (chi6)   frozen (1.06x cheaper than the next)
     1e-08      25.07 (b11)     27.77 (chi8)     23.84 (chi6)   union (1.05x cheaper than the next)

  GPU conversions vs NumPy gmps: largest state infidelity 2.9e-02, largest relative difference of their errors 7.2e-01   <-- check before trusting the GPU costs (allocation_gpu_check.py)

== L=24 U=4 trial=dmrg
MPO site   0 / 24 .. D = 6
MPO site   1 / 24 .. D = 6
MPO site   2 / 24 .. D = 6
MPO site   3 / 24 .. D = 6
MPO site   4 / 24 .. D = 6
MPO site   5 / 24 .. D = 6
MPO site   6 / 24 .. D = 6
MPO site   7 / 24 .. D = 6
MPO site   8 / 24 .. D = 6
MPO site   9 / 24 .. D = 6
MPO site  10 / 24 .. D = 6
MPO site  11 / 24 .. D = 6
MPO site  12 / 24 .. D = 6
MPO site  13 / 24 .. D = 6
MPO site  14 / 24 .. D = 6
MPO site  15 / 24 .. D = 6
MPO site  16 / 24 .. D = 6
MPO site  17 / 24 .. D = 6
MPO site  18 / 24 .. D = 6
MPO site  19 / 24 .. D = 6
MPO site  20 / 24 .. D = 6
MPO site  21 / 24 .. D = 6
MPO site  22 / 24 .. D = 6
MPO site  23 / 24 .. D = 1
  CPMC L=24 U=4 dmrg seed 1234: production MPS-CPMC, walker bond 8, 339 s
MPO site   0 / 24 .. D = 6
MPO site   1 / 24 .. D = 6
MPO site   2 / 24 .. D = 6
MPO site   3 / 24 .. D = 6
MPO site   4 / 24 .. D = 6
MPO site   5 / 24 .. D = 6
MPO site   6 / 24 .. D = 6
MPO site   7 / 24 .. D = 6
MPO site   8 / 24 .. D = 6
MPO site   9 / 24 .. D = 6
MPO site  10 / 24 .. D = 6
MPO site  11 / 24 .. D = 6
MPO site  12 / 24 .. D = 6
MPO site  13 / 24 .. D = 6
MPO site  14 / 24 .. D = 6
MPO site  15 / 24 .. D = 6
MPO site  16 / 24 .. D = 6
MPO site  17 / 24 .. D = 6
MPO site  18 / 24 .. D = 6
MPO site  19 / 24 .. D = 6
MPO site  20 / 24 .. D = 6
MPO site  21 / 24 .. D = 6
MPO site  22 / 24 .. D = 6
MPO site  23 / 24 .. D = 1
  CPMC L=24 U=4 dmrg seed 2234: production MPS-CPMC, walker bond 8, 145 s
    errors of 200 test walkers at 12 frozen bonds and 7 nominal chis (545 s)
MPO site   0 / 24 .. D = 6
MPO site   1 / 24 .. D = 6
MPO site   2 / 24 .. D = 6
MPO site   3 / 24 .. D = 6
MPO site   4 / 24 .. D = 6
MPO site   5 / 24 .. D = 6
MPO site   6 / 24 .. D = 6
MPO site   7 / 24 .. D = 6
MPO site   8 / 24 .. D = 6
MPO site   9 / 24 .. D = 6
MPO site  10 / 24 .. D = 6
MPO site  11 / 24 .. D = 6
MPO site  12 / 24 .. D = 6
MPO site  13 / 24 .. D = 6
MPO site  14 / 24 .. D = 6
MPO site  15 / 24 .. D = 6
MPO site  16 / 24 .. D = 6
MPO site  17 / 24 .. D = 6
MPO site  18 / 24 .. D = 6
MPO site  19 / 24 .. D = 6
MPO site  20 / 24 .. D = 6
MPO site  21 / 24 .. D = 6
MPO site  22 / 24 .. D = 6
MPO site  23 / 24 .. D = 1
trial saved to /mnt/home/fnappi/trot_mps/trot/gmps/allocation_study_data/trial_cache/L24_n12-12_t1_U4_chi8_sw14_seed0.npz
    gpu frozen   2:    18.766 us/walker-step, compile  20.7 s, vs NumPy 1.0e-06, error gap 3.3e-03   (states differ, errors agree: a nearly tied cut resolved differently)
    gpu frozen   3:    22.161 us/walker-step, compile  20.9 s, vs NumPy 1.4e-08, error gap 7.7e-04   (states differ, errors agree: a nearly tied cut resolved differently)
    gpu frozen   4:    31.615 us/walker-step, compile  21.0 s, vs NumPy 3.4e-09, error gap 3.7e-04   (states differ, errors agree: a nearly tied cut resolved differently)
    gpu frozen   6:    37.631 us/walker-step, compile  20.4 s, vs NumPy 7.9e-09, error gap 1.7e-02   <-- GPU error differs from NumPy's; run allocation_gpu_check.py
    gpu frozen   8:    41.265 us/walker-step, compile  21.3 s, vs NumPy 1.5e-12, error gap 2.3e-05
    gpu frozen   9:    44.577 us/walker-step, compile  21.8 s, vs NumPy 1.5e-12, error gap 5.9e-05
    gpu frozen  11:    46.515 us/walker-step, compile  22.6 s, vs NumPy 1.1e-09, error gap 2.8e-02   <-- GPU error differs from NumPy's; run allocation_gpu_check.py
    gpu frozen  12:    47.862 us/walker-step, compile  21.4 s, vs NumPy 1.1e-09, error gap 2.8e-02   <-- GPU error differs from NumPy's; run allocation_gpu_check.py
    gpu frozen  14:    51.556 us/walker-step, compile  21.4 s, vs NumPy 1.4e-15, error gap 2.9e-05
    gpu frozen  16:    59.285 us/walker-step, compile  21.1 s, vs NumPy 1.2e-15, error gap 4.5e-04
    gpu frozen  18:    62.940 us/walker-step, compile  21.5 s, vs NumPy 1.7e-15, error gap 4.6e-04
    gpu frozen  25:    76.321 us/walker-step, compile  20.3 s, vs NumPy 1.0e-15, error gap 8.1e-06
    gpu  union   2:    22.566 us/walker-step, compile  20.8 s, vs NumPy 5.5e-08, error gap 1.6e-03   (states differ, errors agree: a nearly tied cut resolved differently)
    gpu  union   3:    37.899 us/walker-step, compile  21.3 s, vs NumPy 1.2e-09, error gap 1.1e-04   (states differ, errors agree: a nearly tied cut resolved differently)
    gpu  union   4:    39.200 us/walker-step, compile  21.2 s, vs NumPy 1.5e-12, error gap 3.0e-05
    gpu  union   6:    44.013 us/walker-step, compile  21.8 s, vs NumPy 2.1e-13, error gap 4.0e-03
    gpu  union   8:    45.121 us/walker-step, compile  21.9 s, vs NumPy 1.1e-13, error gap 8.5e-04
    gpu  union  12:    59.252 us/walker-step, compile  21.4 s, vs NumPy 2.8e-15, error gap 5.0e-04
    gpu  union  16:    64.012 us/walker-step, compile  22.0 s, vs NumPy 1.4e-15, error gap 7.6e-06
    gpu padded   2:    25.334 us/walker-step, compile  25.3 s, vs NumPy 4.2e-07, error gap 1.5e-03   (states differ, errors agree: a nearly tied cut resolved differently)
    gpu padded   3:    37.676 us/walker-step, compile  26.7 s, vs NumPy 6.6e-09, error gap 1.8e-03   (states differ, errors agree: a nearly tied cut resolved differently)
    gpu padded   4:    40.662 us/walker-step, compile  26.5 s, vs NumPy 1.6e-09, error gap 5.9e-04   (states differ, errors agree: a nearly tied cut resolved differently)
    gpu padded   6:    47.226 us/walker-step, compile  26.5 s, vs NumPy 1.1e-11, error gap 4.6e-04
    gpu padded   8:    51.157 us/walker-step, compile  27.1 s, vs NumPy 1.1e-13, error gap 6.5e-04
    gpu padded  12:    65.831 us/walker-step, compile  26.5 s, vs NumPy 1.3e-15, error gap 2.4e-05
    gpu padded  16:    75.086 us/walker-step, compile  26.7 s, vs NumPy 2.0e-15, error gap 6.3e-06

  L=24 U=4 dmrg: production MPS-CPMC, walker bond 8; 200 training and 200 test walkers; circuit 100 gates (max B 7); reference floor max 5.1e-10
  median 1-F per spin channel at each nominal chi (padded and union cost D):
   chi    D   optimum       own |    padded     union    opt(D) | overflow violations
     2    4   9.4e-03   3.1e-02 |   3.2e-02   3.9e-03   1.7e-05 |       5%          0
     3    8   6.0e-04   2.7e-03 |   2.7e-03   2.0e-06   1.5e-09 |       8%          0
     4    9   1.7e-05   5.4e-05 |   5.7e-05   5.5e-07   3.9e-10 |       6%          0
     6   11   9.5e-08   2.6e-07 |   2.6e-07   6.4e-09   2.2e-11 |       6%          0
     8   14   1.5e-09   4.6e-09 |   4.6e-09   1.7e-09   3.6e-13 |       9%          0
    12   18   3.8e-12   2.6e-10 |   2.6e-10   2.3e-10   4.3e-15 |       6%          0
    16   25   3.0e-14   2.2e-10 |   2.2e-10   2.2e-10   3.3e-16 |       7%          0
  frozen (production): b=2: 2.6e-01  b=3: 4.8e-03  b=4: 9.7e-04  b=6: 3.1e-06  b=8: 6.6e-08  b=9: 6.1e-08  b=11: 2.8e-09  b=12: 9.8e-10  b=14: 2.8e-10  b=16: 2.4e-10  b=18: 2.4e-10  b=25: 2.2e-10

  cheapest configuration reaching median 1-F <= target; cost = largest bond
    target           frozen           padded            union   best
     1e-02           3 (b3)         8 (chi3)       <=4 (chi2)   frozen (1.33x cheaper than the next)
     1e-03           4 (b4)         9 (chi4)         8 (chi3)   frozen (2.00x cheaper than the next)
     1e-04           6 (b6)         9 (chi4)         8 (chi3)   frozen (1.33x cheaper than the next)
     1e-05           6 (b6)        11 (chi6)         8 (chi3)   frozen (1.33x cheaper than the next)
     1e-06           8 (b8)        11 (chi6)         9 (chi4)   frozen (1.12x cheaper than the next)
     1e-07           8 (b8)        14 (chi8)        11 (chi6)   frozen (1.38x cheaper than the next)
     1e-08         11 (b11)        14 (chi8)        11 (chi6)   tie: frozen, union (within 5%)

  cheapest configuration reaching median 1-F <= target; cost = sum over gates of bond^3
    target           frozen           padded            union   best
     1e-02        2263 (b3) 1.518e+04 (chi3)    <=2892 (chi2)   frozen (1.28x cheaper than the next)
     1e-03        5112 (b4) 2.027e+04 (chi4) 1.518e+04 (chi3)   frozen (2.97x cheaper than the next)
     1e-04   1.362e+04 (b6) 2.027e+04 (chi4) 1.518e+04 (chi3)   frozen (1.11x cheaper than the next)
     1e-05   1.362e+04 (b6) 4.131e+04 (chi6) 1.518e+04 (chi3)   frozen (1.11x cheaper than the next)
     1e-06    3.02e+04 (b8) 4.131e+04 (chi6) 2.027e+04 (chi4)   union (1.49x cheaper than the next)
     1e-07    3.02e+04 (b8) 6.876e+04 (chi8) 4.131e+04 (chi6)   frozen (1.37x cheaper than the next)
     1e-08   6.05e+04 (b11) 6.876e+04 (chi8) 4.131e+04 (chi6)   union (1.46x cheaper than the next)

  cheapest configuration reaching median 1-F <= target; cost = GPU us per walker-step (NVIDIA A100-SXM4-80GB)
    target           frozen           padded            union   best
     1e-02       22.16 (b3)     37.68 (chi3)   <=22.57 (chi2)   tie: frozen, union (within 5%)
     1e-03       31.61 (b4)     40.66 (chi4)      37.9 (chi3)   frozen (1.20x cheaper than the next)
     1e-04       37.63 (b6)     40.66 (chi4)      37.9 (chi3)   tie: frozen, union (within 5%)
     1e-05       37.63 (b6)     47.23 (chi6)      37.9 (chi3)   tie: frozen, union (within 5%)
     1e-06       41.27 (b8)     47.23 (chi6)      39.2 (chi4)   union (1.05x cheaper than the next)
     1e-07       41.27 (b8)     51.16 (chi8)     44.01 (chi6)   frozen (1.07x cheaper than the next)
     1e-08      46.52 (b11)     51.16 (chi8)     44.01 (chi6)   union (1.06x cheaper than the next)

  GPU conversions vs NumPy gmps: largest state infidelity 1.0e-06, largest relative difference of their errors 2.8e-02   <-- check before trusting the GPU costs (allocation_gpu_check.py)

== L=32 U=4 trial=dmrg
MPO site   0 / 32 .. D = 6
MPO site   1 / 32 .. D = 6
MPO site   2 / 32 .. D = 6
MPO site   3 / 32 .. D = 6
MPO site   4 / 32 .. D = 6
MPO site   5 / 32 .. D = 6
MPO site   6 / 32 .. D = 6
MPO site   7 / 32 .. D = 6
MPO site   8 / 32 .. D = 6
MPO site   9 / 32 .. D = 6
MPO site  10 / 32 .. D = 6
MPO site  11 / 32 .. D = 6
MPO site  12 / 32 .. D = 6
MPO site  13 / 32 .. D = 6
MPO site  14 / 32 .. D = 6
MPO site  15 / 32 .. D = 6
MPO site  16 / 32 .. D = 6
MPO site  17 / 32 .. D = 6
MPO site  18 / 32 .. D = 6
MPO site  19 / 32 .. D = 6
MPO site  20 / 32 .. D = 6
MPO site  21 / 32 .. D = 6
MPO site  22 / 32 .. D = 6
MPO site  23 / 32 .. D = 6
MPO site  24 / 32 .. D = 6
MPO site  25 / 32 .. D = 6
MPO site  26 / 32 .. D = 6
MPO site  27 / 32 .. D = 6
MPO site  28 / 32 .. D = 6
MPO site  29 / 32 .. D = 6
MPO site  30 / 32 .. D = 6
MPO site  31 / 32 .. D = 1
  CPMC L=32 U=4 dmrg seed 1234: production MPS-CPMC, walker bond 8, 493 s
MPO site   0 / 32 .. D = 6
MPO site   1 / 32 .. D = 6
MPO site   2 / 32 .. D = 6
MPO site   3 / 32 .. D = 6
MPO site   4 / 32 .. D = 6
MPO site   5 / 32 .. D = 6
MPO site   6 / 32 .. D = 6
MPO site   7 / 32 .. D = 6
MPO site   8 / 32 .. D = 6
MPO site   9 / 32 .. D = 6
MPO site  10 / 32 .. D = 6
MPO site  11 / 32 .. D = 6
MPO site  12 / 32 .. D = 6
MPO site  13 / 32 .. D = 6
MPO site  14 / 32 .. D = 6
MPO site  15 / 32 .. D = 6
MPO site  16 / 32 .. D = 6
MPO site  17 / 32 .. D = 6
MPO site  18 / 32 .. D = 6
MPO site  19 / 32 .. D = 6
MPO site  20 / 32 .. D = 6
MPO site  21 / 32 .. D = 6
MPO site  22 / 32 .. D = 6
MPO site  23 / 32 .. D = 6
MPO site  24 / 32 .. D = 6
MPO site  25 / 32 .. D = 6
MPO site  26 / 32 .. D = 6
MPO site  27 / 32 .. D = 6
MPO site  28 / 32 .. D = 6
MPO site  29 / 32 .. D = 6
MPO site  30 / 32 .. D = 6
MPO site  31 / 32 .. D = 1
  CPMC L=32 U=4 dmrg seed 2234: production MPS-CPMC, walker bond 8, 198 s
    errors of 200 test walkers at 12 frozen bonds and 7 nominal chis (753 s)
MPO site   0 / 32 .. D = 6
MPO site   1 / 32 .. D = 6
MPO site   2 / 32 .. D = 6
MPO site   3 / 32 .. D = 6
MPO site   4 / 32 .. D = 6
MPO site   5 / 32 .. D = 6
MPO site   6 / 32 .. D = 6
MPO site   7 / 32 .. D = 6
MPO site   8 / 32 .. D = 6
MPO site   9 / 32 .. D = 6
MPO site  10 / 32 .. D = 6
MPO site  11 / 32 .. D = 6
MPO site  12 / 32 .. D = 6
MPO site  13 / 32 .. D = 6
MPO site  14 / 32 .. D = 6
MPO site  15 / 32 .. D = 6
MPO site  16 / 32 .. D = 6
MPO site  17 / 32 .. D = 6
MPO site  18 / 32 .. D = 6
MPO site  19 / 32 .. D = 6
MPO site  20 / 32 .. D = 6
MPO site  21 / 32 .. D = 6
MPO site  22 / 32 .. D = 6
MPO site  23 / 32 .. D = 6
MPO site  24 / 32 .. D = 6
MPO site  25 / 32 .. D = 6
MPO site  26 / 32 .. D = 6
MPO site  27 / 32 .. D = 6
MPO site  28 / 32 .. D = 6
MPO site  29 / 32 .. D = 6
MPO site  30 / 32 .. D = 6
MPO site  31 / 32 .. D = 1
trial saved to /mnt/home/fnappi/trot_mps/trot/gmps/allocation_study_data/trial_cache/L32_n16-16_t1_U4_chi8_sw14_seed0.npz
    gpu frozen   2:    25.247 us/walker-step, compile  26.9 s, vs NumPy 9.2e-03, error gap 5.4e-03   (states differ, errors agree: a nearly tied cut resolved differently)
    gpu frozen   3:    29.333 us/walker-step, compile  26.2 s, vs NumPy 1.3e-04, error gap 7.5e-02   <-- GPU error differs from NumPy's; run allocation_gpu_check.py
    gpu frozen   4:    42.498 us/walker-step, compile  27.3 s, vs NumPy 1.1e-06, error gap 6.0e-03   (states differ, errors agree: a nearly tied cut resolved differently)
    gpu frozen   6:    50.388 us/walker-step, compile  25.3 s, vs NumPy 3.8e-08, error gap 1.0e-01   <-- GPU error differs from NumPy's; run allocation_gpu_check.py
    gpu frozen   8:    54.810 us/walker-step, compile  25.8 s, vs NumPy 1.3e-09, error gap 1.9e-04   (states differ, errors agree: a nearly tied cut resolved differently)
    gpu frozen   9:    59.158 us/walker-step, compile  29.0 s, vs NumPy 1.3e-09, error gap 1.9e-04   (states differ, errors agree: a nearly tied cut resolved differently)
    gpu frozen  11:    60.606 us/walker-step, compile  29.1 s, vs NumPy 4.8e-14, error gap 4.1e-05
    gpu frozen  12:    62.740 us/walker-step, compile  26.9 s, vs NumPy 6.7e-16, error gap 6.6e-06
    gpu frozen  13:    65.872 us/walker-step, compile  27.1 s, vs NumPy 1.8e-15, error gap 5.5e-06
    gpu frozen  16:    77.715 us/walker-step, compile  26.6 s, vs NumPy 1.7e-15, error gap 6.0e-06
    gpu frozen  18:    79.565 us/walker-step, compile  27.8 s, vs NumPy 2.3e-15, error gap 1.3e-05
    gpu frozen  22:    85.676 us/walker-step, compile  26.8 s, vs NumPy 1.6e-15, error gap 8.8e-06
    gpu  union   2:    30.021 us/walker-step, compile  26.5 s, vs NumPy 1.3e-04, error gap 8.3e-02   <-- GPU error differs from NumPy's; run allocation_gpu_check.py
    gpu  union   3:    50.654 us/walker-step, compile  26.9 s, vs NumPy 3.8e-08, error gap 7.9e-02   <-- GPU error differs from NumPy's; run allocation_gpu_check.py
    gpu  union   4:    52.183 us/walker-step, compile  27.8 s, vs NumPy 8.6e-08, error gap 7.7e-02   <-- GPU error differs from NumPy's; run allocation_gpu_check.py
    gpu  union   6:    57.582 us/walker-step, compile  27.5 s, vs NumPy 3.0e-11, error gap 1.9e-02
    gpu  union   8:    57.926 us/walker-step, compile  27.5 s, vs NumPy 2.0e-14, error gap 2.2e-04
    gpu  union  12:    75.173 us/walker-step, compile  29.0 s, vs NumPy 2.2e-15, error gap 9.0e-06
    gpu  union  16:    80.151 us/walker-step, compile  27.8 s, vs NumPy 1.6e-15, error gap 9.5e-06
    gpu padded   2:    33.590 us/walker-step, compile  35.3 s, vs NumPy 1.4e-02, error gap 8.3e-02   <-- GPU error differs from NumPy's; run allocation_gpu_check.py
    gpu padded   3:    50.262 us/walker-step, compile  34.1 s, vs NumPy 1.3e-04, error gap 6.9e-02   <-- GPU error differs from NumPy's; run allocation_gpu_check.py
    gpu padded   4:    54.451 us/walker-step, compile  35.7 s, vs NumPy 7.1e-08, error gap 2.1e-02   <-- GPU error differs from NumPy's; run allocation_gpu_check.py
    gpu padded   6:    62.776 us/walker-step, compile  35.2 s, vs NumPy 4.2e-08, error gap 3.1e-02   <-- GPU error differs from NumPy's; run allocation_gpu_check.py
    gpu padded   8:    66.537 us/walker-step, compile  35.7 s, vs NumPy 5.4e-14, error gap 2.7e-04
    gpu padded  12:    84.969 us/walker-step, compile  36.3 s, vs NumPy 2.0e-15, error gap 1.1e-05
    gpu padded  16:    96.231 us/walker-step, compile  35.7 s, vs NumPy 1.8e-15, error gap 9.1e-06

  L=32 U=4 dmrg: production MPS-CPMC, walker bond 8; 200 training and 200 test walkers; circuit 135 gates (max B 6); reference floor max 6.3e-10
  median 1-F per spin channel at each nominal chi (padded and union cost D):
   chi    D   optimum       own |    padded     union    opt(D) | overflow violations
     2    4   1.3e-02   4.7e-02 |   4.7e-02   7.0e-03   2.9e-05 |       4%          0
     3    8   1.0e-03   4.6e-03 |   4.6e-03   3.9e-06   2.5e-09 |       8%          0
     4    9   2.9e-05   9.7e-05 |   9.7e-05   1.0e-06   7.9e-10 |       8%          0
     6   11   1.4e-07   4.4e-07 |   4.4e-07   1.8e-08   3.3e-11 |      11%          0
     8   13   2.5e-09   8.7e-09 |   8.8e-09   3.4e-09   2.1e-12 |      10%          0
    12   18   7.0e-12   3.7e-10 |   3.7e-10   3.5e-10   5.1e-15 |       6%          0
    16   22   3.7e-14   3.4e-10 |   3.4e-10   3.4e-10   7.8e-16 |       8%          0
  frozen (production): b=2: 2.4e-01  b=3: 7.6e-03  b=4: 9.0e-04  b=6: 1.1e-05  b=8: 9.3e-08  b=9: 8.3e-08  b=11: 5.8e-09  b=12: 1.4e-09  b=13: 5.4e-10  b=16: 3.6e-10  b=18: 3.5e-10  b=22: 3.4e-10

  cheapest configuration reaching median 1-F <= target; cost = largest bond
    target           frozen           padded            union   best
     1e-02           3 (b3)         8 (chi3)       <=4 (chi2)   frozen (1.33x cheaper than the next)
     1e-03           4 (b4)         9 (chi4)         8 (chi3)   frozen (2.00x cheaper than the next)
     1e-04           6 (b6)         9 (chi4)         8 (chi3)   frozen (1.33x cheaper than the next)
     1e-05           8 (b8)        11 (chi6)         8 (chi3)   tie: frozen, union (within 5%)
     1e-06           8 (b8)        11 (chi6)        11 (chi6)   frozen (1.38x cheaper than the next)
     1e-07           8 (b8)        13 (chi8)        11 (chi6)   frozen (1.38x cheaper than the next)
     1e-08         11 (b11)        13 (chi8)        13 (chi8)   frozen (1.18x cheaper than the next)

  cheapest configuration reaching median 1-F <= target; cost = sum over gates of bond^3
    target           frozen           padded            union   best
     1e-02        3056 (b3) 2.072e+04 (chi3)    <=4018 (chi2)   frozen (1.31x cheaper than the next)
     1e-03        6904 (b4) 2.716e+04 (chi4) 2.072e+04 (chi3)   frozen (3.00x cheaper than the next)
     1e-04    1.83e+04 (b6) 2.716e+04 (chi4) 2.072e+04 (chi3)   frozen (1.13x cheaper than the next)
     1e-05    4.05e+04 (b8) 5.556e+04 (chi6) 2.072e+04 (chi3)   union (1.96x cheaper than the next)
     1e-06    4.05e+04 (b8) 5.556e+04 (chi6) 5.556e+04 (chi6)   frozen (1.37x cheaper than the next)
     1e-07    4.05e+04 (b8) 8.519e+04 (chi8) 5.556e+04 (chi6)   frozen (1.37x cheaper than the next)
     1e-08  7.982e+04 (b11) 8.519e+04 (chi8) 8.519e+04 (chi8)   frozen (1.07x cheaper than the next)

  cheapest configuration reaching median 1-F <= target; cost = GPU us per walker-step (NVIDIA A100-SXM4-80GB)
    target           frozen           padded            union   best
     1e-02       29.33 (b3)     50.26 (chi3)   <=30.02 (chi2)   tie: frozen, union (within 5%)
     1e-03        42.5 (b4)     54.45 (chi4)     50.65 (chi3)   frozen (1.19x cheaper than the next)
     1e-04       50.39 (b6)     54.45 (chi4)     50.65 (chi3)   tie: frozen, union (within 5%)
     1e-05       54.81 (b8)     62.78 (chi6)     50.65 (chi3)   union (1.08x cheaper than the next)
     1e-06       54.81 (b8)     62.78 (chi6)     57.58 (chi6)   frozen (1.05x cheaper than the next)
     1e-07       54.81 (b8)     66.54 (chi8)     57.58 (chi6)   frozen (1.05x cheaper than the next)
     1e-08      60.61 (b11)     66.54 (chi8)     57.93 (chi8)   tie: union, frozen (within 5%)

  GPU conversions vs NumPy gmps: largest state infidelity 1.4e-02, largest relative difference of their errors 1.0e-01   <-- check before trusting the GPU costs (allocation_gpu_check.py)

== L=64 U=4 trial=dmrg
MPO site   0 / 64 .. D = 6
MPO site   1 / 64 .. D = 6
MPO site   2 / 64 .. D = 6
MPO site   3 / 64 .. D = 6
MPO site   4 / 64 .. D = 6
MPO site   5 / 64 .. D = 6
MPO site   6 / 64 .. D = 6
MPO site   7 / 64 .. D = 6
MPO site   8 / 64 .. D = 6
MPO site   9 / 64 .. D = 6
MPO site  10 / 64 .. D = 6
MPO site  11 / 64 .. D = 6
MPO site  12 / 64 .. D = 6
MPO site  13 / 64 .. D = 6
MPO site  14 / 64 .. D = 6
MPO site  15 / 64 .. D = 6
MPO site  16 / 64 .. D = 6
MPO site  17 / 64 .. D = 6
MPO site  18 / 64 .. D = 6
MPO site  19 / 64 .. D = 6
MPO site  20 / 64 .. D = 6
MPO site  21 / 64 .. D = 6
MPO site  22 / 64 .. D = 6
MPO site  23 / 64 .. D = 6
MPO site  24 / 64 .. D = 6
MPO site  25 / 64 .. D = 6
MPO site  26 / 64 .. D = 6
MPO site  27 / 64 .. D = 6
MPO site  28 / 64 .. D = 6
MPO site  29 / 64 .. D = 6
MPO site  30 / 64 .. D = 6
MPO site  31 / 64 .. D = 6
MPO site  32 / 64 .. D = 6
MPO site  33 / 64 .. D = 6
MPO site  34 / 64 .. D = 6
MPO site  35 / 64 .. D = 6
MPO site  36 / 64 .. D = 6
MPO site  37 / 64 .. D = 6
MPO site  38 / 64 .. D = 6
MPO site  39 / 64 .. D = 6
MPO site  40 / 64 .. D = 6
MPO site  41 / 64 .. D = 6
MPO site  42 / 64 .. D = 6
MPO site  43 / 64 .. D = 6
MPO site  44 / 64 .. D = 6
MPO site  45 / 64 .. D = 6
MPO site  46 / 64 .. D = 6
MPO site  47 / 64 .. D = 6
MPO site  48 / 64 .. D = 6
MPO site  49 / 64 .. D = 6
MPO site  50 / 64 .. D = 6
MPO site  51 / 64 .. D = 6
MPO site  52 / 64 .. D = 6
MPO site  53 / 64 .. D = 6
MPO site  54 / 64 .. D = 6
MPO site  55 / 64 .. D = 6
MPO site  56 / 64 .. D = 6
MPO site  57 / 64 .. D = 6
MPO site  58 / 64 .. D = 6
MPO site  59 / 64 .. D = 6
MPO site  60 / 64 .. D = 6
MPO site  61 / 64 .. D = 6
MPO site  62 / 64 .. D = 6
MPO site  63 / 64 .. D = 1
E0928 17:14:34.794691 1223386 slow_operation_alarm.cc:73] 
********************************
[Compiling module jit_run_blocks for GPU] Very slow compile? If you want to file a bug, run with envvar XLA_FLAGS=--xla_dump_to=/tmp/foo and attach the results.
********************************
E0928 17:14:40.524633 1222666 slow_operation_alarm.cc:140] The operation took 2m5.730035136s

********************************
[Compiling module jit_run_blocks for GPU] Very slow compile? If you want to file a bug, run with envvar XLA_FLAGS=--xla_dump_to=/tmp/foo and attach the results.
********************************
  CPMC L=64 U=4 dmrg seed 1234: production MPS-CPMC, walker bond 8, 2008 s
MPO site   0 / 64 .. D = 6
MPO site   1 / 64 .. D = 6
MPO site   2 / 64 .. D = 6
MPO site   3 / 64 .. D = 6
MPO site   4 / 64 .. D = 6
MPO site   5 / 64 .. D = 6
MPO site   6 / 64 .. D = 6
MPO site   7 / 64 .. D = 6
MPO site   8 / 64 .. D = 6
MPO site   9 / 64 .. D = 6
MPO site  10 / 64 .. D = 6
MPO site  11 / 64 .. D = 6
MPO site  12 / 64 .. D = 6
MPO site  13 / 64 .. D = 6
MPO site  14 / 64 .. D = 6
MPO site  15 / 64 .. D = 6
MPO site  16 / 64 .. D = 6
MPO site  17 / 64 .. D = 6
MPO site  18 / 64 .. D = 6
MPO site  19 / 64 .. D = 6
MPO site  20 / 64 .. D = 6
MPO site  21 / 64 .. D = 6
MPO site  22 / 64 .. D = 6
MPO site  23 / 64 .. D = 6
MPO site  24 / 64 .. D = 6
MPO site  25 / 64 .. D = 6
MPO site  26 / 64 .. D = 6
MPO site  27 / 64 .. D = 6
MPO site  28 / 64 .. D = 6
MPO site  29 / 64 .. D = 6
MPO site  30 / 64 .. D = 6
MPO site  31 / 64 .. D = 6
MPO site  32 / 64 .. D = 6
MPO site  33 / 64 .. D = 6
MPO site  34 / 64 .. D = 6
MPO site  35 / 64 .. D = 6
MPO site  36 / 64 .. D = 6
MPO site  37 / 64 .. D = 6
MPO site  38 / 64 .. D = 6
MPO site  39 / 64 .. D = 6
MPO site  40 / 64 .. D = 6
MPO site  41 / 64 .. D = 6
MPO site  42 / 64 .. D = 6
MPO site  43 / 64 .. D = 6
MPO site  44 / 64 .. D = 6
MPO site  45 / 64 .. D = 6
MPO site  46 / 64 .. D = 6
MPO site  47 / 64 .. D = 6
MPO site  48 / 64 .. D = 6
MPO site  49 / 64 .. D = 6
MPO site  50 / 64 .. D = 6
MPO site  51 / 64 .. D = 6
MPO site  52 / 64 .. D = 6
MPO site  53 / 64 .. D = 6
MPO site  54 / 64 .. D = 6
MPO site  55 / 64 .. D = 6
MPO site  56 / 64 .. D = 6
MPO site  57 / 64 .. D = 6
MPO site  58 / 64 .. D = 6
MPO site  59 / 64 .. D = 6
MPO site  60 / 64 .. D = 6
MPO site  61 / 64 .. D = 6
MPO site  62 / 64 .. D = 6
MPO site  63 / 64 .. D = 1
  CPMC L=64 U=4 dmrg seed 2234: production MPS-CPMC, walker bond 8, 515 s
    errors of 200 test walkers at 12 frozen bonds and 7 nominal chis (2003 s)
MPO site   0 / 64 .. D = 6
MPO site   1 / 64 .. D = 6
MPO site   2 / 64 .. D = 6
MPO site   3 / 64 .. D = 6
MPO site   4 / 64 .. D = 6
MPO site   5 / 64 .. D = 6
MPO site   6 / 64 .. D = 6
MPO site   7 / 64 .. D = 6
MPO site   8 / 64 .. D = 6
MPO site   9 / 64 .. D = 6
MPO site  10 / 64 .. D = 6
MPO site  11 / 64 .. D = 6
MPO site  12 / 64 .. D = 6
MPO site  13 / 64 .. D = 6
MPO site  14 / 64 .. D = 6
MPO site  15 / 64 .. D = 6
MPO site  16 / 64 .. D = 6
MPO site  17 / 64 .. D = 6
MPO site  18 / 64 .. D = 6
MPO site  19 / 64 .. D = 6
MPO site  20 / 64 .. D = 6
MPO site  21 / 64 .. D = 6
MPO site  22 / 64 .. D = 6
MPO site  23 / 64 .. D = 6
MPO site  24 / 64 .. D = 6
MPO site  25 / 64 .. D = 6
MPO site  26 / 64 .. D = 6
MPO site  27 / 64 .. D = 6
MPO site  28 / 64 .. D = 6
MPO site  29 / 64 .. D = 6
MPO site  30 / 64 .. D = 6
MPO site  31 / 64 .. D = 6
MPO site  32 / 64 .. D = 6
MPO site  33 / 64 .. D = 6
MPO site  34 / 64 .. D = 6
MPO site  35 / 64 .. D = 6
MPO site  36 / 64 .. D = 6
MPO site  37 / 64 .. D = 6
MPO site  38 / 64 .. D = 6
MPO site  39 / 64 .. D = 6
MPO site  40 / 64 .. D = 6
MPO site  41 / 64 .. D = 6
MPO site  42 / 64 .. D = 6
MPO site  43 / 64 .. D = 6
MPO site  44 / 64 .. D = 6
MPO site  45 / 64 .. D = 6
MPO site  46 / 64 .. D = 6
MPO site  47 / 64 .. D = 6
MPO site  48 / 64 .. D = 6
MPO site  49 / 64 .. D = 6
MPO site  50 / 64 .. D = 6
MPO site  51 / 64 .. D = 6
MPO site  52 / 64 .. D = 6
MPO site  53 / 64 .. D = 6
MPO site  54 / 64 .. D = 6
MPO site  55 / 64 .. D = 6
MPO site  56 / 64 .. D = 6
MPO site  57 / 64 .. D = 6
MPO site  58 / 64 .. D = 6
MPO site  59 / 64 .. D = 6
MPO site  60 / 64 .. D = 6
MPO site  61 / 64 .. D = 6
MPO site  62 / 64 .. D = 6
MPO site  63 / 64 .. D = 1
trial saved to /mnt/home/fnappi/trot_mps/trot/gmps/allocation_study_data/trial_cache/L64_n32-32_t1_U4_chi8_sw14_seed0.npz
    gpu frozen   2:    59.727 us/walker-step, compile  64.1 s, vs NumPy 3.2e-01, error gap 1.4e-02   <-- GPU error differs from NumPy's; run allocation_gpu_check.py
    gpu frozen   3:    72.284 us/walker-step, compile  64.1 s, vs NumPy 3.2e-03, error gap 1.1e-01   <-- GPU error differs from NumPy's; run allocation_gpu_check.py
    gpu frozen   4:   103.580 us/walker-step, compile  67.7 s, vs NumPy 2.8e-03, error gap 1.6e-01   <-- GPU error differs from NumPy's; run allocation_gpu_check.py
    gpu frozen   6:   126.319 us/walker-step, compile  63.3 s, vs NumPy 3.4e-07, error gap 5.4e-04   (states differ, errors agree: a nearly tied cut resolved differently)
    gpu frozen   8:   141.515 us/walker-step, compile  67.4 s, vs NumPy 9.7e-08, error gap 3.4e-04   (states differ, errors agree: a nearly tied cut resolved differently)
