job:    7126441 on worker5162
python: /mnt/home/fnappi/.trot312/bin/python allocation_gpu_check.py
args:   --L 12 --U 4 --bonds 2 3 4 --padded 2 3 --unions 2 --check-walkers 8
start:  Mon Sep 28 13:58:46 EDT 2026
MPO site   0 / 4 .. D = 6
MPO site   1 / 4 .. D = 6
MPO site   2 / 4 .. D = 6
MPO site   3 / 4 .. D = 1
env: 3.12.13 jax 0.11.0 trot /mnt/home/fnappi/trot_mps/trot/__init__.py mkl ok, L=4 DMRG -1.9531453087
L=12 U=4 dmrg: plan 35 gates, 8 walkers x 2 spins; backend cpu (cpu)

frozen b=2
   walker     state   err gpu err numpy    dtheta  mode gap    within    across
      0up   1.3e-13  3.03e-02  3.03e-02   5.4e-04   6.3e-13   2.6e-02  -1.2e-02
      0dn   7.8e-06  9.60e-01  9.60e-01   3.9e-03   2.3e-13   2.6e-02  -1.0e+00
      1up   2.8e-11  1.75e-02  1.75e-02   3.6e-04   9.4e-13   1.6e-02  -8.5e-03
      1dn   5.4e-14  8.31e-01  8.31e-01   1.9e-06   2.3e-10   3.3e-03  -1.0e+00
      2up   2.0e-15  1.08e-01  1.08e-01   5.6e-07   1.6e-09   9.9e-01  -5.7e-02
      2dn   1.6e-14  6.03e-01  6.03e-01   3.6e-07   4.1e-10   2.0e-02  -3.2e-01
      3up   2.4e-14  9.80e-04  9.80e-04   3.5e-04   3.5e-13   1.0e+00  -7.0e-04
      3dn   2.5e-04  2.43e-01  2.43e-01   3.1e+00   1.9e-15   8.5e-04  -1.8e-01
      4up   3.9e-13  4.89e-02  4.89e-02   7.3e-05   1.5e-12   2.7e-01  -2.0e-02
      4dn   1.4e-04  2.55e-01  2.55e-01   7.0e-02   4.1e-15   2.5e-02  -7.4e-02
      5up   1.6e-10  2.19e-01  2.19e-01   4.8e-05   1.5e-11   1.2e-02  -9.6e-02
      5dn   5.9e-11  2.72e-03  2.72e-03   1.6e-05   6.9e-12   1.0e+00  -5.9e-04
      6up   9.9e-09  7.81e-01  7.81e-01   5.2e-04   1.1e-13   1.6e-03  -8.4e-01
      6dn   1.2e-11  5.53e-02  5.53e-02   6.7e-05   5.0e-13   5.0e-01  -1.1e-01
      7up   2.4e-12  6.74e-02  6.74e-02   9.2e-06   2.4e-11   2.6e-03  -3.3e-01
      7dn   1.5e-10  9.99e-01  9.99e-01   1.5e-05   1.6e-10   1.4e-03  -1.0e+00
  -> worst state difference 2.5e-04, worst relative error difference 1.0e-03: states differ but their errors agree: near ties resolved differently (not a bug)

frozen b=3
   walker     state   err gpu err numpy    dtheta  mode gap    within    across
      0up   3.3e-13  5.00e-03  5.00e-03   5.4e-04   6.3e-13   5.4e-03  -1.3e-03
      0dn   1.5e-08  3.46e-03  3.46e-03   3.9e-03   2.3e-13   3.5e-05  -4.2e-03
      1up   7.6e-12  2.75e-03  2.75e-03   3.6e-04   9.4e-13   1.5e-04  -1.7e-03
      1dn   6.8e-15  6.92e-03  6.92e-03   1.9e-06   2.3e-10   2.4e-04  -1.4e-03
      2up   1.1e-15  7.78e-03  7.78e-03   5.6e-07   1.6e-09   7.0e-03  -3.7e-03
      2dn   8.9e-16  7.52e-02  7.52e-02   3.6e-07   4.1e-10   3.7e-05  -5.1e-02
      3up   1.4e-15  2.76e-05  2.76e-05   3.5e-04   3.5e-13   2.7e-03  -9.3e-06
      3dn   2.1e-07  8.22e-04  8.21e-04   3.1e+00   1.9e-15   3.1e-07  -6.7e-04
      4up   1.8e-12  3.46e-02  3.46e-02   7.3e-05   1.5e-12   1.5e-02  -3.4e-02
      4dn   7.0e-08  4.34e-02  4.34e-02   7.0e-02   4.1e-15   2.0e-05  -4.3e-02
      5up   1.1e-14  1.44e-04  1.44e-04   4.8e-05   1.5e-11   3.1e-06  -4.0e-05
      5dn   2.7e-14  7.45e-05  7.45e-05   1.6e-05   6.9e-12   1.1e-02   5.2e-09
      6up   8.7e-09  5.00e-02  5.00e-02   5.2e-04   1.1e-13   2.7e-07  -6.9e-02
      6dn   1.3e-12  1.18e-03  1.18e-03   6.7e-05   5.0e-13   1.6e-03  -7.3e-07
      7up   2.2e-15  4.47e-04  4.47e-04   9.2e-06   2.4e-11   4.7e-05  -8.3e-06
      7dn   3.9e-12  1.23e-02  1.23e-02   1.5e-05   1.6e-10   7.7e-07  -8.4e-03
  -> worst state difference 2.1e-07, worst relative error difference 1.2e-03: states differ but their errors agree: near ties resolved differently (not a bug)

frozen b=4
   walker     state   err gpu err numpy    dtheta  mode gap    within    across
      0up   7.8e-16  1.45e-05  1.45e-05   5.4e-04   6.3e-13   9.3e-08  -7.3e-06
      0dn   5.3e-12  1.37e-03  1.37e-03   3.9e-03   2.3e-13   1.5e-09  -5.3e-04
      1up   3.1e-11  2.51e-03  2.51e-03   3.6e-04   9.4e-13   7.8e-09  -2.3e-03
      1dn   8.9e-16  3.95e-03  3.95e-03   1.9e-06   2.3e-10   2.5e-08  -1.4e-03
      2up  -8.9e-16  4.97e-03  4.97e-03   5.6e-07   1.6e-09   1.8e-08  -3.8e-03
      2dn   0.0e+00  4.94e-02  4.94e-02   3.6e-07   4.1e-10   2.7e-06  -5.1e-02
      3up  -6.7e-16  1.12e-05  1.12e-05   3.5e-04   3.5e-13   5.6e-09  -9.8e-06
      3dn   1.9e-07  8.18e-04  8.17e-04   3.1e+00   1.9e-15   5.3e-10  -6.7e-04
      4up   2.2e-12  3.36e-02  3.36e-02   7.3e-05   1.5e-12   2.2e-09  -3.6e-02
      4dn   5.1e-08  4.33e-02  4.33e-02   7.0e-02   4.1e-15   7.3e-10  -4.3e-02
      5up   1.0e-14  8.09e-05  8.09e-05   4.8e-05   1.5e-11   3.6e-09  -4.0e-05
      5dn   6.7e-16  1.60e-06  1.60e-06   1.6e-05   6.9e-12   4.4e-10  -2.1e-07
      6up   8.7e-09  4.98e-02  4.98e-02   5.2e-04   1.1e-13   6.4e-10  -6.9e-02
      6dn   4.1e-14  1.33e-05  1.33e-05   6.7e-05   5.0e-13   7.7e-10  -2.7e-06
      7up  -2.2e-16  3.45e-06  3.45e-06   9.2e-06   2.4e-11   6.1e-09  -1.7e-06
      7dn   3.9e-12  1.21e-02  1.21e-02   1.5e-05   1.6e-10   6.8e-08  -8.4e-03
  -> worst state difference 1.9e-07, worst relative error difference 1.2e-03: states differ but their errors agree: near ties resolved differently (not a bug)

padded chi=2
   walker     state   err gpu err numpy    dtheta  mode gap    within    across
      0up   8.4e-12  3.23e-02  3.23e-02   5.4e-04   6.3e-13   2.6e-02   2.2e-04
      0dn   1.4e-07  2.85e-02  2.86e-02   3.9e-03   2.3e-13   2.5e-02   8.1e-04
      1up   1.7e-09  7.43e-03  7.42e-03   3.6e-04   9.4e-13   1.2e-01   1.9e-04
      1dn   2.7e-15  7.91e-03  7.91e-03   1.9e-06   2.3e-10   2.1e-01   1.5e-04
      2up   2.9e-14  7.20e-02  7.20e-02   5.6e-07   1.6e-09   2.0e-01   1.2e-03
      2dn   1.7e-15  7.05e-02  7.05e-02   3.6e-07   4.1e-10   1.8e-02   7.8e-04
      3up   1.3e-12  9.84e-04  9.84e-04   3.5e-04   3.5e-13   1.0e+00   5.0e-05
      3dn   1.3e-05  9.86e-04  9.79e-04   3.1e+00   1.9e-15   1.0e+00   1.3e-04
      4up   8.6e-11  1.07e-01  1.07e-01   7.3e-05   1.5e-12   1.6e-01   4.4e-03
      4dn   2.4e-07  4.46e-02  4.46e-02   7.0e-02   4.1e-15   2.7e-01   8.6e-04
      5up   7.8e-11  2.89e-03  2.89e-03   4.8e-05   1.5e-11   1.1e-01   2.3e-05
      5dn   5.4e-11  3.19e-03  3.20e-03   1.6e-05   6.9e-12   1.0e+00   2.3e-05
      6up   2.6e-10  1.77e-02  1.77e-02   5.2e-04   1.1e-13   9.4e-01   5.8e-04
      6dn   2.7e-11  2.67e-02  2.67e-02   6.7e-05   5.0e-13   1.0e+00   1.8e-07
      7up   3.2e-14  6.57e-03  6.57e-03   9.2e-06   2.4e-11   1.0e+00   8.2e-05
      7dn   3.9e-12  3.94e-03  3.94e-03   1.5e-05   1.6e-10   3.4e-02   7.1e-05
  -> worst state difference 1.3e-05, worst relative error difference 7.3e-03: states differ but their errors agree: near ties resolved differently (not a bug)

padded chi=3
   walker     state   err gpu err numpy    dtheta  mode gap    within    across
      0up   1.9e-12  5.73e-03  5.73e-03   5.4e-04   6.3e-13   6.6e-03   6.8e-06
      0dn   2.2e-08  1.61e-03  1.61e-03   3.9e-03   2.3e-13   6.5e-03   3.5e-08
      1up   1.5e-11  7.24e-04  7.24e-04   3.6e-04   9.4e-13   1.4e-03   4.4e-08
      1dn   2.8e-15  1.25e-03  1.25e-03   1.9e-06   2.3e-10   1.9e-03   3.2e-07
      2up   5.6e-16  3.73e-03  3.73e-03   5.6e-07   1.6e-09   1.7e-02   2.5e-06
      2dn   2.1e-15  2.76e-02  2.76e-02   3.6e-07   4.1e-10   1.7e-02   5.2e-06
      3up   1.6e-15  2.16e-05  2.16e-05   3.5e-04   3.5e-13   6.8e-04   2.2e-07
      3dn   1.4e-07  2.18e-05  2.16e-05   3.1e+00   1.9e-15   6.8e-04   1.6e-09
      4up   3.2e-13  9.35e-03  9.35e-03   7.3e-05   1.5e-12   6.6e-02   1.6e-06
      4dn   2.8e-06  9.33e-03  9.31e-03   7.0e-02   4.1e-15   6.4e-02   2.5e-08
      5up   1.4e-14  7.97e-05  7.97e-05   4.8e-05   1.5e-11   1.1e-02   5.7e-09
      5dn   2.7e-14  7.45e-05  7.45e-05   1.6e-05   6.9e-12   1.1e-02   5.2e-09
      6up   6.8e-10  1.33e-03  1.33e-03   5.2e-04   1.1e-13   1.6e-03   8.2e-10
      6dn   1.3e-12  1.18e-03  1.18e-03   6.7e-05   5.0e-13   6.1e-03  -7.3e-07
      7up   1.7e-15  4.36e-04  4.36e-04   9.2e-06   2.4e-11   5.2e-05   1.6e-07
      7dn   4.3e-14  4.90e-04  4.90e-04   1.5e-05   1.6e-10   5.2e-05   5.6e-08
  -> worst state difference 2.8e-06, worst relative error difference 8.4e-03: states differ but their errors agree: near ties resolved differently (not a bug)

union chi=2
   walker     state   err gpu err numpy    dtheta  mode gap    within    across
      0up   3.5e-13  5.09e-03  5.09e-03   5.4e-04   6.3e-13   6.8e-05  -1.3e-03
      0dn   1.5e-08  2.13e-03  2.12e-03   3.9e-03   2.3e-13   3.5e-05  -4.2e-03
      1up   6.9e-12  2.71e-03  2.71e-03   3.6e-04   9.4e-13   1.5e-04  -1.7e-03
      1dn   6.2e-15  2.99e-03  2.99e-03   1.9e-06   2.3e-10   1.5e-04  -1.1e-03
      2up   1.1e-16  7.44e-03  7.44e-03   5.6e-07   1.6e-09   3.4e-05  -3.7e-03
      2dn   1.4e-15  2.78e-02  2.78e-02   3.6e-07   4.1e-10   3.7e-05  -2.1e-03
      3up   1.0e-15  2.76e-05  2.76e-05   3.5e-04   3.5e-13   9.2e-07  -9.3e-06
      3dn   1.1e-07  2.75e-05  2.74e-05   3.1e+00   1.9e-15   3.1e-07  -8.4e-06
      4up   1.8e-12  3.46e-02  3.46e-02   7.3e-05   1.5e-12   1.9e-05  -3.4e-02
      4dn   8.4e-04  3.46e-02  3.48e-02   7.0e-02   4.1e-15   2.0e-05  -2.5e-02
      5up   1.8e-14  7.93e-05  7.93e-05   4.8e-05   1.5e-11   3.1e-06  -1.8e-05
      5dn   2.7e-14  7.43e-05  7.43e-05   1.6e-05   6.9e-12   3.2e-06  -2.8e-05
      6up   5.4e-11  1.17e-03  1.17e-03   5.2e-04   1.1e-13   2.5e-07  -4.6e-04
      6dn   1.3e-12  1.18e-03  1.18e-03   6.7e-05   5.0e-13   2.5e-07  -3.7e-04
      7up   1.0e-15  4.47e-04  4.47e-04   9.2e-06   2.4e-11   2.7e-07  -9.8e-05
      7dn   4.2e-14  4.11e-04  4.11e-04   1.5e-05   1.6e-10   7.7e-07  -1.5e-04
  -> worst state difference 8.4e-04, worst relative error difference 6.2e-03: states differ but their errors agree: near ties resolved differently (not a bug)
finish: Mon Sep 28 13:59:45 EDT 2026  rc=0
