job:    7126438 on worker5161
python: /mnt/home/fnappi/.trot312/bin/python allocation_study.py
args:   --report --L 8 12 --U 4
start:  Mon Sep 28 13:58:23 EDT 2026
MPO site   0 / 4 .. D = 6
MPO site   1 / 4 .. D = 6
MPO site   2 / 4 .. D = 6
MPO site   3 / 4 .. D = 1
env: 3.12.13 jax 0.11.0 trot /mnt/home/fnappi/trot_mps/trot/__init__.py mkl ok, L=4 DMRG -1.9531453087

== L=8 U=4 trial=dmrg (trial chi 8): trot CPMC, DMRG trial exact in the determinant basis; 200 test walkers

  cheapest configuration reaching median 1-F <= target; cost = largest bond
    target           frozen           padded            union   best
     1e-02           3 (b3)       <=4 (chi2)       <=4 (chi2)   frozen (1.33x cheaper than the next)
     1e-03           3 (b3)         6 (chi3)       <=4 (chi2)   frozen (1.33x cheaper than the next)
     1e-04           4 (b4)         6 (chi3)         6 (chi3)   frozen (1.50x cheaper than the next)
     1e-05           6 (b6)         6 (chi4)         6 (chi3)   tie: frozen, padded, union (within 5%)
     1e-06           6 (b6)         6 (chi4)         6 (chi3)   tie: frozen, padded, union (within 5%)
     1e-07           6 (b6)         9 (chi6)         6 (chi3)   tie: frozen, union (within 5%)
     1e-08           6 (b6)         9 (chi6)         6 (chi3)   tie: frozen, union (within 5%)

  cheapest configuration reaching median 1-F <= target; cost = sum over gates of bond^3
    target           frozen           padded            union   best
     1e-02         299 (b3)     <=336 (chi2)     <=336 (chi2)   frozen (1.12x cheaper than the next)
     1e-03         299 (b3)      1240 (chi3)     <=336 (chi2)   frozen (1.12x cheaper than the next)
     1e-04         632 (b4)      1240 (chi3)      1240 (chi3)   frozen (1.96x cheaper than the next)
     1e-05        1240 (b6)      1240 (chi4)      1240 (chi3)   tie: frozen, padded, union (within 5%)
     1e-06        1240 (b6)      1240 (chi4)      1240 (chi3)   tie: frozen, padded, union (within 5%)
     1e-07        1240 (b6)      2303 (chi6)      1240 (chi3)   tie: frozen, union (within 5%)
     1e-08        1240 (b6)      2303 (chi6)      1240 (chi3)   tie: frozen, union (within 5%)

  cheapest configuration reaching median 1-F <= target; cost = GPU us per walker-step (NVIDIA A100-SXM4-80GB)
    target           frozen           padded            union   best
     1e-02       4.249 (b3)    <=4.84 (chi2)   <=4.325 (chi2)   tie: frozen, union (within 5%)
     1e-03       4.249 (b3)     6.047 (chi3)   <=4.325 (chi2)   tie: frozen, union (within 5%)
     1e-04      5.098 (b16)     6.047 (chi3)     5.06 (chi16)   tie: union, frozen (within 5%)
     1e-05      5.098 (b16)     6.253 (chi4)     5.06 (chi16)   tie: union, frozen (within 5%)
     1e-06      5.098 (b16)     6.253 (chi4)     5.06 (chi16)   tie: union, frozen (within 5%)
     1e-07      5.098 (b16)     6.481 (chi6)     5.06 (chi16)   tie: union, frozen (within 5%)
     1e-08      5.098 (b16)     6.481 (chi6)     5.06 (chi16)   tie: union, frozen (within 5%)

  GPU conversions vs NumPy gmps: largest state infidelity 7.8e-16

== L=12 U=4 trial=dmrg (trial chi 8): trot CPMC, DMRG trial exact in the determinant basis; 200 test walkers

  cheapest configuration reaching median 1-F <= target; cost = largest bond
    target           frozen           padded            union   best
     1e-02           3 (b3)       <=4 (chi2)       <=4 (chi2)   frozen (1.33x cheaper than the next)
     1e-03           3 (b3)         7 (chi3)       <=4 (chi2)   frozen (1.33x cheaper than the next)
     1e-04           6 (b6)         8 (chi4)         7 (chi3)   frozen (1.17x cheaper than the next)
     1e-05           6 (b6)         8 (chi4)         7 (chi3)   frozen (1.17x cheaper than the next)
     1e-06           6 (b6)        10 (chi6)         7 (chi3)   frozen (1.17x cheaper than the next)
     1e-07           6 (b6)        10 (chi6)         7 (chi3)   frozen (1.17x cheaper than the next)
     1e-08           8 (b8)        12 (chi8)        10 (chi6)   frozen (1.25x cheaper than the next)

  cheapest configuration reaching median 1-F <= target; cost = sum over gates of bond^3
    target           frozen           padded            union   best
     1e-02         736 (b3)    <=1032 (chi2)    <=1032 (chi2)   frozen (1.40x cheaper than the next)
     1e-03         736 (b3)      3940 (chi3)    <=1032 (chi2)   frozen (1.40x cheaper than the next)
     1e-04        3904 (b6)      4877 (chi4)      3940 (chi3)   tie: frozen, union (within 5%)
     1e-05        3904 (b6)      4877 (chi4)      3940 (chi3)   tie: frozen, union (within 5%)
     1e-06        3904 (b6)      9898 (chi6)      3940 (chi3)   tie: frozen, union (within 5%)
     1e-07        3904 (b6)      9898 (chi6)      3940 (chi3)   tie: frozen, union (within 5%)
     1e-08        8344 (b8)  1.43e+04 (chi8)      9898 (chi6)   frozen (1.19x cheaper than the next)

  cheapest configuration reaching median 1-F <= target; cost = GPU us per walker-step (NVIDIA A100-SXM4-80GB)
    target           frozen           padded            union   best
     1e-02       8.881 (b3)   <=10.24 (chi2)   <=9.024 (chi2)   tie: frozen, union (within 5%)
     1e-03       8.881 (b3)     13.96 (chi3)   <=9.024 (chi2)   tie: frozen, union (within 5%)
     1e-04       13.23 (b6)     14.71 (chi4)     13.28 (chi3)   tie: frozen, union (within 5%)
     1e-05       13.23 (b6)     14.71 (chi4)     13.28 (chi3)   tie: frozen, union (within 5%)
     1e-06       13.23 (b6)     14.73 (chi6)     13.28 (chi3)   tie: frozen, union (within 5%)
     1e-07       13.23 (b6)     14.73 (chi6)     13.28 (chi3)   tie: frozen, union (within 5%)
     1e-08       13.61 (b8)     15.28 (chi8)     14.01 (chi8)   tie: frozen, union (within 5%)

  GPU conversions vs NumPy gmps: largest state infidelity 2.8e-01   <-- check before trusting the GPU costs (allocation_gpu_check.py)
  could not draw /mnt/home/fnappi/trot_mps/trot/gmps/allocation_study_data/allocation_L8_U4_dmrg.png: RuntimeError: FT_Render_Glyph (ft2font_wrapper.cpp line 1934) failed with error 0x62: raster overflow
  could not draw /mnt/home/fnappi/trot_mps/trot/gmps/allocation_study_data/allocation_L12_U4_dmrg.png: RuntimeError: FT_Render_Glyph (ft2font_wrapper.cpp line 1934) failed with error 0x62: raster overflow
finish: Mon Sep 28 13:58:56 EDT 2026  rc=0
