
Currently Loaded Modules:
  1) modules/2.5-beta2 (S)   2) python/3.12.13   3) cuda/13.3.0

  Where:
   S:  Module is Sticky, requires --force to unload or purge

 

job:    7107161 on workergpu067
python: /mnt/home/fnappi/.trot312/bin/python gpu_linalg_bench.py
args:   
start:  Fri Sep 25 13:09:02 EDT 2026
NVIDIA A100-SXM4-80GB, 580.178.04, 81920 MiB
MPO site   0 / 4 .. D = 6
MPO site   1 / 4 .. D = 6
MPO site   2 / 4 .. D = 6
MPO site   3 / 4 .. D = 1
env: 3.12.13 jax 0.11.0 device NVIDIA A100-SXM4-80GB MIG 2g.20gb memory 18845007872 L=4 DMRG -1.9531453087
jax 0.11.0, backend gpu, device NVIDIA A100-SXM4-80GB MIG 2g.20gb, memory limit 18.8 GB

           op    n    us/mat@1000   us/mat@10000  us/mat@100000   verdict   custom calls
         eigh    4          0.277          0.156          0.111   batched   cusolver_syevd_ffi
         eigh    8          0.782          0.334          0.269   batched   cusolver_syevd_ffi
         eigh   16          1.188          0.612              -   batched   cusolver_syevd_ffi
         eigh   24          3.717          2.897              -   LOOPED    cusolver_syevd_ffi
         eigh   32          4.608          3.751              -   LOOPED    cusolver_syevd_ffi
         eigh   40         12.027              -              -   ?         cusolver_syevd_ffi
         eigh   48         15.095              -              -   ?         cusolver_syevd_ffi
         eigh   64         21.836              -              -   ?         cusolver_syevd_ffi
         eigh   96         53.969              -              -   ?         cusolver_syevd_ffi

           qr    4          0.157          0.076          0.022   batched   cusolver_geqrf_ffi,cusolver_orgqr_ffi
           qr    8          0.446          0.195          0.133   batched   cusolver_geqrf_ffi,cusolver_orgqr_ffi
           qr   16          1.594          0.946              -   batched   cusolver_geqrf_ffi,cusolver_orgqr_ffi
           qr   24          4.193          3.189              -   LOOPED    cusolver_geqrf_ffi,cusolver_orgqr_ffi
           qr   32          8.220          6.968              -   LOOPED    cusolver_geqrf_ffi,cusolver_orgqr_ffi
           qr   40         17.257              -              -   ?         cusolver_geqrf_ffi,cusolver_orgqr_ffi
           qr   48         27.403              -              -   ?         cusolver_geqrf_ffi,cusolver_orgqr_ffi
           qr   64         67.112              -              -   ?         cusolver_geqrf_ffi,cusolver_orgqr_ffi
           qr   96        103.032              -              -   ?         cusolver_geqrf_ffi,cusolver_orgqr_ffi

 cholesky_qr2    4          0.701          0.062          0.046   batched   __cublas$triangularSolve,cusolver_potrf_ffi
 cholesky_qr2    8          0.535          0.176          0.114   batched   __cublas$triangularSolve,cusolver_potrf_ffi
 cholesky_qr2   16          0.467          0.386              -   batched   __cublas$triangularSolve,cusolver_potrf_ffi
 cholesky_qr2   24          1.302          0.910              -   batched   __cublas$triangularSolve,cusolver_potrf_ffi
 cholesky_qr2   32          2.044          1.478              -   batched   __cublas$triangularSolve,cusolver_potrf_ffi
 cholesky_qr2   40          3.134              -              -   ?         __cublas$triangularSolve,cusolver_potrf_ffi
 cholesky_qr2   48          4.146              -              -   ?         __cublas$triangularSolve,cusolver_potrf_ffi
 cholesky_qr2   64          7.426              -              -   ?         __cublas$triangularSolve,cusolver_potrf_ffi
 cholesky_qr2   96         16.816              -              -   ?         __cublas$triangularSolve,cusolver_potrf_ffi

     cholesky    4          0.498          0.040          0.022   batched   cusolver_potrf_ffi
     cholesky    8          0.544          0.062          0.034   batched   cusolver_potrf_ffi
     cholesky   16          0.457          0.105              -   batched   cusolver_potrf_ffi
     cholesky   24          0.639          0.201              -   batched   cusolver_potrf_ffi
     cholesky   32          0.741          0.266              -   batched   cusolver_potrf_ffi
     cholesky   40          0.906              -              -   ?         cusolver_potrf_ffi
     cholesky   48          1.072              -              -   ?         cusolver_potrf_ffi
     cholesky   64          1.288              -              -   ?         cusolver_potrf_ffi
     cholesky   96          2.500              -              -   ?         cusolver_potrf_ffi

          det    4          0.356          0.048          0.010   batched   cusolver_getrf_ffi
          det    8          0.384          0.055          0.018   batched   cusolver_getrf_ffi
          det   16          0.558          0.087              -   batched   cusolver_getrf_ffi
          det   24          0.180          0.171              -   batched   cusolver_getrf_ffi
          det   32          0.774          0.258              -   batched   cusolver_getrf_ffi
          det   40          1.209              -              -   ?         cusolver_getrf_ffi
          det   48          1.681              -              -   ?         cusolver_getrf_ffi
          det   64          2.561              -              -   ?         cusolver_getrf_ffi
          det   96          4.970              -              -   ?         cusolver_getrf_ffi

       matmul    4          0.410          0.067          0.008   batched   
       matmul    8          0.577          0.074          0.008   batched   
       matmul   16          0.576          0.050              -   batched   
       matmul   24          0.533          0.078              -   batched   
       matmul   32          0.632          0.094              -   batched   
       matmul   40          0.514              -              -   ?         
       matmul   48          0.705              -              -   ?         
       matmul   64          0.693              -              -   ?         
       matmul   96          1.225              -              -   ?         

  gram_factor    4          0.267          0.160          0.116   batched   cusolver_syevd_ffi
  gram_factor    8          0.829          0.354          0.285   batched   cusolver_syevd_ffi
  gram_factor   16          1.296          0.650              -   batched   cusolver_syevd_ffi
  gram_factor   24          3.876          2.974              -   LOOPED    cusolver_syevd_ffi
  gram_factor   32          4.645          3.862              -   LOOPED    cusolver_syevd_ffi
  gram_factor   40         12.612              -              -   ?         cusolver_syevd_ffi
  gram_factor   48         15.680              -              -   ?         cusolver_syevd_ffi
  gram_factor   64         22.691              -              -   ?         cusolver_syevd_ffi
  gram_factor   96         57.798              -              -   ?         cusolver_syevd_ffi

wrote 112 records to gpu_linalg_bench.jsonl
finish: Fri Sep 25 13:10:08 EDT 2026  rc=0
