job:    7104953 on worker5161
python: /mnt/home/fnappi/.trot_venv/bin/python dmrg_reference.py
args:   --L 32 --U 4 --chi 200 --out sweep_T8/reference.jsonl
start:  Thu Sep 24 22:38:43 EDT 2026
MPO site   0 / 4 .. D = 6
MPO site   1 / 4 .. D = 6
MPO site   2 / 4 .. D = 6
MPO site   3 / 4 .. D = 1
env: 3.11.11 jax 0.4.28 trot /mnt/home/fnappi/trot_mps/trot/__init__.py mkl ok, L=4 DMRG -1.9531453087
MPO site   0 / 32 .. D = 6
MPO site   1 / 32 .. D = 6
MPO site   2 / 32 .. D = 6
MPO site   3 / 32 .. D = 6
MPO site   4 / 32 .. D = 6
MPO site   5 / 32 .. D = 6
MPO site   6 / 32 .. D = 6
MPO site   7 / 32 .. D = 6
MPO site   8 / 32 .. D = 6
MPO site   9 / 32 .. D = 6
MPO site  10 / 32 .. D = 6
MPO site  11 / 32 .. D = 6
MPO site  12 / 32 .. D = 6
MPO site  13 / 32 .. D = 6
MPO site  14 / 32 .. D = 6
MPO site  15 / 32 .. D = 6
MPO site  16 / 32 .. D = 6
MPO site  17 / 32 .. D = 6
MPO site  18 / 32 .. D = 6
MPO site  19 / 32 .. D = 6
MPO site  20 / 32 .. D = 6
MPO site  21 / 32 .. D = 6
MPO site  22 / 32 .. D = 6
MPO site  23 / 32 .. D = 6
MPO site  24 / 32 .. D = 6
MPO site  25 / 32 .. D = 6
MPO site  26 / 32 .. D = 6
MPO site  27 / 32 .. D = 6
MPO site  28 / 32 .. D = 6
MPO site  29 / 32 .. D = 6
MPO site  30 / 32 .. D = 6
MPO site  31 / 32 .. D = 1
{"L": 32, "U": 4.0, "chi": 200, "sweeps": 20, "e_davidson": -17.994578177679, "e_variational": -17.994578159186254, "bond_dims": [1, 4, 16, 64, 185, 200, 200, 200, 200, 200, 200, 200, 200, 200, 200, 200, 200, 200, 200, 200, 200, 200, 200, 200, 200, 200, 200, 200, 185, 64, 16, 4], "seconds": 252.53484058380127}
finish: Thu Sep 24 22:43:10 EDT 2026  rc=0
