job:    7105286 on worker5161
python: /mnt/home/fnappi/.trot312/bin/python dmrg_reference.py
args:   --L 8 --U 4 --chi 20 --out envtest.jsonl
start:  Fri Sep 25 00:16:46 EDT 2026
MPO site   0 / 4 .. D = 6
MPO site   1 / 4 .. D = 6
MPO site   2 / 4 .. D = 6
MPO site   3 / 4 .. D = 1
Jax plugin configuration error: Exception when calling jax_plugins.xla_cuda13.initialize()
Traceback (most recent call last):
  File "/mnt/sw/nix/store/ycrdfihiy2mn42qmbp2cdj4k54j0s4mn-python-3.12.13-view/lib/python3.12/site-packages/jax_plugins/xla_cuda13/__init__.py", line 201, in _version_check
    version = get_version()
              ^^^^^^^^^^^^^
RuntimeError: jaxlib/cuda/versions_helpers.cc:52: operation cuptiGetVersion(&version) failed: Unknown CUPTI error 999. This probably means that JAX was unable to load cupti.

The above exception was the direct cause of the following exception:

Traceback (most recent call last):
  File "/mnt/sw/nix/store/ycrdfihiy2mn42qmbp2cdj4k54j0s4mn-python-3.12.13-view/lib/python3.12/site-packages/jax/_src/xla_bridge.py", line 495, in discover_pjrt_plugins
    plugin_module.initialize()
  File "/mnt/sw/nix/store/ycrdfihiy2mn42qmbp2cdj4k54j0s4mn-python-3.12.13-view/lib/python3.12/site-packages/jax_plugins/xla_cuda13/__init__.py", line 370, in initialize
    _check_cuda_versions(raise_on_first_error = True)
  File "/mnt/sw/nix/store/ycrdfihiy2mn42qmbp2cdj4k54j0s4mn-python-3.12.13-view/lib/python3.12/site-packages/jax_plugins/xla_cuda13/__init__.py", line 258, in _check_cuda_versions
    _version_check("cuPTI", cuda_versions.cupti_get_version,
  File "/mnt/sw/nix/store/ycrdfihiy2mn42qmbp2cdj4k54j0s4mn-python-3.12.13-view/lib/python3.12/site-packages/jax_plugins/xla_cuda13/__init__.py", line 205, in _version_check
    raise RuntimeError(err_msg) from e
RuntimeError: Unable to load cuPTI. Is it installed?
env: 3.12.13 jax 0.11.0 trot /mnt/home/fnappi/trot_mps/trot/__init__.py mkl ok, L=4 DMRG -1.9531453087
MPO site   0 / 8 .. D = 6
MPO site   1 / 8 .. D = 6
MPO site   2 / 8 .. D = 6
MPO site   3 / 8 .. D = 6
MPO site   4 / 8 .. D = 6
MPO site   5 / 8 .. D = 6
MPO site   6 / 8 .. D = 6
MPO site   7 / 8 .. D = 1
Jax plugin configuration error: Exception when calling jax_plugins.xla_cuda13.initialize()
Traceback (most recent call last):
  File "/mnt/sw/nix/store/ycrdfihiy2mn42qmbp2cdj4k54j0s4mn-python-3.12.13-view/lib/python3.12/site-packages/jax_plugins/xla_cuda13/__init__.py", line 201, in _version_check
    version = get_version()
              ^^^^^^^^^^^^^
RuntimeError: jaxlib/cuda/versions_helpers.cc:52: operation cuptiGetVersion(&version) failed: Unknown CUPTI error 999. This probably means that JAX was unable to load cupti.

The above exception was the direct cause of the following exception:

Traceback (most recent call last):
  File "/mnt/sw/nix/store/ycrdfihiy2mn42qmbp2cdj4k54j0s4mn-python-3.12.13-view/lib/python3.12/site-packages/jax/_src/xla_bridge.py", line 495, in discover_pjrt_plugins
    plugin_module.initialize()
  File "/mnt/sw/nix/store/ycrdfihiy2mn42qmbp2cdj4k54j0s4mn-python-3.12.13-view/lib/python3.12/site-packages/jax_plugins/xla_cuda13/__init__.py", line 370, in initialize
    _check_cuda_versions(raise_on_first_error = True)
  File "/mnt/sw/nix/store/ycrdfihiy2mn42qmbp2cdj4k54j0s4mn-python-3.12.13-view/lib/python3.12/site-packages/jax_plugins/xla_cuda13/__init__.py", line 258, in _check_cuda_versions
    _version_check("cuPTI", cuda_versions.cupti_get_version,
  File "/mnt/sw/nix/store/ycrdfihiy2mn42qmbp2cdj4k54j0s4mn-python-3.12.13-view/lib/python3.12/site-packages/jax_plugins/xla_cuda13/__init__.py", line 205, in _version_check
    raise RuntimeError(err_msg) from e
RuntimeError: Unable to load cuPTI. Is it installed?
{"L": 8, "U": 4.0, "chi": 20, "sweeps": 20, "e_davidson": -4.235099566549816, "e_variational": -4.23449944834922, "bond_dims": [1, 4, 16, 20, 20, 20, 16, 4], "seconds": 4.861375093460083}
finish: Fri Sep 25 00:17:25 EDT 2026  rc=0
