jax 0.11.0, backend gpu, device NVIDIA A100-SXM4-80GB; linalg=batched, walker_qr=cholesky, energy=blocked
L=32 (16,16), U=4.0
trial loaded from /mnt/home/fnappi/trot_mps/trot/gmps/trial_cache/L32_n16-16_t1_U4_chi8_sw20_seed0.npz
DMRG Davidson energy=-17.852400823832; dense-MPS expectation=-17.847729809103
trial bonds: [1, 4, 8, 8, 8, 8, 8, 8, 8, 8, 8, 8, 8, 8, 8, 8, 8, 8, 8, 8, 8, 8, 8, 8, 8, 8, 8, 8, 8, 8, 8, 4, 1]
H|trial> compressed bonds (charge-labelled): [1, 4, 16, 38, 38, 38, 38, 38, 38, 38, 35, 35, 35, 35, 35, 35, 35, 35, 35, 35, 35, 35, 35, 38, 38, 38, 38, 38, 38, 38, 16, 4, 1]
trial natural orbitals: alpha gap n_N - n_N+1 = 0.503
plan reference: natural determinant; gates 135, 135
walkers start from the natural determinant, E=-9.707584378209; orbital-plan infidelity 7.2e-10, 7.2e-10
walker truncation reference discarded weights: 2.671e-04, 2.671e-04
walker channel bonds: [1, 2, 4, 4, 4, 4, 4, 4, 4, 4, 4, 4, 4, 4, 4, 4, 4, 4, 4, 4, 4, 4, 4, 4, 4, 4, 4, 4, 4, 4, 4, 2, 1]
conversion circuit: {'spins': 2, 'ops': 295, 'gates': 135, 'moves': 160, 'closed_form_batches': 395, 'qr_calls': 129, 'eigh_calls': 75, 'max_qr': 3, 'max_eigh': 3, 'eigh_over_32': 0, 'max_bond': 4}; spin-batched=True
overlap plan: {'exact_entries': 532, 'padded_entries': 1570, 'transitions': 552, 'env_entries': 1570, 'contraction_fma': 25184, 'max_pads': (2, 2, 2)}
energy plan:  {'exact_entries': 1956, 'padded_entries': 7102, 'transitions': 740, 'env_entries': 7102, 'contraction_fma': 209728, 'max_pads': (2, 2, 7)}
memory model: {'step_bytes_per_walker': 164224, 'energy_bytes_per_walker': 257312, 'data_bytes': 292336}; device limit 76764151808; n_chunks 1 (energy 1)
initial overlap 2.980197e-01, local energy -18.0237907968 (23.6 s incl. compile)
self-check vs NumPy channel_mps: relative error alpha 1.4e-14, beta 5.9e-14
compiled run_blocks (20 blocks) in 52.8 s; memory {'temp_bytes': 114444776, 'argument_bytes': 17102352, 'output_bytes': 16810424}
[eql   20/260]  E_chunk -17.9486690796  W 2.043046e+03  nodes          0  t     28.0 s
[eql   40/260]  E_chunk -17.9574404572  W 2.050661e+03  nodes          0  t     55.5 s
[eql   60/260]  E_chunk -17.9628513092  W 2.051738e+03  nodes          2  t     83.0 s
[blk   80/260]  E_chunk -17.9631358085  W 2.051829e+03  nodes          2  t    110.4 s
[blk  100/260]  E_chunk -17.9719103863  W 2.052646e+03  nodes          2  t    137.9 s
[blk  120/260]  E_chunk -17.9655415229  W 2.052345e+03  nodes          2  t    165.4 s
[blk  140/260]  E_chunk -17.9664840842  W 2.051791e+03  nodes          3  t    192.8 s
[blk  160/260]  E_chunk -17.9632902425  W 2.051978e+03  nodes          3  t    220.3 s
[blk  180/260]  E_chunk -17.9709988337  W 2.053526e+03  nodes          4  t    247.7 s
[blk  200/260]  E_chunk -17.9650035456  W 2.052027e+03  nodes          4  t    275.2 s
[blk  220/260]  E_chunk -17.9746759433  W 2.054224e+03  nodes          4  t    302.7 s
[blk  240/260]  E_chunk -17.9783829609  W 2.052997e+03  nodes          4  t    330.1 s
[blk  260/260]  E_chunk -17.9758216526  W 2.053384e+03  nodes          4  t    357.6 s
throughput 29783.7 walker-steps/s over 357.6 s (compile excluded)

Rejected 0 outlier blocks.

Final blocking analysis:
mu: -17.96952611392851  SE*: 0.001312294016811928  95% CI: (-17.972098210201466, -17.96695401765556)

Blocking SE curve (ratio LOO):
      B      G             SE   SE/SE(B=1)
      1    200   4.934660e-04        1.000
      2    100   6.803278e-04        1.379
      3     66   8.201393e-04        1.662
      4     50   9.247796e-04        1.874
      5     40   1.026381e-03        2.080
      6     33   1.086531e-03        2.202
      7     28   1.233474e-03        2.500
      8     25   1.220053e-03        2.472
*     9     22   1.312294e-03        2.659
     10     20   1.367495e-03        2.771

CPMC energy = -17.969526113928513 +/- 0.0013122940168119278; elapsed=411.2 s
